=== Top-150, importance-weighted season prior (weights = games x LEVEL^p, LEVEL = ADP-implied PPG) ===
  2019: samples so far 1946
  2020: samples so far 4039
  2021: samples so far 6624
  2022: samples so far 9329
  2023: samples so far 12576
  2024: samples so far 15995
  2025: samples so far 19064
  skipped: {'weekly': 385, 'team': 251}

--- LOYO, importance-weighted MSE vs Clay (negative = ours better); tiers top 60 / 61-100 / 101-150 / top 150 ---
  shadow v2.15 (plain fit, a=.5)           top 60:  +6.38% (2/7) [vs v2.15 +0.00%] | ADP 61-100:  +0.70% (4/7) [vs v2.15 +0.00%] | ADP 101-150:  -2.68% (3/7) [vs v2.15 +0.00%] | top 150:  +3.99% (3/7) [vs v2.15 +0.00%]
  hand prior alone                         top 60: +15.62% (1/7) [vs v2.15 +8.68%] | ADP 61-100:  +7.50% (2/7) [vs v2.15 +6.75%] | ADP 101-150:  +5.62% (1/7) [vs v2.15 +8.53%] | top 150: +12.64% (1/7) [vs v2.15 +8.32%]
  ridge alone (plain fit)                  top 60:  +5.75% (2/7) [vs v2.15 -0.59%] | ADP 61-100:  +0.80% (4/7) [vs v2.15 +0.09%] | ADP 101-150:  +0.81% (4/7) [vs v2.15 +3.59%] | top 150:  +4.11% (2/7) [vs v2.15 +0.12%]
  ridge, weights LEVEL^1, a=0.5            top 60:  +6.34% (2/7) [vs v2.15 -0.04%] | ADP 61-100:  +0.56% (4/7) [vs v2.15 -0.14%] | ADP 101-150:  -2.20% (3/7) [vs v2.15 +0.49%] | top 150:  +4.00% (3/7) [vs v2.15 +0.01%]
  ridge, weights LEVEL^1, a=0.75           top 60:  +4.61% (3/7) [vs v2.15 -1.67%] | ADP 61-100:  -0.26% (5/7) [vs v2.15 -0.96%] | ADP 101-150:  -1.65% (4/7) [vs v2.15 +1.06%] | top 150:  +2.78% (3/7) [vs v2.15 -1.16%]
  ridge, weights LEVEL^1, a=1.0            top 60:  +4.82% (3/7) [vs v2.15 -1.47%] | ADP 61-100:  +0.68% (4/7) [vs v2.15 -0.03%] | ADP 101-150:  +1.89% (4/7) [vs v2.15 +4.70%] | top 150:  +3.63% (2/7) [vs v2.15 -0.35%]
  ridge, weights LEVEL^2, a=0.5            top 60:  +6.19% (2/7) [vs v2.15 -0.18%] | ADP 61-100:  +0.33% (4/7) [vs v2.15 -0.37%] | ADP 101-150:  -1.38% (3/7) [vs v2.15 +1.34%] | top 150:  +3.99% (3/7) [vs v2.15 +0.00%]
  ridge, weights LEVEL^2, a=0.75           top 60:  +4.34% (3/7) [vs v2.15 -1.92%] | ADP 61-100:  -0.32% (5/7) [vs v2.15 -1.02%] | ADP 101-150:  -0.06% (4/7) [vs v2.15 +2.69%] | top 150:  +2.83% (3/7) [vs v2.15 -1.11%]
  ridge, weights LEVEL^2, a=1.0            top 60:  +4.40% (3/7) [vs v2.15 -1.87%] | ADP 61-100:  +0.99% (4/7) [vs v2.15 +0.29%] | ADP 101-150:  +4.46% (3/7) [vs v2.15 +7.34%] | top 150:  +3.79% (3/7) [vs v2.15 -0.19%]
  ridge, weights LEVEL^3, a=0.5            top 60:  +5.94% (2/7) [vs v2.15 -0.42%] | ADP 61-100:  +0.14% (4/7) [vs v2.15 -0.56%] | ADP 101-150:  -0.02% (3/7) [vs v2.15 +2.74%] | top 150:  +3.99% (3/7) [vs v2.15 -0.00%]
  ridge, weights LEVEL^3, a=0.75           top 60:  +4.27% (4/7) [vs v2.15 -1.99%] | ADP 61-100:  +0.09% (5/7) [vs v2.15 -0.61%] | ADP 101-150:  +2.89% (3/7) [vs v2.15 +5.72%] | top 150:  +3.30% (3/7) [vs v2.15 -0.66%]
  ridge, weights LEVEL^3, a=1.0            top 60:  +4.71% (4/7) [vs v2.15 -1.58%] | ADP 61-100:  +2.46% (2/7) [vs v2.15 +1.74%] | ADP 101-150:  +9.61% (3/7) [vs v2.15 +12.63%] | top 150:  +5.03% (3/7) [vs v2.15 +1.00%]
  ridge, top-150 rows only x LEVEL^2, a=0.5 top 60:  +6.66% (2/7) [vs v2.15 +0.26%] | ADP 61-100:  -0.40% (4/7) [vs v2.15 -1.09%] | ADP 101-150:  -1.78% (5/7) [vs v2.15 +0.93%] | top 150:  +4.11% (3/7) [vs v2.15 +0.11%]
  ridge, top-150 rows only x LEVEL^2, a=0.75 top 60:  +5.77% (3/7) [vs v2.15 -0.58%] | ADP 61-100:  -0.59% (4/7) [vs v2.15 -1.29%] | ADP 101-150:  +0.81% (5/7) [vs v2.15 +3.59%] | top 150:  +3.87% (3/7) [vs v2.15 -0.12%]
  ridge, top-150 rows only x LEVEL^2, a=1.0 top 60:  +7.27% (3/7) [vs v2.15 +0.83%] | ADP 61-100:  +1.72% (2/7) [vs v2.15 +1.01%] | ADP 101-150:  +7.60% (2/7) [vs v2.15 +10.57%] | top 150:  +6.31% (3/7) [vs v2.15 +2.23%]
  0.5 shadow v2.15 + 0.5 Clay (info)       top 60:  -1.75% (4/7) [vs v2.15 -7.64%] | ADP 61-100:  -4.93% (6/7) [vs v2.15 -5.59%] | ADP 101-150:  -6.29% (5/7) [vs v2.15 -3.70%] | top 150:  -3.01% (5/7) [vs v2.15 -6.73%]

--- FORWARD 2021-25 (fit on earlier seasons only), importance-weighted MSE vs Clay ---
  forward shadow v2.15 (plain, a=.5)       top 60:  +4.63% (2/5) [vs v2.15 +0.00%] | ADP 61-100:  -1.98% (2/5) [vs v2.15 +0.00%] | ADP 101-150:  -6.21% (4/5) [vs v2.15 +0.00%] | top 150:  +1.73% (2/5) [vs v2.15 +0.00%]
  forward ridge alone (plain)              top 60: +18.23% (1/5) [vs v2.15 +13.00%] | ADP 61-100:  +7.51% (2/5) [vs v2.15 +9.68%] | ADP 101-150:  +1.73% (3/5) [vs v2.15 +8.46%] | top 150: +13.71% (1/5) [vs v2.15 +11.78%]
  forward ridge LEVEL^1, a=0.5             top 60:  +4.39% (2/5) [vs v2.15 -0.23%] | ADP 61-100:  -2.40% (2/5) [vs v2.15 -0.43%] | ADP 101-150:  -6.20% (4/5) [vs v2.15 +0.01%] | top 150:  +1.50% (2/5) [vs v2.15 -0.22%]
  forward ridge LEVEL^1, a=0.75            top 60:  +8.51% (2/5) [vs v2.15 +3.70%] | ADP 61-100:  +0.43% (2/5) [vs v2.15 +2.46%] | ADP 101-150:  -4.19% (4/5) [vs v2.15 +2.15%] | top 150:  +5.06% (2/5) [vs v2.15 +3.27%]
  forward ridge LEVEL^1, a=1.0             top 60: +17.03% (1/5) [vs v2.15 +11.85%] | ADP 61-100:  +6.51% (2/5) [vs v2.15 +8.66%] | ADP 101-150:  +1.47% (3/5) [vs v2.15 +8.18%] | top 150: +12.70% (2/5) [vs v2.15 +10.78%]
  forward ridge LEVEL^2, a=0.5             top 60:  +4.54% (2/5) [vs v2.15 -0.09%] | ADP 61-100:  -2.86% (3/5) [vs v2.15 -0.90%] | ADP 101-150:  -6.00% (4/5) [vs v2.15 +0.22%] | top 150:  +1.56% (2/5) [vs v2.15 -0.17%]
  forward ridge LEVEL^2, a=0.75            top 60:  +9.03% (2/5) [vs v2.15 +4.21%] | ADP 61-100:  -0.04% (2/5) [vs v2.15 +1.98%] | ADP 101-150:  -3.60% (4/5) [vs v2.15 +2.78%] | top 150:  +5.43% (2/5) [vs v2.15 +3.64%]
  forward ridge LEVEL^2, a=1.0             top 60: +18.14% (1/5) [vs v2.15 +12.91%] | ADP 61-100:  +6.19% (2/5) [vs v2.15 +8.34%] | ADP 101-150:  +2.63% (3/5) [vs v2.15 +9.42%] | top 150: +13.59% (2/5) [vs v2.15 +11.65%]
  forward top-150-only LEVEL^2, a=0.5      top 60:  +5.68% (2/5) [vs v2.15 +1.00%] | ADP 61-100:  +5.06% (1/5) [vs v2.15 +7.18%] | ADP 101-150:  -9.09% (4/5) [vs v2.15 -3.08%] | top 150:  +3.10% (2/5) [vs v2.15 +1.34%]
  forward top-150-only LEVEL^2, a=0.75     top 60: +11.58% (2/5) [vs v2.15 +6.64%] | ADP 61-100: +14.02% (1/5) [vs v2.15 +16.33%] | ADP 101-150:  -6.81% (4/5) [vs v2.15 -0.65%] | top 150:  +8.90% (2/5) [vs v2.15 +7.04%]
  forward top-150-only LEVEL^2, a=1.0      top 60: +22.64% (1/5) [vs v2.15 +17.22%] | ADP 61-100: +27.84% (0/5) [vs v2.15 +30.42%] | ADP 101-150:  +0.26% (1/5) [vs v2.15 +6.89%] | top 150: +19.74% (0/5) [vs v2.15 +17.70%]
  forward 0.5 shadow + 0.5 Clay (info)     top 60:  -2.20% (2/5) [vs v2.15 -6.52%] | ADP 61-100:  -7.08% (5/5) [vs v2.15 -5.20%] | ADP 101-150:  -7.51% (4/5) [vs v2.15 -1.39%] | top 150:  -3.89% (4/5) [vs v2.15 -5.52%]

Importance-weighted top 150, LOYO: best Clay-free = ridge, weights LEVEL^1, a=0.75 +2.78% vs Clay (3/7), -1.16% vs shadow v2.15. Forward: best = forward ridge LEVEL^1, a=0.5 +1.50% vs Clay (2/5), -0.22% vs v2.15.
wrote data/top150_weighted.js (23s)
