games: PHI@CHI
tracking 22 players on ['CHI', 'PHI'], season 2026 week 3, live model grid [0.1, 0.2, 0.3, 0.4, 0.5, 0.6, 0.7, 0.8, 0.9]
  CHI: pre PRE f=0.00 score 0.0-0.0
  PHI: pre PRE f=0.00 score 0.0-0.0
    Jalen Hurts           QB   proj  20.3  scored   0.0  live fit  20.3 | +exit  20.3 | v1  20.3 | naive  20.3
    DeVonta Smith         WR   proj  16.1  scored   0.0  live fit  16.1 | +exit  16.1 | v1  16.1 | naive  16.1
    Saquon Barkley        RB   proj  14.3  scored   0.0  live fit  14.3 | +exit  14.3 | v1  14.3 | naive  14.3
    D'Andre Swift         RB   proj  14.3  scored   0.0  live fit  14.3 | +exit  14.3 | v1  14.3 | naive  14.3
    Luther Burden III     WR   proj  10.7  scored   0.0  live fit  10.7 | +exit  10.7 | v1  10.7 | naive  10.7
    Kyle Monangai         RB   proj  10.1  scored   0.0  live fit  10.1 | +exit  10.1 | v1  10.1 | naive  10.1
    Dontayvion Wicks      WR   proj   9.8  scored   0.0  live fit   9.8 | +exit   9.8 | v1   9.8 | naive   9.8
    Colston Loveland      TE   proj   9.7  scored   0.0  live fit   9.7 | +exit   9.7 | v1   9.7 | naive   9.7
    Rome Odunze           WR   proj   9.1  scored   0.0  live fit   9.1 | +exit   9.1 | v1   9.1 | naive   9.1
    Makai Lemon           WR   proj   7.6  scored   0.0  live fit   7.6 | +exit   7.6 | v1   7.6 | naive   7.6
    Philadelphia Eagles D/STDST  proj   7.5  scored   0.0  live fit   7.5 | +exit   7.5 | v1   7.5 | naive   7.5
    Cairo Santos          K    proj   7.4  scored   0.0  live fit   7.4 | +exit   7.4 | v1   7.4 | naive   7.4
  CHI: pre PRE f=0.00 score 0.0-0.0
  PHI: pre PRE f=0.00 score 0.0-0.0
    Jalen Hurts           QB   proj  20.3  scored   0.0  live fit  20.3 | +exit  20.3 | v1  20.3 | naive  20.3
    DeVonta Smith         WR   proj  16.1  scored   0.0  live fit  16.1 | +exit  16.1 | v1  16.1 | naive  16.1
    Saquon Barkley        RB   proj  14.3  scored   0.0  live fit  14.3 | +exit  14.3 | v1  14.3 | naive  14.3
    D'Andre Swift         RB   proj  14.3  scored   0.0  live fit  14.3 | +exit  14.3 | v1  14.3 | naive  14.3
    Luther Burden III     WR   proj  10.7  scored   0.0  live fit  10.7 | +exit  10.7 | v1  10.7 | naive  10.7
    Kyle Monangai         RB   proj  10.1  scored   0.0  live fit  10.1 | +exit  10.1 | v1  10.1 | naive  10.1
    Dontayvion Wicks      WR   proj   9.8  scored   0.0  live fit   9.8 | +exit   9.8 | v1   9.8 | naive   9.8
    Colston Loveland      TE   proj   9.7  scored   0.0  live fit   9.7 | +exit   9.7 | v1   9.7 | naive   9.7
    Rome Odunze           WR   proj   9.1  scored   0.0  live fit   9.1 | +exit   9.1 | v1   9.1 | naive   9.1
    Makai Lemon           WR   proj   7.6  scored   0.0  live fit   7.6 | +exit   7.6 | v1   7.6 | naive   7.6
    Philadelphia Eagles D/STDST  proj   7.5  scored   0.0  live fit   7.5 | +exit   7.5 | v1   7.5 | naive   7.5
    Cairo Santos          K    proj   7.4  scored   0.0  live fit   7.4 | +exit   7.4 | v1   7.4 | naive   7.4
  CHI: pre PRE f=0.00 score 0.0-0.0
  PHI: pre PRE f=0.00 score 0.0-0.0
    Jalen Hurts           QB   proj  20.3  scored   0.0  live fit  20.3 | +exit  20.3 | v1  20.3 | naive  20.3
    DeVonta Smith         WR   proj  16.1  scored   0.0  live fit  16.1 | +exit  16.1 | v1  16.1 | naive  16.1
    Saquon Barkley        RB   proj  14.3  scored   0.0  live fit  14.3 | +exit  14.3 | v1  14.3 | naive  14.3
    D'Andre Swift         RB   proj  14.3  scored   0.0  live fit  14.3 | +exit  14.3 | v1  14.3 | naive  14.3
    Luther Burden III     WR   proj  10.7  scored   0.0  live fit  10.7 | +exit  10.7 | v1  10.7 | naive  10.7
    Kyle Monangai         RB   proj  10.1  scored   0.0  live fit  10.1 | +exit  10.1 | v1  10.1 | naive  10.1
    Dontayvion Wicks      WR   proj   9.8  scored   0.0  live fit   9.8 | +exit   9.8 | v1   9.8 | naive   9.8
    Colston Loveland      TE   proj   9.7  scored   0.0  live fit   9.7 | +exit   9.7 | v1   9.7 | naive   9.7
    Rome Odunze           WR   proj   9.1  scored   0.0  live fit   9.1 | +exit   9.1 | v1   9.1 | naive   9.1
    Makai Lemon           WR   proj   7.6  scored   0.0  live fit   7.6 | +exit   7.6 | v1   7.6 | naive   7.6
    Philadelphia Eagles D/STDST  proj   7.5  scored   0.0  live fit   7.5 | +exit   7.5 | v1   7.5 | naive   7.5
    Cairo Santos          K    proj   7.4  scored   0.0  live fit   7.4 | +exit   7.4 | v1   7.4 | naive   7.4
  CHI: pre PRE f=0.00 score 0.0-0.0
  PHI: pre PRE f=0.00 score 0.0-0.0
    Jalen Hurts           QB   proj  20.3  scored   0.0  live fit  20.3 | +exit  20.3 | v1  20.3 | naive  20.3
    DeVonta Smith         WR   proj  16.1  scored   0.0  live fit  16.1 | +exit  16.1 | v1  16.1 | naive  16.1
    Saquon Barkley        RB   proj  14.3  scored   0.0  live fit  14.3 | +exit  14.3 | v1  14.3 | naive  14.3
    D'Andre Swift         RB   proj  14.3  scored   0.0  live fit  14.3 | +exit  14.3 | v1  14.3 | naive  14.3
    Luther Burden III     WR   proj  10.7  scored   0.0  live fit  10.7 | +exit  10.7 | v1  10.7 | naive  10.7
    Kyle Monangai         RB   proj  10.1  scored   0.0  live fit  10.1 | +exit  10.1 | v1  10.1 | naive  10.1
    Dontayvion Wicks      WR   proj   9.8  scored   0.0  live fit   9.8 | +exit   9.8 | v1   9.8 | naive   9.8
    Colston Loveland      TE   proj   9.7  scored   0.0  live fit   9.7 | +exit   9.7 | v1   9.7 | naive   9.7
    Rome Odunze           WR   proj   9.1  scored   0.0  live fit   9.1 | +exit   9.1 | v1   9.1 | naive   9.1
    Makai Lemon           WR   proj   7.6  scored   0.0  live fit   7.6 | +exit   7.6 | v1   7.6 | naive   7.6
    Philadelphia Eagles D/STDST  proj   7.5  scored   0.0  live fit   7.5 | +exit   7.5 | v1   7.5 | naive   7.5
    Cairo Santos          K    proj   7.4  scored   0.0  live fit   7.4 | +exit   7.4 | v1   7.4 | naive   7.4
  CHI: pre PRE f=0.00 score 0.0-0.0
  PHI: pre PRE f=0.00 score 0.0-0.0
    Jalen Hurts           QB   proj  20.3  scored   0.0  live fit  20.3 | +exit  20.3 | v1  20.3 | naive  20.3
    DeVonta Smith         WR   proj  16.1  scored   0.0  live fit  16.1 | +exit  16.1 | v1  16.1 | naive  16.1
    Saquon Barkley        RB   proj  14.3  scored   0.0  live fit  14.3 | +exit  14.3 | v1  14.3 | naive  14.3
    D'Andre Swift         RB   proj  14.3  scored   0.0  live fit  14.3 | +exit  14.3 | v1  14.3 | naive  14.3
    Luther Burden III     WR   proj  10.7  scored   0.0  live fit  10.7 | +exit  10.7 | v1  10.7 | naive  10.7
    Kyle Monangai         RB   proj  10.1  scored   0.0  live fit  10.1 | +exit  10.1 | v1  10.1 | naive  10.1
    Dontayvion Wicks      WR   proj   9.8  scored   0.0  live fit   9.8 | +exit   9.8 | v1   9.8 | naive   9.8
    Colston Loveland      TE   proj   9.7  scored   0.0  live fit   9.7 | +exit   9.7 | v1   9.7 | naive   9.7
    Rome Odunze           WR   proj   9.1  scored   0.0  live fit   9.1 | +exit   9.1 | v1   9.1 | naive   9.1
    Makai Lemon           WR   proj   7.6  scored   0.0  live fit   7.6 | +exit   7.6 | v1   7.6 | naive   7.6
    Philadelphia Eagles D/STDST  proj   7.5  scored   0.0  live fit   7.5 | +exit   7.5 | v1   7.5 | naive   7.5
    Cairo Santos          K    proj   7.4  scored   0.0  live fit   7.4 | +exit   7.4 | v1   7.4 | naive   7.4
  BACKUP IN: Case Keenum (CHI) at f=0.01 with 5.8 pts — inherits Tyson Bagent 0.9 x 0.9
  CHI: in Q1 8:47 f=0.10 score 7.0-0.0
  PHI: in Q1 8:47 f=0.10 score 0.0-7.0
    Jalen Hurts           QB   proj  20.3  scored   0.0  live fit  20.3 | +exit  20.3 | v1  18.2 | naive  18.2
    DeVonta Smith         WR   proj  16.1  scored   0.0  live fit  15.3 | +exit  15.3 | v1  14.4 | naive  14.4
    Saquon Barkley        RB   proj  14.3  scored   0.0  live fit  12.5 | +exit  12.5 | v1  12.8 | naive  12.8
    D'Andre Swift         RB   proj  14.3  scored   1.4  live fit  13.4 | +exit  13.4 | v1  14.2 | naive  14.2
    Luther Burden III     WR   proj  10.7  scored  10.2  live fit  20.0 | +exit  20.0 | v1  19.8 | naive  19.8
    Kyle Monangai         RB   proj  10.1  scored   0.0  live fit   8.2 | +exit   8.2 | v1   9.1 | naive   9.1
    Dontayvion Wicks      WR   proj   9.8  scored   0.0  live fit   9.3 | +exit   9.3 | v1   8.8 | naive   8.8
^C