W1: 248 lined skill players with actuals (lock preset half)
W2: 242 lined skill players with actuals (lock preset half)
W3: 235 lined skill players with actuals (lock preset half)
W4: 243 lined skill players with actuals (lock preset half)

968 rows, 720 with a shadow mean | actual = weekly_stats_active fpts (half-PPR, same as the lock preset; verified on W1)

=== Anchor weight sweep, Clay-side base (jsMean) ===
  all lined rows             n= 968 MSE plain/weighted by w -> 0.0:38.09/52.60  0.1:37.85/52.47  0.2:37.67/52.40  0.3:37.54/52.38  0.4:37.45/52.41  0.5:37.41/52.50  0.6:37.43/52.64  0.7:37.49/52.82  0.8:37.60/53.07  0.9:37.76/53.36  1.0:37.97/53.71   | best weighted w = 0.3
  QB                         n= 123 MSE plain/weighted by w -> 0.0:58.74/60.89  0.1:58.11/60.43  0.2:57.60/60.10  0.3:57.22/59.88  0.4:56.96/59.79  0.5:56.82/59.81  0.6:56.81/59.95  0.7:56.92/60.21  0.8:57.15/60.59  0.9:57.51/61.09  1.0:57.99/61.71   | best weighted w = 0.4
  RB                         n= 242 MSE plain/weighted by w -> 0.0:36.40/51.89  0.1:36.30/51.80  0.2:36.24/51.73  0.3:36.22/51.69  0.4:36.23/51.69  0.5:36.27/51.72  0.6:36.34/51.79  0.7:36.45/51.88  0.8:36.59/52.01  0.9:36.77/52.17  1.0:36.98/52.36   | best weighted w = 0.4
  WR                         n= 399 MSE plain/weighted by w -> 0.0:39.19/59.70  0.1:38.86/59.49  0.2:38.57/59.33  0.3:38.34/59.22  0.4:38.14/59.16  0.5:38.00/59.16  0.6:37.90/59.21  0.7:37.84/59.32  0.8:37.83/59.48  0.9:37.86/59.69  1.0:37.94/59.95   | best weighted w = 0.5
  TE                         n= 204 MSE plain/weighted by w -> 0.0:25.49/36.29  0.1:25.52/36.45  0.2:25.58/36.67  0.3:25.67/36.92  0.4:25.79/37.22  0.5:25.94/37.56  0.6:26.12/37.94  0.7:26.33/38.36  0.8:26.56/38.83  0.9:26.83/39.33  1.0:27.13/39.88   | best weighted w = 0.0
  week 1                     n= 248 MSE plain/weighted by w -> 0.0:42.03/58.61  0.1:41.59/58.30  0.2:41.22/58.06  0.3:40.92/57.88  0.4:40.68/57.78  0.5:40.52/57.75  0.6:40.42/57.79  0.7:40.39/57.91  0.8:40.44/58.09  0.9:40.55/58.34  1.0:40.73/58.67   | best weighted w = 0.5
  week 2                     n= 242 MSE plain/weighted by w -> 0.0:35.75/55.07  0.1:35.75/55.19  0.2:35.80/55.37  0.3:35.91/55.61  0.4:36.08/55.92  0.5:36.31/56.28  0.6:36.59/56.71  0.7:36.93/57.19  0.8:37.33/57.74  0.9:37.79/58.35  1.0:38.30/59.02   | best weighted w = 0.0
  week 3                     n= 235 MSE plain/weighted by w -> 0.0:36.53/46.63  0.1:36.09/46.28  0.2:35.69/45.97  0.3:35.33/45.71  0.4:35.02/45.49  0.5:34.75/45.31  0.6:34.51/45.17  0.7:34.32/45.07  0.8:34.18/45.02  0.9:34.07/45.01  1.0:34.01/45.04   | best weighted w = 0.9
  week 4                     n= 243 MSE plain/weighted by w -> 0.0:37.90/49.66  0.1:37.85/49.70  0.2:37.83/49.78  0.3:37.83/49.90  0.4:37.87/50.04  0.5:37.93/50.23  0.6:38.02/50.44  0.7:38.14/50.69  0.8:38.28/50.97  0.9:38.46/51.29  1.0:38.66/51.64   | best weighted w = 0.0
  shipped 0.7: MSE 37.49 | market alone 37.97 | model alone 38.09 | bias act/proj shipped 0.986, market 0.960, model 1.052

=== Same sweep with the Clay-free SHADOW underneath (rows that carry ncMean) ===
  shadow base                n= 720 MSE plain/weighted by w -> 0.0:36.12/51.84  0.1:35.90/51.46  0.2:35.75/51.17  0.3:35.68/50.97  0.4:35.66/50.85  0.5:35.72/50.82  0.6:35.84/50.88  0.7:36.04/51.02  0.8:36.30/51.25  0.9:36.62/51.57  1.0:37.02/51.97   | best weighted w = 0.5
  Clay base, same rows       n= 720 MSE plain/weighted by w -> 0.0:36.73/50.50  0.1:36.57/50.44  0.2:36.45/50.43  0.3:36.37/50.46  0.4:36.34/50.54  0.5:36.35/50.66  0.6:36.40/50.83  0.7:36.49/51.05  0.8:36.62/51.31  0.9:36.80/51.62  1.0:37.02/51.97   | best weighted w = 0.2
  w=0.0: anchored shadow vs anchored Clay +2.66% weighted, -1.67% plain
  w=0.5: anchored shadow vs anchored Clay +0.32% weighted, -1.72% plain
  w=0.7: anchored shadow vs anchored Clay -0.05% weighted, -1.24% plain
  w=1.0: anchored shadow vs anchored Clay +0.00% weighted, +0.00% plain

968 lined player-weeks over 4 scored week(s): best weighted anchor weight on the Clay-side base = 0.3 (shipped 0.7). Shadow sweep included.
wrote data/anchor_sweep.js
