=== The ADP 31-60 band: market-curve shape and shrink target in the shadow's hand prior ===
  2019: samples so far 1946
  2020: samples so far 4039
  2021: samples so far 6624
  2022: samples so far 9329
  2023: samples so far 12576
  2024: samples so far 15995
  2025: samples so far 19064
  skipped: {'weekly': 385, 'team': 251}
  2019: samples so far 1946
  2020: samples so far 4039
  2021: samples so far 6624
  2022: samples so far 9329
  2023: samples so far 12576
  2024: samples so far 15995
  2025: samples so far 19064
  skipped: {'weekly': 385, 'team': 251}

=== Market curve fit residual by ADP bucket, weeks 1-4 (actual rate minus curve): log-linear (current) vs flexible (LOYO) ===
   ADP   1- 12 n= 249 | log-linear residual -1.86 | flexible residual -0.11
   ADP  13- 24 n= 263 | log-linear residual -0.01 | flexible residual +0.32
   ADP  25- 36 n= 268 | log-linear residual -1.01 | flexible residual -0.81
   ADP  37- 48 n= 251 | log-linear residual +0.99 | flexible residual +0.67
   ADP  49- 60 n= 215 | log-linear residual +0.58 | flexible residual +0.32
   ADP  61- 80 n= 341 | log-linear residual -0.19 | flexible residual -0.45
   ADP  81-100 n= 359 | log-linear residual -0.31 | flexible residual -0.26
   ADP 101-150 n= 772 | log-linear residual -0.21 | flexible residual +0.25

=== LOYO, all weeks: error vs the CURRENT shadow (seasons better) by ADP band | vs today's Clay blend in 31-60 | weekly rank rho, top 150 ===
  current shadow (v2.21)               1-30: +0.00% (0/7) | 31-60: +0.00% (0/7) | 61-100: +0.00% (0/7) | 101-150: +0.00% (0/7) | 151+: +0.00% (0/7) | EVERYONE: +0.00% (0/7) || 31-60 vs Clay -0.86% (5/7), level 12.63 vs actual 12.90 || rho 0.3781
  A flexible market curve              1-30: -0.11% (4/7) | 31-60: -0.02% (3/7) | 61-100: +0.09% (2/7) | 101-150: -0.04% (5/7) | 151+: -0.01% (4/7) | EVERYONE: -0.02% (5/7) || 31-60 vs Clay -0.88% (6/7), level 12.63 vs actual 12.90 || rho 0.3783
  B shrink toward the market value     1-30: +0.62% (1/7) | 31-60: +0.08% (3/7) | 61-100: +0.00% (2/7) | 101-150: -0.03% (6/7) | 151+: -0.03% (5/7) | EVERYONE: +0.14% (1/7) || 31-60 vs Clay -0.78% (6/7), level 12.81 vs actual 12.90 || rho 0.3779
  C k=.9 for ADP<=60                   1-30: +0.19% (2/7) | 31-60: +0.01% (3/7) | 61-100: +0.00% (0/7) | 101-150: +0.00% (0/7) | 151+: -0.00% (0/7) | EVERYONE: +0.04% (1/7) || 31-60 vs Clay -0.85% (5/7), level 12.71 vs actual 12.90 || rho 0.3786
  C k=1.0 for ADP<=60                  1-30: +0.50% (1/7) | 31-60: +0.05% (3/7) | 61-100: +0.00% (0/7) | 101-150: +0.00% (0/7) | 151+: -0.00% (0/7) | EVERYONE: +0.12% (1/7) || 31-60 vs Clay -0.81% (5/7), level 12.79 vs actual 12.90 || rho 0.3796
  A+B flexible curve + market target   1-30: +0.12% (2/7) | 31-60: -0.02% (3/7) | 61-100: +0.13% (2/7) | 101-150: -0.02% (4/7) | 151+: +0.01% (3/7) | EVERYONE: +0.04% (2/7) || 31-60 vs Clay -0.87% (6/7), level 12.82 vs actual 12.90 || rho 0.3786
  A+C flexible curve + k=1.0 top 60    1-30: +0.06% (4/7) | 31-60: -0.03% (4/7) | 61-100: +0.09% (2/7) | 101-150: -0.04% (5/7) | 151+: -0.01% (4/7) | EVERYONE: +0.01% (3/7) || 31-60 vs Clay -0.88% (6/7), level 12.79 vs actual 12.90 || rho 0.3788

=== WEEK 2 only, ADP 31-60: error vs today's Clay blend by season (negative = we are better) ===
  current shadow (v2.21)               pooled  +4.15% | seasons better 2/7 | 2019:+14.8 2020:+4.2 2021:+4.1 2022:+4.8 2023:-4.0 2024:+7.0 2025:-3.0
  A flexible market curve              pooled  +4.12% | seasons better 2/7 | 2019:+11.7 2020:+3.2 2021:+5.0 2022:+5.4 2023:-3.0 2024:+6.8 2025:-3.3
  B shrink toward the market value     pooled  +3.83% | seasons better 1/7 | 2019:+16.1 2020:+1.6 2021:+2.2 2022:+1.7 2023:-3.9 2024:+8.8 2025:+1.7
  C k=.9 for ADP<=60                   pooled  +4.00% | seasons better 2/7 | 2019:+16.3 2020:+3.2 2021:+3.2 2022:+3.3 2023:-4.1 2024:+7.7 2025:-1.0
  C k=1.0 for ADP<=60                  pooled  +3.93% | seasons better 1/7 | 2019:+17.9 2020:+2.4 2021:+2.4 2022:+1.9 2023:-4.1 2024:+8.4 2025:+1.2
  A+B flexible curve + market target   pooled  +3.63% | seasons better 1/7 | 2019:+11.8 2020:+0.2 2021:+3.4 2022:+2.0 2023:-2.7 2024:+8.5 2025:+1.2
  A+C flexible curve + k=1.0 top 60    pooled  +3.82% | seasons better 1/7 | 2019:+14.0 2020:+1.1 2021:+3.4 2022:+2.3 2023:-2.9 2024:+8.1 2025:+0.8

=== FORWARD 2021-25 (ridge + flexible curve fit on earlier seasons only): error vs the CURRENT shadow (seasons better) by ADP band | vs today's Clay blend in 31-60 | weekly rank rho, top 150 ===
  current shadow (v2.21)               1-30: +0.00% (0/5) | 31-60: +0.00% (0/5) | 61-100: +0.00% (0/5) | 101-150: +0.00% (0/5) | 151+: +0.00% (0/5) | EVERYONE: +0.00% (0/5) || 31-60 vs Clay -1.20% (4/5), level 12.85 vs actual 12.84 || rho 0.3646
  A flexible market curve              1-30: -0.13% (3/5) | 31-60: +0.23% (1/5) | 61-100: +0.34% (2/5) | 101-150: +0.08% (2/5) | 151+: +0.00% (3/5) | EVERYONE: +0.08% (2/5) || 31-60 vs Clay -0.97% (3/5), level 13.03 vs actual 12.84 || rho 0.3647
  B shrink toward the market value     1-30: +0.95% (0/5) | 31-60: +0.32% (1/5) | 61-100: +0.12% (1/5) | 101-150: -0.01% (4/5) | 151+: -0.03% (3/5) | EVERYONE: +0.27% (0/5) || 31-60 vs Clay -0.88% (4/5), level 13.04 vs actual 12.84 || rho 0.3637
  C k=.9 for ADP<=60                   1-30: +0.34% (0/5) | 31-60: +0.10% (1/5) | 61-100: +0.00% (0/5) | 101-150: +0.00% (0/5) | 151+: +0.00% (0/5) | EVERYONE: +0.09% (0/5) || 31-60 vs Clay -1.10% (4/5), level 12.93 vs actual 12.84 || rho 0.3643
  C k=1.0 for ADP<=60                  1-30: +0.80% (0/5) | 31-60: +0.24% (1/5) | 61-100: +0.00% (0/5) | 101-150: +0.00% (0/5) | 151+: +0.00% (0/5) | EVERYONE: +0.21% (0/5) || 31-60 vs Clay -0.96% (4/5), level 13.01 vs actual 12.84 || rho 0.3652
  A+B flexible curve + market target   1-30: +0.62% (1/5) | 31-60: +0.99% (1/5) | 61-100: +0.69% (2/5) | 101-150: +0.17% (2/5) | 151+: +0.01% (2/5) | EVERYONE: +0.43% (0/5) || 31-60 vs Clay -0.22% (3/5), level 13.28 vs actual 12.84 || rho 0.3644
  A+C flexible curve + k=1.0 top 60    1-30: +0.50% (2/5) | 31-60: +0.80% (1/5) | 61-100: +0.34% (2/5) | 101-150: +0.08% (2/5) | 151+: +0.00% (3/5) | EVERYONE: +0.31% (1/5) || 31-60 vs Clay -0.41% (3/5), level 13.24 vs actual 12.84 || rho 0.3652

ADP 31-60: best = A+C flexible curve + k=1.0 top 60 -0.03% vs the current shadow (4/7), -0.88% vs today's Clay blend; everyone +0.01% (3/7); forward 31-60 +0.80% (1/5).
wrote data/band3160.js (39s)
