=== RE-MEASURE THE BASE: 10,520 top-150 player-weeks 2019-25, final week dropped, next game pre-book ===
    rows: 18,940; shadow vs live replica level: shadow/actual 0.990, live/actual 1.020

--- 1  LADDER: importance-weighted error vs TODAY (seasons better of 7) | rank rho | pairs right | typical miss | bias ---
  TODAY (live pre-book, as wired)           +0.00% (0/7) | rho 0.3874 | pairs 64.35% | miss 7.129 | bias +0.24
  shadow as wired today                     -0.77% (5/7) | rho 0.3899 | pairs 64.59% | miss 7.109 | bias -0.12
  shadow v2.24 form (09-17 comparison)      -0.54% (5/7) | rho 0.3826 | pairs 64.30% | miss 7.132 | bias -0.09
  blend w=0.3 shadow                        -0.75% (7/7) | rho 0.3896 | pairs 64.54% | miss 7.102 | bias +0.13
  blend w=0.5 shadow                        -1.00% (7/7) | rho 0.3926 | pairs 64.69% | miss 7.094 | bias +0.06
  blend w=0.6 shadow                        -1.05% (7/7) | rho 0.3936 | pairs 64.72% | miss 7.093 | bias +0.02
  blend w=0.7 shadow                        -1.05% (7/7) | rho 0.3932 | pairs 64.71% | miss 7.094 | bias -0.01
  blend w=0.8 shadow                        -1.01% (5/7) | rho 0.3924 | pairs 64.70% | miss 7.097 | bias -0.05
  blend w=0.9 shadow                        -0.92% (5/7) | rho 0.3907 | pairs 64.63% | miss 7.102 | bias -0.08
  blend w=0.7 + ESPN 50/50                  -1.84% (7/7) | rho 0.3943 | pairs 65.00% | miss 7.057 | bias +0.04
  shadow + ESPN 50/50 (rank mix)            -1.81% (7/7) | rho 0.3926 | pairs 64.94% | miss 7.060 | bias -0.02
  TODAY + ESPN 50/50                        -1.45% (7/7) | rho 0.3932 | pairs 64.86% | miss 7.071 | bias +0.17

--- 2  HEAD TO HEAD: each blend vs the SHADOW ALONE (seasons better of 7) and vs the 09-17 shadow form ---
  blend w=0.3: vs shadow  +0.03% (3/7)
  blend w=0.5: vs shadow  -0.23% (5/7)
  blend w=0.6: vs shadow  -0.28% (6/7)
  blend w=0.7: vs shadow  -0.28% (6/7)
  blend w=0.8: vs shadow  -0.24% (6/7)
  blend w=0.9: vs shadow  -0.14% (6/7)
  shadow as wired vs the 09-17 shadow form:  -0.24% (6/7)

--- 3  BEST WEIGHT per cut (grid (0.0, 0.3, 0.5, 0.6, 0.7, 0.8, 0.9, 1.0)), error vs TODAY at that weight, and the shadow-alone / w=0.7 cells ---
  ALL                n=10520 | best w 0.7:  -1.05% (7/7) | shadow alone  -0.77% (5/7) rho +0.0025 | w=0.7  -1.05% (7/7) rho +0.0057
  QB                 n= 1691 | best w 0.5:  -0.87% (5/7) | shadow alone  -0.13% (4/7) rho +0.0091 | w=0.7  -0.77% (5/7) rho +0.0162
  RB                 n= 3355 | best w 0.8:  -1.60% (6/7) | shadow alone  -1.48% (5/7) rho +0.0056 | w=0.7  -1.58% (6/7) rho +0.0088
  WR                 n= 4222 | best w 0.7:  -1.00% (5/7) | shadow alone  -0.80% (4/7) rho +0.0094 | w=0.7  -1.00% (5/7) rho +0.0104
  TE                 n= 1252 | best w 0.3:  -0.07% (3/7) | shadow alone  +1.21% (3/7) rho -0.0154 | w=0.7  +0.42% (3/7) rho -0.0137
  ADP 1-10           n=  781 | best w 1.0:  -2.20% (5/7) | shadow alone  -2.20% (5/7) rho +nan | w=0.7  -1.92% (5/7) rho +nan
  ADP 11-30          n= 1671 | best w 0.6:  -0.60% (5/7) | shadow alone  -0.25% (4/7) rho +0.0002 | w=0.7  -0.57% (5/7) rho -0.0023
  ADP 31-60          n= 2378 | best w 0.5:  -0.70% (6/7) | shadow alone  -0.05% (4/7) rho +0.0285 | w=0.7  -0.60% (6/7) rho +0.0233
  ADP 61-100         n= 2689 | best w 0.6:  -1.24% (6/7) | shadow alone  -0.69% (4/7) rho +0.0330 | w=0.7  -1.20% (5/7) rho +0.0403
  ADP 101-150        n= 3001 | best w 0.6:  -1.04% (4/7) | shadow alone  -0.37% (3/7) rho +0.0057 | w=0.7  -0.97% (3/7) rho +0.0206
  week 1             n=  739 | best w 0.7:  -2.02% (5/7) | shadow alone  -1.56% (5/7) rho -0.0084 | w=0.7  -2.02% (5/7) rho +0.0048
  weeks 2-4          n= 2073 | best w 0.7:  -1.41% (4/7) | shadow alone  -1.11% (4/7) rho -0.0015 | w=0.7  -1.41% (4/7) rho -0.0018
  weeks 5-9          n= 2985 | best w 0.6:  -0.85% (6/7) | shadow alone  -0.49% (4/7) rho +0.0048 | w=0.7  -0.83% (5/7) rho +0.0112
  10 to playoffs     n= 2849 | best w 0.8:  -1.22% (7/7) | shadow alone  -1.10% (5/7) rho +0.0024 | w=0.7  -1.22% (7/7) rho +0.0049
  FANTASY PLAYOFFS   n= 1874 | best w 0.5:  -0.49% (6/7) | shadow alone  -0.11% (3/7) rho +0.0064 | w=0.7  -0.44% (5/7) rho +0.0056
  rookies            n= 1173 | best w 0.6:  -2.92% (5/7) | shadow alone  -1.84% (4/7) rho +0.0572 | w=0.7  -2.88% (5/7) rho +0.0333
  vets, 1-2 games    n= 1391 | best w 0.7:  -1.25% (5/7) | shadow alone  -0.94% (5/7) rho +0.0024 | w=0.7  -1.25% (5/7) rho -0.0014
  vets, 3-6 games    n= 2738 | best w 0.7:  -0.96% (6/7) | shadow alone  -0.76% (5/7) rho -0.0087 | w=0.7  -0.96% (6/7) rho -0.0016
  vets, 7+ games     n= 4522 | best w 0.6:  -0.71% (7/7) | shadow alone  -0.48% (4/7) rho +0.0057 | w=0.7  -0.70% (6/7) rho +0.0068

--- 4  WEIGHT PICKED LEAVE-ONE-SEASON-OUT and FORWARD (2022-25), per position and overall ---
  one weight for everyone            LOYO  -1.01% vs TODAY (7/7), -0.24% vs shadow alone | rho 0.3942 pairs 64.72% | picks all [0.6, 0.7, 0.7, 0.7, 0.6, 0.6, 0.7]
     forward 2022-25                       -1.31% vs TODAY (4/4), -0.10% vs shadow alone | picks all [0.5, 0.6, 0.7, 0.7]
  per position                       LOYO  -1.03% vs TODAY (7/7), -0.26% vs shadow alone | rho 0.3943 pairs 64.70% | picks QB [0.5, 0.6, 0.5, 0.5, 0.5, 0.6, 0.5] | RB [0.7, 0.8, 0.8, 0.8, 0.7, 0.8, 0.8] | WR [0.7, 0.7, 0.7, 0.7, 0.7, 0.6, 0.7] | TE [0.0, 0.3, 0.3, 0.3, 0.0, 0.0, 0.3]
     forward 2022-25                       -1.25% vs TODAY (4/4), -0.03% vs shadow alone | picks QB [0.5, 0.5, 0.6, 0.5] | RB [0.7, 0.7, 0.9, 0.8] | WR [0.3, 0.5, 0.6, 0.7] | TE [0.0, 0.0, 0.0, 0.3]
  per position x ADP <= 60 / 61+     LOYO  -0.87% vs TODAY (6/7), -0.10% vs shadow alone | rho 0.3910 pairs 64.64% | picks QB<=60 [0.6, 0.5, 0.7, 0.7, 0.6, 0.6, 0.8] | RB<=60 [0.7, 0.8, 0.8, 0.8, 0.6, 0.8, 0.9] | WR<=60 [0.8, 0.8, 0.8, 0.7, 0.7, 0.6, 0.7] | TE<=60 [0.0, 0.3, 0.5, 0.3, 0.0, 0.0, 0.3] | QB61+ [0.5, 0.6, 0.3, 0.3, 0.5, 0.6, 0.3] | RB61+ [0.8, 0.8, 0.8, 0.8, 0.8, 0.7, 0.7] | WR61+ [0.6, 0.6, 0.6, 0.6, 0.6, 0.7, 0.8] | TE61+ [0.3, 0.5, 0.3, 0.3, 0.3, 0.0, 0.3]
     forward 2022-25                       -1.04% vs TODAY (4/4), +0.18% vs shadow alone | picks QB<=60 [0.8, 0.7, 0.7, 0.8] | RB<=60 [0.8, 0.8, 1.0, 0.9] | WR<=60 [0.0, 0.3, 0.3, 0.7] | TE<=60 [0.0, 0.0, 0.0, 0.3] | QB61+ [0.3, 0.5, 0.5, 0.3] | RB61+ [0.5, 0.5, 0.6, 0.7] | WR61+ [0.9, 0.9, 0.9, 0.8] | TE61+ [0.0, 0.0, 0.0, 0.3]

--- 5  BY SEASON (top 150, final week dropped): error vs TODAY ---
  shadow alone   2019: -1.3%  2020: +0.6%  2021: +0.6%  2022: -0.8%  2023: -2.6%  2024: -1.2%  2025: -0.3%
  blend w=0.7    2019: -1.5%  2020: -0.0%  2021: -0.1%  2022: -1.0%  2023: -2.4%  2024: -1.4%  2025: -0.7%
  blend w=0.8    2019: -1.5%  2020: +0.1%  2021: +0.1%  2022: -1.0%  2023: -2.5%  2024: -1.4%  2025: -0.6%

--- 6  LEVEL: actual / projected by position (top 150) ---
  QB: TODAY 0.997  shadow 1.000  blend .7 0.999
  RB: TODAY 0.956  shadow 1.005  blend .7 0.990
  WR: TODAY 0.987  shadow 1.018  blend .7 1.009
  TE: TODAY 1.000  shadow 1.023  blend .7 1.016

Not in either replica: book anchor, pecking dock, banged-up PRIOR lift (all sit on top of the base); shadow's v2.32 competitive-snap read;
rest-of-season structure (v2.26-28, later weeks only). ESPN mix shown only where the ESPN weekly file has the row.
