  2019: 32,157 plays joined
  2020: 32,572 plays joined
  2021: 34,139 plays joined
  2022: 33,770 plays joined
  2023: 33,957 plays joined
  2024: 33,471 plays joined
  2025: 32,937 plays joined

=== BOX COUNT FACED: 9,721 top-150 player-weeks 2019-25 (participation data), base = blended number as wired ===

--- 1  Spearman of actual / base with each metric's within-week z, and quintiles low -> high ---
    box       WR+TE rho +0.027 n 4714 | quintiles 0.970 1.016 0.998 1.009 1.059 | metric 5.96 -> 6.51
    box       WR    rho +0.022 n 3640 | quintiles 0.970 1.008 1.019 0.982 1.057 | metric 5.97 -> 6.49
    box       TE    rho +0.045 n 1074 | quintiles 0.972 0.976 1.019 1.059 1.087 | metric 5.93 -> 6.55
    box       RB    rho -0.017 n 2866 | quintiles 1.034 1.009 0.946 1.011 0.963 | metric 5.98 -> 6.50
    box       QB    rho +0.037 n 1447 | quintiles 0.972 0.990 1.000 1.023 1.014 | metric 5.97 -> 6.48
    box_run   WR+TE rho +0.007 n 4714 | quintiles 0.970 1.003 1.050 1.002 1.025 | metric 6.30 -> 6.92
    box_run   WR    rho +0.007 n 3640 | quintiles 0.969 1.001 1.050 0.977 1.038 | metric 6.30 -> 6.91
    box_run   TE    rho +0.004 n 1074 | quintiles 0.953 1.047 1.050 1.086 0.981 | metric 6.30 -> 6.95
    box_run   RB    rho -0.029 n 2866 | quintiles 1.006 1.023 0.987 0.982 0.963 | metric 6.33 -> 6.92
    box_run   QB    rho +0.017 n 1447 | quintiles 0.977 0.982 1.044 0.978 1.021 | metric 6.31 -> 6.87
    rushers   WR+TE rho +0.010 n 4714 | quintiles 0.984 1.014 1.026 1.027 0.997 | metric 4.06 -> 4.41
    rushers   WR    rho +0.011 n 3640 | quintiles 0.981 1.014 1.020 1.015 1.005 | metric 4.07 -> 4.41
    rushers   TE    rho +0.005 n 1074 | quintiles 0.967 1.047 1.053 1.050 0.996 | metric 4.04 -> 4.41
    rushers   RB    rho -0.040 n 2866 | quintiles 1.013 1.036 0.967 0.967 0.977 | metric 4.07 -> 4.39
    rushers   QB    rho -0.000 n 1447 | quintiles 0.980 1.018 0.996 1.031 0.975 | metric 4.05 -> 4.40
    pressure  WR+TE rho -0.016 n 4714 | quintiles 1.028 0.986 1.052 0.985 0.997 | metric 0.22 -> 0.35
    pressure  WR    rho -0.018 n 3640 | quintiles 1.027 0.991 1.029 0.985 1.002 | metric 0.22 -> 0.35
    pressure  TE    rho -0.010 n 1074 | quintiles 1.059 0.947 1.139 0.986 0.972 | metric 0.22 -> 0.36
    pressure  RB    rho -0.037 n 2866 | quintiles 1.010 0.998 0.982 0.982 0.985 | metric 0.22 -> 0.35
    pressure  QB    rho -0.056 n 1447 | quintiles 1.013 1.046 0.991 0.994 0.950 | metric 0.21 -> 0.35

--- 2  multipliers 1 + e x z (sign from the correlation), LOYO + forward; ship bar 5/7 + 3/4, whole-board guard ---

  box WR+TE (rho +0.027, sign +, rows 4,714)
    fixed: e 0.01: -0.19% (6/7)  e 0.02: -0.32% (6/7)  e 0.03: -0.40% (6/7)  e 0.04: -0.43% (6/7)  e 0.06: -0.31% (5/7)
    best e 0.04: ADP<=60 -0.63% | 61-150 +0.19% | weeks 3-6 -0.65% | 7+ -0.34% | by season 2019:-0.6 2020:+0.6 2021:-0.6 2022:-0.0 2023:-0.8 2024:-0.6 2025:-0.6
    LOYO -0.43% 6/7 | board -0.190% | picks ['e 0.04', 'e 0.04', 'e 0.04', 'e 0.04', 'e 0.04', 'e 0.04', 'e 0.04']
    FWD  -0.50% 4/4 | board -0.227% | picks ['e 0.03', 'e 0.03', 'e 0.03', 'e 0.04']
    -> PASS: e 0.04

  box WR (rho +0.022, sign +, rows 3,640)
    fixed: e 0.01: -0.16% (7/7)  e 0.02: -0.27% (7/7)  e 0.03: -0.33% (6/7)  e 0.04: -0.34% (6/7)  e 0.06: -0.21% (4/7)
    best e 0.04: ADP<=60 -0.54% | 61-150 +0.36% | weeks 3-6 -0.48% | 7+ -0.29% | by season 2019:-0.3 2020:+0.2 2021:-0.1 2022:-0.0 2023:-0.3 2024:-0.6 2025:-0.8
    LOYO -0.31% 6/7 | board -0.113% | picks ['e 0.04', 'e 0.04', 'e 0.04', 'e 0.04', 'e 0.04', 'e 0.03', 'e 0.03']
    FWD  -0.42% 4/4 | board -0.160% | picks ['e 0.02', 'e 0.02', 'e 0.03', 'e 0.03']
    -> PASS: e 0.04

  box TE (rho +0.045, sign +, rows 1,074)
    fixed: e 0.01: -0.32% (5/7)  e 0.02: -0.57% (5/7)  e 0.03: -0.74% (5/7)  e 0.04: -0.83% (4/7)  e 0.06: -0.78% (4/7)
    best e 0.04: ADP<=60 -1.16% | 61-150 -0.29% | weeks 3-6 -1.54% | 7+ -0.57% | by season 2019:-2.4 2020:+2.5 2021:-1.9 2022:+0.0 2023:-3.1 2024:-0.3 2025:+0.4
    LOYO -0.40% 4/7 | board -0.031% | picks ['e 0.04', 'e 0.06', 'e 0.04', 'e 0.06', 'e 0.03', 'e 0.04', 'e 0.06']
    FWD  -0.70% 2/4 | board -0.049% | picks ['e 0.04', 'e 0.04', 'e 0.06', 'e 0.06']
    -> FAIL

  box RB (rho -0.017, sign -, rows 2,866)
    fixed: e 0.01: -0.05% (3/7)  e 0.02: -0.04% (3/7)  e 0.03: +0.04% (3/7)  e 0.04: +0.19% (3/7)  e 0.06: +0.67% (3/7)
    best e 0.01: ADP<=60 -0.04% | 61-150 -0.10% | weeks 3-6 +0.05% | 7+ -0.09% | by season 2019:+0.1 2020:+0.2 2021:-0.3 2022:+0.1 2023:-0.3 2024:-0.2 2025:+0.0
    LOYO +0.05% 3/7 | board +0.016% | picks ['e 0.02', 'e 0.02', 'e 0.01', 'e 0.02', 'e 0.01', 'e 0.01', 'e 0.02']
    FWD  +0.03% 1/4 | board +0.010% | picks ['e 0.01', 'off', 'e 0.01', 'e 0.02']
    -> FAIL

  box QB (rho +0.037, sign +, rows 1,447)
    fixed: e 0.01: -0.17% (5/7)  e 0.02: -0.19% (5/7)  e 0.03: -0.06% (4/7)  e 0.04: +0.20% (3/7)  e 0.06: +1.17% (3/7)
    best e 0.02: ADP<=60 -0.04% | 61-150 -0.30% | weeks 3-6 +0.16% | 7+ -0.31% | by season 2019:-1.4 2020:+0.5 2021:-1.0 2022:-0.2 2023:-1.4 2024:-0.1 2025:+1.8
    LOYO +0.23% 5/7 | board +0.035% | picks ['e 0.01', 'e 0.02', 'e 0.01', 'e 0.02', 'e 0.01', 'e 0.02', 'e 0.03']
    FWD  +0.39% 2/4 | board +0.057% | picks ['e 0.03', 'e 0.03', 'e 0.03', 'e 0.03']
    -> FAIL

  box_run WR+TE (rho +0.007, sign +, rows 4,714)
    fixed: e 0.01: -0.11% (6/7)  e 0.02: -0.17% (6/7)  e 0.03: -0.18% (6/7)  e 0.04: -0.13% (5/7)  e 0.06: +0.14% (3/7)
    best e 0.03: ADP<=60 -0.31% | 61-150 +0.21% | weeks 3-6 -0.10% | 7+ -0.21% | by season 2019:-0.6 2020:+0.5 2021:-0.4 2022:-0.2 2023:-0.1 2024:-0.5 2025:-0.0
    LOYO -0.14% 6/7 | board -0.062% | picks ['e 0.02', 'e 0.03', 'e 0.02', 'e 0.03', 'e 0.03', 'e 0.02', 'e 0.03']
    FWD  -0.17% 4/4 | board -0.079% | picks ['e 0.02', 'e 0.02', 'e 0.02', 'e 0.03']
    -> FAIL

  box_run WR (rho +0.007, sign +, rows 3,640)
    fixed: e 0.01: -0.10% (6/7)  e 0.02: -0.15% (5/7)  e 0.03: -0.15% (5/7)  e 0.04: -0.10% (4/7)  e 0.06: +0.17% (3/7)
    best e 0.02: ADP<=60 -0.24% | 61-150 +0.16% | weeks 3-6 +0.03% | 7+ -0.23% | by season 2019:-0.3 2020:+0.1 2021:-0.2 2022:-0.1 2023:+0.1 2024:-0.5 2025:-0.2
    LOYO -0.12% 5/7 | board -0.042% | picks ['e 0.02', 'e 0.03', 'e 0.02', 'e 0.03', 'e 0.03', 'e 0.02', 'e 0.02']
    FWD  -0.17% 3/4 | board -0.064% | picks ['e 0.02', 'e 0.02', 'e 0.02', 'e 0.02']
    -> FAIL

  box_run TE (rho +0.004, sign +, rows 1,074)
    fixed: e 0.01: -0.17% (4/7)  e 0.02: -0.27% (4/7)  e 0.03: -0.30% (4/7)  e 0.04: -0.27% (4/7)  e 0.06: -0.02% (4/7)
    best e 0.03: ADP<=60 -0.44% | 61-150 -0.08% | weeks 3-6 -1.19% | 7+ +0.03% | by season 2019:-1.5 2020:+2.0 2021:-1.0 2022:-0.8 2023:-1.5 2024:+0.3 2025:+0.9
    LOYO +0.01% 4/7 | board +0.001% | picks ['e 0.02', 'e 0.04', 'e 0.02', 'e 0.03', 'e 0.02', 'e 0.03', 'e 0.04']
    FWD  -0.19% 2/4 | board -0.013% | picks ['e 0.03', 'e 0.03', 'e 0.04', 'e 0.04']
    -> FAIL

  box_run RB (rho -0.029, sign -, rows 2,866)
    fixed: e 0.01: -0.11% (4/7)  e 0.02: -0.15% (4/7)  e 0.03: -0.14% (4/7)  e 0.04: -0.07% (4/7)  e 0.06: +0.25% (4/7)
    best e 0.02: ADP<=60 -0.16% | 61-150 -0.09% | weeks 3-6 -0.01% | 7+ -0.21% | by season 2019:+0.1 2020:+0.6 2021:-0.4 2022:+0.4 2023:-0.8 2024:-0.5 2025:-0.3
    LOYO +0.01% 4/7 | board +0.002% | picks ['e 0.03', 'e 0.03', 'e 0.02', 'e 0.03', 'e 0.01', 'e 0.02', 'e 0.02']
    FWD  -0.15% 2/4 | board -0.050% | picks ['off', 'off', 'e 0.01', 'e 0.02']
    -> FAIL

  box_run QB (rho +0.017, sign +, rows 1,447)
    fixed: e 0.01: -0.09% (5/7)  e 0.02: -0.04% (5/7)  e 0.03: +0.15% (4/7)  e 0.04: +0.48% (3/7)  e 0.06: +1.57% (3/7)
    best e 0.01: ADP<=60 +0.01% | 61-150 -0.17% | weeks 3-6 +0.24% | 7+ -0.21% | by season 2019:-0.7 2020:+0.3 2021:-0.6 2022:-0.2 2023:-0.4 2024:-0.2 2025:+0.9
    LOYO +0.35% 5/7 | board +0.052% | picks ['e 0.01', 'e 0.02', 'e 0.01', 'e 0.01', 'e 0.01', 'e 0.01', 'e 0.03']
    FWD  +0.68% 2/4 | board +0.099% | picks ['e 0.03', 'e 0.02', 'e 0.03', 'e 0.03']
    -> FAIL

  rushers WR+TE (rho +0.010, sign +, rows 4,714)
    fixed: e 0.01: -0.03% (4/7)  e 0.02: +0.00% (4/7)  e 0.03: +0.08% (4/7)  e 0.04: +0.21% (4/7)  e 0.06: +0.62% (2/7)
    best e 0.01: ADP<=60 -0.03% | 61-150 -0.00% | weeks 3-6 -0.18% | 7+ +0.04% | by season 2019:+0.1 2020:+0.5 2021:-0.2 2022:+0.0 2023:-0.1 2024:-0.2 2025:-0.1
    LOYO +0.09% 2/7 | board +0.042% | picks ['e 0.01', 'e 0.02', 'off', 'e 0.01', 'e 0.01', 'off', 'e 0.01']
    FWD  -0.02% 1/4 | board -0.008% | picks ['off', 'off', 'off', 'e 0.01']
    -> FAIL

  rushers WR (rho +0.011, sign +, rows 3,640)
    fixed: e 0.01: -0.02% (5/7)  e 0.02: +0.00% (5/7)  e 0.03: +0.08% (2/7)  e 0.04: +0.19% (2/7)  e 0.06: +0.57% (2/7)
    best e 0.01: ADP<=60 -0.03% | 61-150 +0.00% | weeks 3-6 -0.12% | 7+ +0.02% | by season 2019:+0.1 2020:+0.3 2021:-0.0 2022:-0.0 2023:-0.0 2024:-0.2 2025:-0.1
    LOYO +0.06% 4/7 | board +0.023% | picks ['e 0.01', 'e 0.02', 'e 0.01', 'e 0.01', 'e 0.01', 'off', 'e 0.01']
    FWD  -0.03% 1/4 | board -0.011% | picks ['off', 'off', 'off', 'e 0.01']
    -> FAIL

  rushers TE (rho +0.005, sign +, rows 1,074)
    fixed: e 0.01: -0.04% (3/7)  e 0.02: -0.01% (3/7)  e 0.03: +0.10% (3/7)  e 0.04: +0.28% (3/7)  e 0.06: +0.87% (3/7)
    best e 0.01: ADP<=60 -0.06% | 61-150 -0.01% | weeks 3-6 -0.48% | 7+ +0.12% | by season 2019:-0.3 2020:+1.1 2021:-0.6 2022:+0.3 2023:-0.5 2024:+0.0 2025:+0.2
    LOYO +0.50% 1/7 | board +0.039% | picks ['e 0.01', 'e 0.03', 'off', 'e 0.02', 'off', 'e 0.01', 'e 0.01']
    FWD  +0.13% 0/4 | board +0.009% | picks ['e 0.01', 'off', 'e 0.02', 'e 0.01']
    -> FAIL

  rushers RB (rho -0.040, sign -, rows 2,866)
    fixed: e 0.01: -0.06% (5/7)  e 0.02: -0.06% (4/7)  e 0.03: +0.01% (3/7)  e 0.04: +0.13% (3/7)  e 0.06: +0.56% (2/7)
    best e 0.01: ADP<=60 -0.05% | 61-150 -0.09% | weeks 3-6 +0.13% | 7+ -0.13% | by season 2019:+0.6 2020:+0.3 2021:-0.2 2022:-0.0 2023:-0.7 2024:-0.2 2025:-0.0
    LOYO +0.26% 3/7 | board +0.086% | picks ['e 0.03', 'e 0.02', 'e 0.01', 'e 0.02', 'off', 'e 0.01', 'e 0.02']
    FWD  -0.04% 1/4 | board -0.014% | picks ['off', 'off', 'e 0.01', 'e 0.02']
    -> FAIL

  rushers QB (rho -0.000, sign -, rows 1,447)
    fixed: e 0.01: +0.03% (3/7)  e 0.02: +0.21% (3/7)  e 0.03: +0.53% (3/7)  e 0.04: +0.99% (3/7)  e 0.06: +2.34% (2/7)
    best off: ADP<=60 +0.00% | 61-150 +0.00% | weeks 3-6 +0.00% | 7+ +0.00% | by season 2019:+0.0 2020:+0.0 2021:+0.0 2022:+0.0 2023:+0.0 2024:+0.0 2025:+0.0
    LOYO +0.23% 0/7 | board +0.034% | picks ['e 0.01', 'off', 'e 0.01', 'off', 'e 0.01', 'off', 'off']
    FWD  +0.00% 0/4 | board +0.000% | picks ['off', 'off', 'off', 'off']
    -> FAIL

  pressure WR+TE (rho -0.016, sign -, rows 4,714)
    fixed: e 0.01: -0.09% (5/7)  e 0.02: -0.13% (5/7)  e 0.03: -0.13% (4/7)  e 0.04: -0.08% (4/7)  e 0.06: +0.17% (3/7)
    best e 0.02: ADP<=60 -0.18% | 61-150 +0.00% | weeks 3-6 -0.04% | 7+ -0.17% | by season 2019:+0.1 2020:-0.3 2021:-0.2 2022:+0.3 2023:-0.0 2024:-0.3 2025:-0.5
    LOYO -0.08% 4/7 | board -0.035% | picks ['e 0.03', 'e 0.02', 'e 0.02', 'e 0.03', 'e 0.03', 'e 0.02', 'e 0.02']
    FWD  -0.12% 3/4 | board -0.053% | picks ['e 0.02', 'e 0.01', 'e 0.01', 'e 0.02']
    -> FAIL

  pressure WR (rho -0.018, sign -, rows 3,640)
    fixed: e 0.01: -0.10% (5/7)  e 0.02: -0.15% (5/7)  e 0.03: -0.14% (5/7)  e 0.04: -0.09% (5/7)  e 0.06: +0.18% (3/7)
    best e 0.02: ADP<=60 -0.19% | 61-150 -0.00% | weeks 3-6 +0.00% | 7+ -0.21% | by season 2019:+0.5 2020:-0.2 2021:-0.1 2022:+0.2 2023:-0.1 2024:-0.3 2025:-0.6
    LOYO -0.08% 5/7 | board -0.030% | picks ['e 0.03', 'e 0.02', 'e 0.02', 'e 0.03', 'e 0.02', 'e 0.02', 'e 0.02']
    FWD  -0.19% 2/4 | board -0.072% | picks ['e 0.01', 'off', 'e 0.01', 'e 0.02']
    -> FAIL

  pressure TE (rho -0.010, sign -, rows 1,074)
    fixed: e 0.01: -0.05% (3/7)  e 0.02: -0.07% (3/7)  e 0.03: -0.06% (3/7)  e 0.04: -0.02% (3/7)  e 0.06: +0.16% (3/7)
    best e 0.02: ADP<=60 -0.12% | 61-150 +0.01% | weeks 3-6 -0.29% | 7+ +0.01% | by season 2019:-1.6 2020:-0.6 2021:-0.3 2022:+0.4 2023:+0.6 2024:+0.3 2025:+0.1
    LOYO +0.35% 2/7 | board +0.027% | picks ['off', 'e 0.01', 'e 0.01', 'e 0.03', 'e 0.04', 'e 0.03', 'e 0.03']
    FWD  +1.22% 0/4 | board +0.086% | picks ['e 0.06', 'e 0.06', 'e 0.04', 'e 0.03']
    -> FAIL

  pressure RB (rho -0.037, sign -, rows 2,866)
    fixed: e 0.01: +0.10% (2/7)  e 0.02: +0.26% (2/7)  e 0.03: +0.48% (2/7)  e 0.04: +0.77% (2/7)  e 0.06: +1.55% (1/7)
    best off: ADP<=60 +0.00% | 61-150 +0.00% | weeks 3-6 +0.00% | 7+ +0.00% | by season 2019:+0.0 2020:+0.0 2021:+0.0 2022:+0.0 2023:+0.0 2024:+0.0 2025:+0.0
    LOYO +0.10% 0/7 | board +0.033% | picks ['off', 'off', 'off', 'e 0.01', 'off', 'off', 'off']
    FWD  +0.00% 0/4 | board +0.000% | picks ['off', 'off', 'off', 'off']
    -> FAIL

  pressure QB (rho -0.056, sign -, rows 1,447)
    fixed: e 0.01: -0.26% (6/7)  e 0.02: -0.41% (5/7)  e 0.03: -0.45% (5/7)  e 0.04: -0.37% (5/7)  e 0.06: +0.13% (5/7)
    best e 0.03: ADP<=60 -0.57% | 61-150 -0.35% | weeks 3-6 -1.11% | 7+ -0.22% | by season 2019:-0.6 2020:-0.6 2021:+0.9 2022:-0.8 2023:+0.2 2024:-0.6 2025:-1.4
    LOYO -0.39% 5/7 | board -0.058% | picks ['e 0.03', 'e 0.03', 'e 0.03', 'e 0.03', 'e 0.03', 'e 0.03', 'e 0.02']
    FWD  -0.57% 3/4 | board -0.083% | picks ['e 0.02', 'e 0.02', 'e 0.02', 'e 0.02']
    -> PASS: e 0.03

Limitations: participation box / rusher counts exist on ~74% of plays 2019-24 (100% 2025); team rates season to date, 2+ team games; the blended base already carries Vegas, FPA and the shadow's context; prop anchor / docks not replayed.
