  2019: samples so far 1946
  2020: samples so far 4039
  2021: samples so far 6612
  2022: samples so far 9294
  2023: samples so far 12496
  2024: samples so far 15871
  2025: samples so far 18940
  skipped: {'weekly': 375, 'team': 270}
  2019: samples so far 1946
  2020: samples so far 4039
  2021: samples so far 6612
  2022: samples so far 9294
  2023: samples so far 12496
  2024: samples so far 15871
  2025: samples so far 18940
  skipped: {'weekly': 375, 'team': 270}
=== base as wired: per-position blend QB/RB/WR .7, TE .3 on the shadow | 10,520 top-150 rows ===
    blend vs the Clay-blend model alone:  -1.09% (7/7) rho 0.387->0.394 pairs 64.71%

=== 3  CLAY-SIDE PRIOR: 50/50 Clay per game + prior-season PPG (rows with 6+ games last season: 9,041 of 10,520) ===
    variant                                                     Clay-model alone vs today |                inside the blend vs blend | touched rows alone | touched rows blend
    WR/TE 50/50                                   +0.15% (2/7) rho 0.387->0.385 pairs 64.31% |  +0.04% (2/7) rho 0.394->0.393 pairs 64.69% |  +0.34% (2/7) rho 0.344->0.340 pairs 62.13% |  +0.09% (2/7) rho 0.346->0.343 pairs 62.52%
    WR/TE 25/75 (25% prior-year)                  +0.02% (2/7) rho 0.387->0.386 pairs 64.33% |  +0.01% (2/7) rho 0.394->0.396 pairs 64.72% |  +0.04% (2/7) rho 0.344->0.341 pairs 62.21% |  +0.02% (2/7) rho 0.346->0.347 pairs 62.59%
    WR/TE/RB 50/50                                +0.29% (2/7) rho 0.387->0.384 pairs 64.27% |  +0.09% (2/7) rho 0.394->0.393 pairs 64.67% |  +0.38% (2/7) rho 0.389->0.384 pairs 63.65% |  +0.12% (2/7) rho 0.393->0.391 pairs 63.99%
    all four 50/50                                +0.55% (2/7) rho 0.387->0.381 pairs 64.23% |  +0.17% (2/7) rho 0.394->0.392 pairs 64.66% |  +0.60% (2/7) rho 0.372->0.365 pairs 63.40% |  +0.18% (2/7) rho 0.376->0.373 pairs 63.76%
    WR only 50/50                                 +0.13% (2/7) rho 0.387->0.387 pairs 64.32% |  +0.03% (2/7) rho 0.394->0.394 pairs 64.70% |  +0.36% (2/7) rho 0.333->0.332 pairs 62.06% |  +0.07% (2/7) rho 0.344->0.342 pairs 62.50%
    TE only 50/50                                 +0.02% (3/7) rho 0.387->0.385 pairs 64.34% |  +0.01% (2/7) rho 0.394->0.394 pairs 64.71% |  +0.26% (3/7) rho 0.356->0.350 pairs 63.05% |  +0.16% (2/7) rho 0.348->0.344 pairs 62.82%
    -- 2022-25 only --
    WR/TE 50/50                                   +0.06% (2/4) rho 0.374->0.371 pairs 64.10% |  -0.00% (2/4) rho 0.381->0.378 pairs 64.56% |  +0.13% (2/4) rho 0.343->0.338 pairs 62.07% |  -0.00% (2/4) rho 0.350->0.344 pairs 62.71%
    WR/TE 25/75 (25% prior-year)                  -0.03% (2/4) rho 0.374->0.372 pairs 64.16% |  -0.01% (2/4) rho 0.381->0.382 pairs 64.59% |  -0.06% (2/4) rho 0.343->0.341 pairs 62.23% |  -0.02% (2/4) rho 0.350->0.351 pairs 62.77%
    WR/TE/RB 50/50                                +0.19% (2/4) rho 0.374->0.369 pairs 64.06% |  +0.06% (2/4) rho 0.381->0.377 pairs 64.52% |  +0.25% (2/4) rho 0.375->0.371 pairs 63.56% |  +0.08% (2/4) rho 0.381->0.377 pairs 64.01%
    all four 50/50                                +0.40% (2/4) rho 0.374->0.367 pairs 64.03% |  +0.13% (2/4) rho 0.381->0.376 pairs 64.51% |  +0.44% (2/4) rho 0.362->0.355 pairs 63.31% |  +0.14% (2/4) rho 0.368->0.363 pairs 63.76%
    WR/TE 50/50 by cut (inside the blend vs blend): WR +0.07% (2/7) | TE +0.16% (2/7) | ADP 1-30 +0.11% (2/7) | 31-60 +0.06% (4/7) | 61-100 -0.03% (3/7) | 101-150 +0.24% (3/7) | weeks 1-4 +0.27% (2/7) | weeks 5-9 +0.05% (4/7) | weeks 10+ +0.00% (3/7)
    by season (blend, WR/TE rows): 2019: +0.2%  2020: +0.4%  2021: +0.1%  2022: -0.5%  2023: -0.2%  2024: +0.4%  2025: +0.2%

=== 4  ESPN IN THE SOFT BAND (ESPN rows on 10,381 of 10,520 top-150 rows; band 31-60 rows 2,378, with ESPN 2,353) ===
    variant                                                 band 31-60 rows (error, rho, pairs) |                               all top-150 rows
    ESPN 50/50 on every row (rank mix)               -0.48% (5/7) rho 0.105->0.116 pairs 54.60% |     -0.76% (7/7) rho 0.394->0.394 pairs 65.00%
    ESPN 50/50 on ADP 31-60 only                     -0.48% (5/7) rho 0.105->0.116 pairs 54.60% |     -0.10% (5/7) rho 0.394->0.392 pairs 64.73%
    ESPN 30% on ADP 31-60 only                       -0.50% (7/7) rho 0.105->0.110 pairs 54.19% |     -0.11% (7/7) rho 0.394->0.395 pairs 64.73%
    ESPN 50/50 on ADP 31-100                         -0.48% (5/7) rho 0.105->0.116 pairs 54.60% |     -0.24% (7/7) rho 0.394->0.394 pairs 64.85%
    ESPN 50/50 on ADP 31-60, WR/TE only              -0.18% (5/7) rho 0.105->0.114 pairs 54.48% |     -0.04% (5/7) rho 0.394->0.394 pairs 64.74%
    -- 2022-25 only --
    ESPN 50/50 on every row (rank mix)               -0.73% (3/4) rho 0.134->0.159 pairs 56.23% |     -0.82% (4/4) rho 0.381->0.382 pairs 65.00%
    ESPN 50/50 on ADP 31-60 only                     -0.73% (3/4) rho 0.134->0.159 pairs 56.23% |     -0.15% (3/4) rho 0.381->0.379 pairs 64.66%
    ESPN 30% on ADP 31-60 only                       -0.67% (4/4) rho 0.134->0.151 pairs 55.96% |     -0.14% (4/4) rho 0.381->0.382 pairs 64.66%
    ESPN 50/50 on ADP 31-100                         -0.73% (3/4) rho 0.134->0.159 pairs 56.23% |     -0.24% (4/4) rho 0.381->0.382 pairs 64.79%
    ESPN 50/50 on ADP 31-60, WR/TE only              -0.28% (3/4) rho 0.134->0.155 pairs 56.03% |     -0.06% (3/4) rho 0.381->0.381 pairs 64.66%
    band rows by position (ESPN 50/50 in band): QB  -0.55% (4/7) rho nan->nan pairs 0.00% | RB  -0.90% (5/7) rho 0.174->0.198 pairs 58.56% | WR  -0.76% (6/7) rho 0.096->0.106 pairs 54.28% | TE  +1.49% (1/7) rho nan->nan pairs 0.00%
    band rho by season (blend -> ESPN in band): 2019: -0.101->-0.077  2020: 0.019->0.054  2021: 0.182->0.103  2022: -0.017->0.010  2023: 0.186->0.176  2024: 0.196->0.233  2025: 0.099->0.156
    reference: ESPN alone on the band rows:  +0.83% (1/7) rho 0.105->0.120 pairs 54.69%

Limitations: next-game, pre-book; book anchor / docks not replayed; ESPN rows where their weekly file has the player; prior-season PPG from the weekly logs (6+ games).
