=== Correlates of scoring: season-long vs weekly, by position ===
  season rows 1390 (player-seasons, >= 4 graded weeks) | weekly rows 17657 (weeks 2+)

=== QB: SEASON points per game (n=203 player-seasons) - top correlates ===
  Clay preseason PPG (reference)           r +0.579  rho +0.592  (n 203)
  preseason ADP (log, lower = earlier)     r -0.493  rho -0.496  (n 154)
  prior-year PPG                           r +0.491  rho +0.517  (n 133)
  changed team                             r -0.430  rho -0.428  (n 178)
  prior-year carry share                   r +0.385  rho +0.354  (n 178)
  prior-year xFP / game                    r +0.363  rho +0.338  (n 178)
  prior-year games                         r +0.337  rho +0.321  (n 203)
  JM prospect score                        r +0.304  rho +0.216  (n 134)
  week-1 depth string                      r -0.294  rho -0.261  (n 200)
  prior-year target share                  r +0.172  rho +0.164  (n 178)
  rookie                                   r -0.154  rho -0.155  (n 203)
  new head coach                           r -0.110  rho -0.103  (n 203)
=== QB: WEEKLY points (n=2554 player-weeks) - top correlates ===
  team implied total                       r +0.326  rho +0.322  (n 2554)
  season-to-date PPG                       r +0.308  rho +0.294  (n 2554)
  last 3 games avg                         r +0.298  rho +0.277  (n 2554)
  Clay preseason PPG (reference)           r +0.282  rho +0.285  (n 2554)
  last game points                         r +0.240  rho +0.217  (n 2554)
  game total                               r +0.236  rho +0.221  (n 2554)
  preseason ADP (log, lower = earlier)     r -0.231  rho -0.226  (n 2033)
  prior-year PPG                           r +0.226  rho +0.238  (n 1733)
  spread (team favored = negative)         r +0.222  rho +0.217  (n 2554)
  xFP / game (season)                      r +0.210  rho +0.198  (n 2554)
  prior-year carry share                   r +0.209  rho +0.186  (n 2259)
  prior-year xFP / game                    r +0.201  rho +0.178  (n 2259)
  changed team                             r -0.195  rho -0.191  (n 2259)
  carry share (season)                     r +0.195  rho +0.178  (n 2514)
  carry share (last 3)                     r +0.185  rho +0.167  (n 2514)
=== QB: the same preseason feature at both horizons (r season | r weekly) ===
  Clay preseason PPG (reference)           +0.579 | +0.282
  preseason ADP (log, lower = earlier)     -0.493 | -0.231
  prior-year PPG                           +0.491 | +0.226
  changed team                             -0.430 | -0.195
  prior-year carry share                   +0.385 | +0.209
  prior-year xFP / game                    +0.363 | +0.201
  prior-year games                         +0.337 | +0.161
  JM prospect score                        +0.304 | +0.155
  week-1 depth string                      -0.294 | -0.137
  prior-year target share                  +0.172 | +0.083
  rookie                                   -0.154 | -0.085
  new head coach                           -0.110 | -0.067
  new play-caller                          -0.077 | -0.030
  2nd year                                 -0.072 | -0.025
  draft pick (lower = earlier)             +0.031 | +0.007
  age                                      -0.027 | -0.012
  experience (yrs)                         +0.005 | +0.005

=== RB: SEASON points per game (n=347 player-seasons) - top correlates ===
  Clay preseason PPG (reference)           r +0.725  rho +0.723  (n 347)
  preseason ADP (log, lower = earlier)     r -0.675  rho -0.692  (n 285)
  prior-year PPG                           r +0.672  rho +0.686  (n 209)
  prior-year xFP / game                    r +0.620  rho +0.638  (n 272)
  prior-year carry share                   r +0.569  rho +0.581  (n 272)
  week-1 depth string                      r -0.536  rho -0.590  (n 309)
  JM prospect score                        r +0.514  rho +0.484  (n 306)
  draft pick (lower = earlier)             r -0.461  rho -0.507  (n 293)
  prior-year target share                  r +0.429  rho +0.432  (n 272)
  prior-year games                         r +0.226  rho +0.231  (n 347)
  changed team                             r -0.175  rho -0.178  (n 272)
  rookie                                   r -0.128  rho -0.119  (n 341)
=== RB: WEEKLY points (n=4492 player-weeks) - top correlates ===
  season-to-date PPG                       r +0.483  rho +0.533  (n 4492)
  carry share (last 3)                     r +0.464  rho +0.515  (n 4358)
  last 3 games avg                         r +0.462  rho +0.517  (n 4492)
  xFP / game (season)                      r +0.459  rho +0.509  (n 4492)
  snap share (season)                      r +0.459  rho +0.506  (n 4358)
  carry share (season)                     r +0.458  rho +0.507  (n 4358)
  snap share last game                     r +0.454  rho +0.504  (n 4358)
  Clay preseason PPG (reference)           r +0.453  rho +0.480  (n 4492)
  red-zone carry share                     r +0.411  rho +0.453  (n 4329)
  preseason ADP (log, lower = earlier)     r -0.399  rho -0.431  (n 3737)
  prior-year PPG                           r +0.390  rho +0.423  (n 2765)
  last game points                         r +0.382  rho +0.447  (n 4492)
  prior-year xFP / game                    r +0.381  rho +0.421  (n 3540)
  this week's depth string                 r -0.374  rho -0.430  (n 4077)
  goal-line carry share                    r +0.355  rho +0.393  (n 4141)
=== RB: the same preseason feature at both horizons (r season | r weekly) ===
  Clay preseason PPG (reference)           +0.725 | +0.453
  preseason ADP (log, lower = earlier)     -0.675 | -0.399
  prior-year PPG                           +0.672 | +0.390
  prior-year xFP / game                    +0.620 | +0.381
  prior-year carry share                   +0.569 | +0.349
  week-1 depth string                      -0.536 | -0.338
  JM prospect score                        +0.514 | +0.309
  draft pick (lower = earlier)             -0.461 | -0.279
  prior-year target share                  +0.429 | +0.268
  prior-year games                         +0.226 | +0.147
  changed team                             -0.175 | -0.105
  rookie                                   -0.128 | -0.094
  experience (yrs)                         +0.103 | +0.069
  new head coach                           -0.066 | -0.039
  2nd year                                 -0.054 | -0.021
  new play-caller                          -0.033 | -0.018
  age                                      +0.019 | +0.017

=== WR: SEASON points per game (n=565 player-seasons) - top correlates ===
  Clay preseason PPG (reference)           r +0.733  rho +0.733  (n 565)
  prior-year PPG                           r +0.696  rho +0.717  (n 354)
  prior-year xFP / game                    r +0.669  rho +0.677  (n 472)
  prior-year target share                  r +0.649  rho +0.658  (n 472)
  preseason ADP (log, lower = earlier)     r -0.632  rho -0.645  (n 364)
  JM prospect score                        r +0.425  rho +0.426  (n 423)
  week-1 depth string                      r -0.379  rho -0.420  (n 540)
  draft pick (lower = earlier)             r -0.275  rho -0.299  (n 500)
  prior-year games                         r +0.270  rho +0.314  (n 565)
  changed team                             r -0.145  rho -0.145  (n 472)
  experience (yrs)                         r +0.109  rho +0.099  (n 563)
  rookie                                   r -0.106  rho -0.098  (n 563)
=== WR: WEEKLY points (n=7202 player-weeks) - top correlates ===
  target share (season)                    r +0.425  rho +0.465  (n 6977)
  Clay preseason PPG (reference)           r +0.421  rho +0.446  (n 7202)
  season-to-date PPG                       r +0.417  rho +0.462  (n 7202)
  target share (last 3)                    r +0.410  rho +0.448  (n 6977)
  WOPR                                     r +0.405  rho +0.447  (n 7202)
  xFP / game (season)                      r +0.401  rho +0.444  (n 7202)
  prior-year PPG                           r +0.387  rho +0.418  (n 4590)
  prior-year xFP / game                    r +0.383  rho +0.410  (n 6027)
  last 3 games avg                         r +0.383  rho +0.430  (n 7202)
  prior-year target share                  r +0.374  rho +0.406  (n 6027)
  air-yards share                          r +0.367  rho +0.404  (n 6977)
  snap share (season)                      r +0.353  rho +0.388  (n 6977)
  snap share last game                     r +0.330  rho +0.362  (n 6977)
  preseason ADP (log, lower = earlier)     r -0.326  rho -0.349  (n 4842)
  last game points                         r +0.296  rho +0.350  (n 7202)
=== WR: the same preseason feature at both horizons (r season | r weekly) ===
  Clay preseason PPG (reference)           +0.733 | +0.421
  prior-year PPG                           +0.696 | +0.387
  prior-year xFP / game                    +0.669 | +0.383
  prior-year target share                  +0.649 | +0.374
  preseason ADP (log, lower = earlier)     -0.632 | -0.326
  JM prospect score                        +0.425 | +0.258
  week-1 depth string                      -0.379 | -0.214
  draft pick (lower = earlier)             -0.275 | -0.159
  prior-year games                         +0.270 | +0.150
  changed team                             -0.145 | -0.073
  experience (yrs)                         +0.109 | +0.064
  rookie                                   -0.106 | -0.062
  new head coach                           -0.082 | -0.047
  prior-year carry share                   +0.062 | +0.033
  new play-caller                          -0.045 | -0.025
  age                                      +0.041 | +0.022
  2nd year                                 -0.030 | -0.020

=== TE: SEASON points per game (n=275 player-seasons) - top correlates ===
  prior-year PPG                           r +0.733  rho +0.716  (n 182)
  Clay preseason PPG (reference)           r +0.730  rho +0.698  (n 275)
  prior-year target share                  r +0.656  rho +0.629  (n 246)
  prior-year xFP / game                    r +0.618  rho +0.592  (n 246)
  preseason ADP (log, lower = earlier)     r -0.560  rho -0.514  (n 126)
  week-1 depth string                      r -0.335  rho -0.365  (n 265)
  JM prospect score                        r +0.284  rho +0.330  (n 200)
  changed team                             r -0.234  rho -0.231  (n 246)
  prior-year carry share                   r +0.171  rho +0.193  (n 246)
  new head coach                           r -0.157  rho -0.135  (n 275)
  prior-year games                         r +0.150  rho +0.236  (n 275)
  draft pick (lower = earlier)             r -0.132  rho -0.164  (n 257)
=== TE: WEEKLY points (n=3409 player-weeks) - top correlates ===
  target share (season)                    r +0.431  rho +0.469  (n 3359)
  WOPR                                     r +0.423  rho +0.461  (n 3409)
  Clay preseason PPG (reference)           r +0.413  rho +0.418  (n 3409)
  season-to-date PPG                       r +0.410  rho +0.450  (n 3409)
  xFP / game (season)                      r +0.410  rho +0.442  (n 3409)
  prior-year PPG                           r +0.406  rho +0.416  (n 2283)
  target share (last 3)                    r +0.406  rho +0.447  (n 3359)
  last 3 games avg                         r +0.380  rho +0.421  (n 3409)
  prior-year target share                  r +0.379  rho +0.389  (n 3041)
  air-yards share                          r +0.371  rho +0.416  (n 3359)
  prior-year xFP / game                    r +0.362  rho +0.371  (n 3041)
  snap share (season)                      r +0.354  rho +0.397  (n 3359)
  snap share last game                     r +0.347  rho +0.392  (n 3359)
  last game points                         r +0.303  rho +0.341  (n 3409)
  preseason ADP (log, lower = earlier)     r -0.275  rho -0.258  (n 1635)
=== TE: the same preseason feature at both horizons (r season | r weekly) ===
  prior-year PPG                           +0.733 | +0.406
  Clay preseason PPG (reference)           +0.730 | +0.413
  prior-year target share                  +0.656 | +0.379
  prior-year xFP / game                    +0.618 | +0.362
  preseason ADP (log, lower = earlier)     -0.560 | -0.275
  week-1 depth string                      -0.335 | -0.198
  JM prospect score                        +0.284 | +0.158
  changed team                             -0.234 | -0.121
  prior-year carry share                   +0.171 | +0.085
  new head coach                           -0.157 | -0.080
  prior-year games                         +0.150 | +0.085
  draft pick (lower = earlier)             -0.132 | -0.073
  new play-caller                          -0.110 | -0.066
  age                                      +0.039 | +0.038
  experience (yrs)                         +0.028 | +0.031
  2nd year                                 -0.025 | -0.016
  rookie                                   -0.012 | -0.007

=== Summary ===
  QB: season -> Clay preseason PPG (reference) (+0.58), preseason ADP (log, lower = earlier) (-0.49), prior-year PPG (+0.49) | weekly -> team implied total (+0.33), season-to-date PPG (+0.31), last 3 games avg (+0.30)
  RB: season -> Clay preseason PPG (reference) (+0.72), preseason ADP (log, lower = earlier) (-0.68), prior-year PPG (+0.67) | weekly -> season-to-date PPG (+0.48), carry share (last 3) (+0.46), last 3 games avg (+0.46)
  WR: season -> Clay preseason PPG (reference) (+0.73), prior-year PPG (+0.70), prior-year xFP / game (+0.67) | weekly -> target share (season) (+0.42), Clay preseason PPG (reference) (+0.42), season-to-date PPG (+0.42)
  TE: season -> prior-year PPG (+0.73), Clay preseason PPG (reference) (+0.73), prior-year target share (+0.66) | weekly -> target share (season) (+0.43), WOPR (+0.42), Clay preseason PPG (reference) (+0.41)
wrote data/corr_horizons.js (7s)
