=== Advanced stats / route share / alignment: correlations with scoring by position ===
  participation 2018: 32 teams
  participation 2019: 32 teams
  participation 2020: 32 teams
  participation 2021: 32 teams
  participation 2022: 32 teams
  participation 2023: 32 teams
  participation 2024: 32 teams
  participation 2025: 32 teams

=== QB: SEASON PPG (n=203) - advanced correlates ===
  prior-yr PPG (basic, for reference)          r +0.491  rho +0.517  (n 133)
  prior-yr elusive rating                      r +0.354  rho +0.341  (n 88)
  prior-yr PFF run grade                       r +0.262  rho +0.238  (n 88)
  prior-yr yards per carry                     r +0.257  rho +0.194  (n 88)
  prior-yr breakaway %                         r +0.229  rho +0.242  (n 88)
  prior-yr yards after contact / carry         r +0.215  rho +0.200  (n 88)
  prior-yr gap-scheme carry share              r +0.128  rho +0.172  (n 87)
  team shotgun rate (prior yr)                 r +0.108  rho +0.113  (n 203)
  team pass plays / game (prior yr)            r +0.068  rho +0.065  (n 203)
  prior-yr routes (RB receiving)               r +0.021  rho +0.018  (n 88)
  team 11-personnel rate (prior yr)            r -0.019  rho -0.014  (n 203)
  team 12-personnel rate (prior yr)            r +0.005  rho +0.032  (n 203)
=== QB: WEEKLY points (n=2554) - advanced correlates ===
  season-to-date PPG (basic, for reference)    r +0.308  rho +0.294  (n 2554)
  prior-yr PPG (basic, for reference)          r +0.226  rho +0.238  (n 1733)
  route share (last 3)                         r +0.212  rho +0.109  (n 2554)
  carry share (basic, for reference)           r +0.195  rho +0.178  (n 2514)
  route share (season-to-date)                 r +0.194  rho +0.136  (n 2554)
  prior-yr elusive rating                      r +0.161  rho +0.175  (n 1118)
  routes / game (season-to-date)               r +0.155  rho +0.107  (n 2554)
  route share x team pass plays                r +0.155  rho +0.107  (n 2554)
  prior-yr PFF run grade                       r +0.147  rho +0.143  (n 1118)
  team PROE (season-to-date)                   r +0.133  rho +0.136  (n 2554)
  route share x team PROE                      r +0.123  rho +0.123  (n 2554)
  prior-yr yards per carry                     r +0.116  rho +0.095  (n 1118)
  prior-yr breakaway %                         r +0.112  rho +0.137  (n 1118)
  prior-yr yards after contact / carry         r +0.100  rho +0.104  (n 1118)
  prior-yr gap-scheme carry share              r +0.093  rho +0.090  (n 1103)
  prior-yr YPRR (RB)                           r +0.055  rho +0.052  (n 534)
  beats the basics? season: prior-yr elusive rating 0.354 vs prior-yr PPG 0.491 | weekly: route share (last 3) 0.212 vs season-to-date PPG (basic, for reference) 0.308

=== RB: SEASON PPG (n=347) - advanced correlates ===
  prior-yr PPG (basic, for reference)          r +0.672  rho +0.686  (n 209)
  prior-yr routes (volume)                     r +0.356  rho +0.371  (n 220)
  prior-yr PFF offense grade                   r +0.353  rho +0.325  (n 220)
  prior-yr routes (RB receiving)               r +0.343  rho +0.358  (n 219)
  prior-yr targets (volume)                    r +0.329  rho +0.340  (n 220)
  prior-yr PFF run grade                       r +0.236  rho +0.214  (n 219)
  prior-yr route rate (PFF)                    r +0.219  rho +0.190  (n 220)
  prior-yr YAC per catch                       r +0.205  rho +0.202  (n 220)
  prior-yr yards after contact / carry         r +0.186  rho +0.161  (n 219)
  prior-yr yards per carry                     r +0.185  rho +0.142  (n 219)
  prior-yr breakaway %                         r +0.178  rho +0.141  (n 219)
  prior-yr YPRR (RB)                           r +0.172  rho +0.176  (n 219)
  prior-yr contested-catch rate                r -0.157  rho -0.142  (n 180)
  prior-yr PFF route grade                     r +0.155  rho +0.127  (n 220)
=== RB: WEEKLY points (n=4492) - advanced correlates ===
  season-to-date PPG (basic, for reference)    r +0.483  rho +0.533  (n 4492)
  carry share (basic, for reference)           r +0.458  rho +0.507  (n 4358)
  prior-yr PPG (basic, for reference)          r +0.390  rho +0.423  (n 2765)
  route share (last 3)                         r +0.378  rho +0.413  (n 4404)
  route share (season-to-date)                 r +0.376  rho +0.402  (n 4404)
  routes / game (season-to-date)               r +0.351  rho +0.381  (n 4404)
  route share x team pass plays                r +0.351  rho +0.381  (n 4404)
  target share (basic, for reference)          r +0.329  rho +0.367  (n 4358)
  prior-yr routes (volume)                     r +0.213  rho +0.251  (n 2894)
  prior-yr routes (RB receiving)               r +0.204  rho +0.238  (n 2901)
  prior-yr targets (volume)                    r +0.203  rho +0.234  (n 2894)
  prior-yr PFF offense grade                   r +0.186  rho +0.190  (n 2894)
  prior-yr route rate (PFF)                    r +0.143  rho +0.134  (n 2894)
  prior-yr YAC per catch                       r +0.120  rho +0.120  (n 2894)
  yards per route run (season-to-date)         r +0.120  rho +0.132  (n 3998)
  prior-yr PFF run grade                       r +0.119  rho +0.124  (n 2901)
  beats the basics? season: prior-yr routes (volume) 0.356 vs prior-yr PPG 0.672 | weekly: route share (last 3) 0.378 vs season-to-date PPG (basic, for reference) 0.483

=== WR: SEASON PPG (n=565) - advanced correlates ===
  prior-yr PPG (basic, for reference)          r +0.696  rho +0.717  (n 354)
  prior-yr targets (volume)                    r +0.659  rho +0.670  (n 417)
  prior-yr PFF route grade                     r +0.647  rho +0.640  (n 417)
  prior-yr PFF offense grade                   r +0.642  rho +0.636  (n 417)
  prior-yr yards per route run                 r +0.570  rho +0.564  (n 417)
  prior-yr targets per route                   r +0.547  rho +0.537  (n 417)
  prior-yr routes (volume)                     r +0.484  rho +0.503  (n 417)
  prior-yr drop rate                           r -0.159  rho -0.110  (n 417)
  prior-yr contested-catch rate                r +0.118  rho +0.131  (n 417)
  prior-yr inline rate (TE)                    r -0.109  rho +0.002  (n 417)
  prior-yr wide rate                           r +0.107  rho +0.116  (n 417)
  prior-yr slot rate                           r -0.103  rho -0.114  (n 417)
  team pass plays / game (prior yr)            r +0.064  rho +0.064  (n 565)
  team shotgun rate (prior yr)                 r -0.055  rho -0.050  (n 565)
=== WR: WEEKLY points (n=7202) - advanced correlates ===
  target share (basic, for reference)          r +0.425  rho +0.465  (n 6977)
  season-to-date PPG (basic, for reference)    r +0.417  rho +0.462  (n 7202)
  prior-yr PPG (basic, for reference)          r +0.387  rho +0.418  (n 4590)
  prior-yr targets (volume)                    r +0.382  rho +0.412  (n 5390)
  prior-yr PFF route grade                     r +0.376  rho +0.392  (n 5390)
  prior-yr PFF offense grade                   r +0.374  rho +0.391  (n 5390)
  prior-yr yards per route run                 r +0.330  rho +0.346  (n 5390)
  prior-yr targets per route                   r +0.324  rho +0.340  (n 5390)
  targets per route (season-to-date)           r +0.316  rho +0.344  (n 6990)
  route share (season-to-date)                 r +0.314  rho +0.354  (n 7189)
  route share (last 3)                         r +0.305  rho +0.356  (n 7189)
  yards per route run (season-to-date)         r +0.301  rho +0.338  (n 6990)
  routes / game (season-to-date)               r +0.300  rho +0.328  (n 7189)
  route share x team pass plays                r +0.300  rho +0.328  (n 7189)
  prior-yr routes (volume)                     r +0.280  rho +0.302  (n 5390)
  prior-yr drop rate                           r -0.088  rho -0.063  (n 5390)
  beats the basics? season: prior-yr targets (volume) 0.659 vs prior-yr PPG 0.696 | weekly: prior-yr targets (volume) 0.382 vs target share (basic, for reference) 0.425

=== TE: SEASON PPG (n=275) - advanced correlates ===
  prior-yr PPG (basic, for reference)          r +0.733  rho +0.716  (n 182)
  prior-yr targets (volume)                    r +0.653  rho +0.640  (n 219)
  prior-yr yards per route run                 r +0.578  rho +0.529  (n 219)
  prior-yr PFF route grade                     r +0.569  rho +0.507  (n 219)
  prior-yr PFF offense grade                   r +0.546  rho +0.459  (n 219)
  prior-yr routes (volume)                     r +0.534  rho +0.537  (n 219)
  prior-yr targets per route                   r +0.482  rho +0.471  (n 219)
  prior-yr route rate (PFF)                    r +0.278  rho +0.259  (n 219)
  prior-yr inline rate (TE)                    r -0.237  rho -0.254  (n 219)
  prior-yr slot rate                           r +0.228  rho +0.247  (n 219)
  prior-yr aDOT                                r +0.221  rho +0.239  (n 219)
  team 11-personnel rate (prior yr)            r -0.144  rho -0.128  (n 275)
  prior-yr wide rate                           r +0.130  rho +0.134  (n 219)
  prior-yr contested-catch rate                r +0.124  rho +0.136  (n 217)
=== TE: WEEKLY points (n=3409) - advanced correlates ===
  target share (basic, for reference)          r +0.431  rho +0.469  (n 3359)
  season-to-date PPG (basic, for reference)    r +0.410  rho +0.450  (n 3409)
  prior-yr PPG (basic, for reference)          r +0.406  rho +0.416  (n 2283)
  prior-yr targets (volume)                    r +0.372  rho +0.384  (n 2732)
  route share (season-to-date)                 r +0.345  rho +0.387  (n 3409)
  route share (last 3)                         r +0.342  rho +0.396  (n 3409)
  prior-yr yards per route run                 r +0.319  rho +0.307  (n 2732)
  routes / game (season-to-date)               r +0.318  rho +0.363  (n 3409)
  route share x team pass plays                r +0.318  rho +0.363  (n 3409)
  targets per route (season-to-date)           r +0.312  rho +0.335  (n 3316)
  prior-yr PFF route grade                     r +0.311  rho +0.293  (n 2732)
  prior-yr routes (volume)                     r +0.305  rho +0.323  (n 2732)
  prior-yr PFF offense grade                   r +0.297  rho +0.259  (n 2732)
  yards per route run (season-to-date)         r +0.297  rho +0.324  (n 3316)
  prior-yr targets per route                   r +0.272  rho +0.282  (n 2732)
  prior-yr route rate (PFF)                    r +0.153  rho +0.149  (n 2732)
  beats the basics? season: prior-yr targets (volume) 0.653 vs prior-yr PPG 0.733 | weekly: prior-yr targets (volume) 0.372 vs target share (basic, for reference) 0.431
wrote data/corr_advanced.js (14s)
