=== Decayed-games history inside the full shadow ===
  2019: samples so far 1946
  2020: samples so far 4039
  2021: samples so far 6624
  2022: samples so far 9329
  2023: samples so far 12576
  2024: samples so far 15995
  2025: samples so far 19064
  skipped: {'weekly': 385, 'team': 251}
  2019: samples so far 1946
  2020: samples so far 4039
  2021: samples so far 6624
  2022: samples so far 9329
  2023: samples so far 12576
  2024: samples so far 15995
  2025: samples so far 19064
  skipped: {'weekly': 385, 'team': 251}
  player-seasons 1404 | raw OPP available 1103 | decayed history (hl 12) available 1168

=== 1. HIST + OPP blend refit (veterans with an opportunity row): games-weighted MSE vs the season, LOYO ===
  regressed 3-season history (today)       n= 936 MSE  9.363 | coefficients [a, b history, c opportunity] {'RB': [-0.0497, 0.5809, 0.479], 'WR': [-1.8023, 0.8071, 0.4457], 'TE': [-0.6723, 0.2456, 0.8689]}
  decayed games, half-life 8               n= 926 MSE  8.681 | coefficients [a, b history, c opportunity] {'RB': [2.3617, 0.8201, -0.0363], 'WR': [1.5581, 0.7754, 0.0615], 'TE': [1.2745, 0.7587, 0.0298]}
  decayed games, half-life 12              n= 926 MSE  8.597 | coefficients [a, b history, c opportunity] {'RB': [1.953, 0.7357, 0.0987], 'WR': [1.4849, 0.8115, 0.0377], 'TE': [0.8695, 0.6789, 0.18]}
  decayed games, half-life 16              n= 926 MSE  8.597 | coefficients [a, b history, c opportunity] {'RB': [1.691, 0.6672, 0.1995], 'WR': [1.311, 0.794, 0.0783], 'TE': [0.6197, 0.6169, 0.2855]}

=== 2. The PRIOR itself vs the player's season rate (week-1 rows, top 150): RMSE and correlation ===
  current shadow                             weighted RMSE 3.073 | corr 0.788 | 1-30 corr 0.556 | 31-60 corr 0.722
  hl 8: hand prior only                      weighted RMSE 3.067 | corr 0.789 | 1-30 corr 0.561 | 31-60 corr 0.724
  hl 8: ridge only                           weighted RMSE 3.107 | corr 0.776 | 1-30 corr 0.555 | 31-60 corr 0.713
  hl 8: BOTH                                 weighted RMSE 3.101 | corr 0.778 | 1-30 corr 0.560 | 31-60 corr 0.715
  hl 12: hand prior only                     weighted RMSE 3.066 | corr 0.789 | 1-30 corr 0.562 | 31-60 corr 0.723
  hl 12: ridge only                          weighted RMSE 3.105 | corr 0.777 | 1-30 corr 0.556 | 31-60 corr 0.712
  hl 12: BOTH                                weighted RMSE 3.099 | corr 0.778 | 1-30 corr 0.560 | 31-60 corr 0.713
  hl 16: hand prior only                     weighted RMSE 3.065 | corr 0.789 | 1-30 corr 0.562 | 31-60 corr 0.723
  hl 16: ridge only                          weighted RMSE 3.104 | corr 0.778 | 1-30 corr 0.556 | 31-60 corr 0.711
  hl 16: BOTH                                weighted RMSE 3.098 | corr 0.779 | 1-30 corr 0.561 | 31-60 corr 0.712
  hl 12: ridge ADDS dk (keeps hist/h3/l8)    weighted RMSE 3.075 | corr 0.787 | 1-30 corr 0.556 | 31-60 corr 0.722
  hl 12 hand, market weight 0.65             weighted RMSE 3.054 | corr 0.790 | 1-30 corr 0.562 | 31-60 corr 0.722
  hl 12 hand, market weight 0.55             weighted RMSE 3.046 | corr 0.790 | 1-30 corr 0.562 | 31-60 corr 0.721
  hl 12 hand, market weight 0.45             weighted RMSE 3.041 | corr 0.790 | 1-30 corr 0.561 | 31-60 corr 0.720
  TODAY's history, market weight 0.65        weighted RMSE 3.065 | corr 0.788 | 1-30 corr 0.555 | 31-60 corr 0.720
  TODAY's history, market weight 0.55        weighted RMSE 3.060 | corr 0.788 | 1-30 corr 0.554 | 31-60 corr 0.718

=== 3. WEEKLY shadow, LOYO: cell = error vs the CURRENT shadow (seasons better); top 150 is importance-weighted, bands unweighted ===
  current shadow                             TOP 150 wtd: +0.00% (0/7) | ADP 1-30: +0.00% (0/7) | 31-60: +0.00% (0/7) | 61-100: +0.00% (0/7) | 101-150: +0.00% (0/7) | week 1: +0.00% (0/7) | games 1-3: +0.00% (0/7) | games 4+: +0.00% (0/7) || rho 0.3781 | top150 vs Clay -2.09%
  hl 8: hand prior only                      TOP 150 wtd: +0.00% (4/7) | ADP 1-30: -0.02% (4/7) | 31-60: -0.06% (5/7) | 61-100: +0.08% (2/7) | 101-150: -0.01% (4/7) | week 1: +0.07% (5/7) | games 1-3: -0.12% (7/7) | games 4+: +0.03% (2/7) || rho 0.3778 | top150 vs Clay -2.09%
  hl 8: ridge only                           TOP 150 wtd: +0.14% (0/7) | ADP 1-30: +0.04% (4/7) | 31-60: +0.15% (2/7) | 61-100: +0.24% (1/7) | 101-150: +0.64% (1/7) | week 1: +0.28% (4/7) | games 1-3: +0.46% (2/7) | games 4+: +0.03% (3/7) || rho 0.3757 | top150 vs Clay -1.96%
  hl 8: BOTH                                 TOP 150 wtd: +0.14% (1/7) | ADP 1-30: +0.03% (4/7) | 31-60: +0.09% (3/7) | 61-100: +0.32% (0/7) | 101-150: +0.62% (1/7) | week 1: +0.35% (4/7) | games 1-3: +0.34% (4/7) | games 4+: +0.06% (2/7) || rho 0.3765 | top150 vs Clay -1.96%
  hl 12: hand prior only                     TOP 150 wtd: -0.00% (4/7) | ADP 1-30: -0.04% (4/7) | 31-60: -0.04% (4/7) | 61-100: +0.08% (4/7) | 101-150: -0.01% (5/7) | week 1: -0.00% (5/7) | games 1-3: -0.15% (5/7) | games 4+: +0.04% (2/7) || rho 0.3775 | top150 vs Clay -2.10%
  hl 12: ridge only                          TOP 150 wtd: +0.12% (0/7) | ADP 1-30: +0.01% (4/7) | 31-60: +0.17% (1/7) | 61-100: +0.18% (1/7) | 101-150: +0.61% (1/7) | week 1: +0.11% (4/7) | games 1-3: +0.44% (2/7) | games 4+: +0.03% (2/7) || rho 0.3765 | top150 vs Clay -1.98%
  hl 12: BOTH                                TOP 150 wtd: +0.12% (2/7) | ADP 1-30: -0.03% (4/7) | 31-60: +0.13% (3/7) | 61-100: +0.26% (1/7) | 101-150: +0.60% (2/7) | week 1: +0.11% (4/7) | games 1-3: +0.30% (3/7) | games 4+: +0.06% (2/7) || rho 0.3760 | top150 vs Clay -1.98%
  hl 16: hand prior only                     TOP 150 wtd: -0.01% (4/7) | ADP 1-30: -0.05% (4/7) | 31-60: -0.03% (4/7) | 61-100: +0.09% (3/7) | 101-150: -0.01% (5/7) | week 1: -0.04% (5/7) | games 1-3: -0.15% (5/7) | games 4+: +0.04% (3/7) || rho 0.3771 | top150 vs Clay -2.10%
  hl 16: ridge only                          TOP 150 wtd: +0.11% (0/7) | ADP 1-30: -0.01% (5/7) | 31-60: +0.18% (1/7) | 61-100: +0.15% (1/7) | 101-150: +0.60% (2/7) | week 1: -0.00% (4/7) | games 1-3: +0.43% (1/7) | games 4+: +0.02% (1/7) || rho 0.3765 | top150 vs Clay -1.99%
  hl 16: BOTH                                TOP 150 wtd: +0.10% (2/7) | ADP 1-30: -0.05% (5/7) | 31-60: +0.15% (3/7) | 61-100: +0.24% (2/7) | 101-150: +0.58% (2/7) | week 1: -0.03% (4/7) | games 1-3: +0.29% (2/7) | games 4+: +0.06% (2/7) || rho 0.3759 | top150 vs Clay -1.99%
  hl 12: ridge ADDS dk (keeps hist/h3/l8)    TOP 150 wtd: +0.01% (4/7) | ADP 1-30: +0.01% (4/7) | 31-60: +0.01% (4/7) | 61-100: +0.00% (4/7) | 101-150: +0.02% (3/7) | week 1: -0.06% (4/7) | games 1-3: +0.02% (2/7) | games 4+: +0.01% (2/7) || rho 0.3789 | top150 vs Clay -2.08%
  hl 12 hand, market weight 0.65             TOP 150 wtd: -0.06% (6/7) | ADP 1-30: -0.12% (6/7) | 31-60: -0.06% (4/7) | 61-100: +0.04% (4/7) | 101-150: -0.01% (3/7) | week 1: -0.05% (4/7) | games 1-3: -0.24% (6/7) | games 4+: -0.01% (4/7) || rho 0.3766 | top150 vs Clay -2.15%
  hl 12 hand, market weight 0.55             TOP 150 wtd: -0.10% (5/7) | ADP 1-30: -0.19% (6/7) | 31-60: -0.07% (4/7) | 61-100: +0.01% (4/7) | 101-150: -0.00% (3/7) | week 1: -0.06% (4/7) | games 1-3: -0.31% (5/7) | games 4+: -0.05% (5/7) || rho 0.3770 | top150 vs Clay -2.20%
  hl 12 hand, market weight 0.45             TOP 150 wtd: -0.13% (5/7) | ADP 1-30: -0.23% (5/7) | 31-60: -0.06% (4/7) | 61-100: -0.01% (3/7) | 101-150: +0.01% (3/7) | week 1: -0.04% (3/7) | games 1-3: -0.35% (5/7) | games 4+: -0.08% (4/7) || rho 0.3756 | top150 vs Clay -2.22%
  TODAY's history, market weight 0.65        TOP 150 wtd: -0.04% (5/7) | ADP 1-30: -0.06% (4/7) | 31-60: +0.01% (3/7) | 61-100: -0.02% (4/7) | 101-150: +0.01% (3/7) | week 1: -0.03% (3/7) | games 1-3: -0.01% (3/7) | games 4+: -0.05% (5/7) || rho 0.3783 | top150 vs Clay -2.13%
  TODAY's history, market weight 0.55        TOP 150 wtd: -0.06% (5/7) | ADP 1-30: -0.10% (4/7) | 31-60: +0.04% (2/7) | 61-100: -0.03% (3/7) | 101-150: +0.02% (3/7) | week 1: -0.01% (3/7) | games 1-3: +0.01% (3/7) | games 4+: -0.09% (5/7) || rho 0.3788 | top150 vs Clay -2.16%

=== 4. WEEKLY shadow, FORWARD 2021-25 (blend refit + ridge on earlier seasons only): cell = error vs the CURRENT shadow (seasons better); top 150 is importance-weighted, bands unweighted ===
  current shadow                             TOP 150 wtd: +0.00% (0/5) | ADP 1-30: +0.00% (0/5) | 31-60: +0.00% (0/5) | 61-100: +0.00% (0/5) | 101-150: +0.00% (0/5) | week 1: +0.00% (0/5) | games 1-3: +0.00% (0/5) | games 4+: +0.00% (0/5) || rho 0.3646 | top150 vs Clay -2.37%
  hl 8: hand prior only                      TOP 150 wtd: +0.02% (2/5) | ADP 1-30: +0.01% (3/5) | 31-60: -0.02% (3/5) | 61-100: -0.05% (2/5) | 101-150: -0.00% (2/5) | week 1: +0.24% (1/5) | games 1-3: -0.06% (4/5) | games 4+: +0.03% (2/5) || rho 0.3635 | top150 vs Clay -2.35%
  hl 8: ridge only                           TOP 150 wtd: +0.09% (2/5) | ADP 1-30: -0.06% (3/5) | 31-60: +0.26% (1/5) | 61-100: +0.23% (1/5) | 101-150: +0.61% (1/5) | week 1: +1.16% (1/5) | games 1-3: +0.16% (2/5) | games 4+: -0.02% (2/5) || rho 0.3604 | top150 vs Clay -2.28%
  hl 8: BOTH                                 TOP 150 wtd: +0.12% (1/5) | ADP 1-30: -0.02% (3/5) | 31-60: +0.22% (0/5) | 61-100: +0.18% (0/5) | 101-150: +0.60% (1/5) | week 1: +1.45% (1/5) | games 1-3: +0.12% (2/5) | games 4+: +0.01% (2/5) || rho 0.3613 | top150 vs Clay -2.25%
  hl 12: hand prior only                     TOP 150 wtd: +0.01% (2/5) | ADP 1-30: -0.01% (3/5) | 31-60: -0.01% (3/5) | 61-100: -0.05% (3/5) | 101-150: -0.00% (2/5) | week 1: +0.10% (2/5) | games 1-3: -0.09% (4/5) | games 4+: +0.03% (1/5) || rho 0.3638 | top150 vs Clay -2.36%
  hl 12: ridge only                          TOP 150 wtd: +0.07% (2/5) | ADP 1-30: -0.07% (3/5) | 31-60: +0.26% (1/5) | 61-100: +0.12% (2/5) | 101-150: +0.57% (1/5) | week 1: +0.71% (1/5) | games 1-3: +0.12% (2/5) | games 4+: +0.00% (2/5) || rho 0.3614 | top150 vs Clay -2.30%
  hl 12: BOTH                                TOP 150 wtd: +0.08% (1/5) | ADP 1-30: -0.06% (2/5) | 31-60: +0.24% (0/5) | 61-100: +0.06% (2/5) | 101-150: +0.55% (1/5) | week 1: +0.85% (1/5) | games 1-3: +0.05% (2/5) | games 4+: +0.03% (2/5) || rho 0.3605 | top150 vs Clay -2.29%
  hl 16: hand prior only                     TOP 150 wtd: -0.00% (3/5) | ADP 1-30: -0.03% (3/5) | 31-60: -0.00% (2/5) | 61-100: -0.06% (4/5) | 101-150: -0.00% (2/5) | week 1: +0.03% (2/5) | games 1-3: -0.09% (4/5) | games 4+: +0.02% (1/5) || rho 0.3634 | top150 vs Clay -2.37%
  hl 16: ridge only                          TOP 150 wtd: +0.06% (2/5) | ADP 1-30: -0.08% (3/5) | 31-60: +0.27% (1/5) | 61-100: +0.09% (2/5) | 101-150: +0.55% (1/5) | week 1: +0.45% (2/5) | games 1-3: +0.13% (1/5) | games 4+: +0.01% (2/5) || rho 0.3624 | top150 vs Clay -2.31%
  hl 16: BOTH                                TOP 150 wtd: +0.07% (1/5) | ADP 1-30: -0.09% (2/5) | 31-60: +0.25% (1/5) | 61-100: +0.03% (2/5) | 101-150: +0.54% (1/5) | week 1: +0.52% (2/5) | games 1-3: +0.05% (1/5) | games 4+: +0.03% (2/5) || rho 0.3616 | top150 vs Clay -2.31%
  hl 12: ridge ADDS dk (keeps hist/h3/l8)    TOP 150 wtd: +0.04% (0/5) | ADP 1-30: +0.04% (0/5) | 31-60: +0.03% (1/5) | 61-100: +0.02% (2/5) | 101-150: +0.02% (1/5) | week 1: +0.01% (2/5) | games 1-3: +0.20% (0/5) | games 4+: +0.00% (2/5) || rho 0.3646 | top150 vs Clay -2.33%
  hl 12 hand, market weight 0.65             TOP 150 wtd: -0.08% (5/5) | ADP 1-30: -0.12% (5/5) | 31-60: -0.06% (2/5) | 61-100: -0.09% (4/5) | 101-150: -0.01% (2/5) | week 1: -0.04% (3/5) | games 1-3: -0.26% (4/5) | games 4+: -0.03% (4/5) || rho 0.3630 | top150 vs Clay -2.44%
  hl 12 hand, market weight 0.55             TOP 150 wtd: -0.14% (5/5) | ADP 1-30: -0.21% (5/5) | 31-60: -0.10% (3/5) | 61-100: -0.11% (3/5) | 101-150: -0.01% (2/5) | week 1: -0.14% (3/5) | games 1-3: -0.41% (4/5) | games 4+: -0.07% (4/5) || rho 0.3639 | top150 vs Clay -2.51%
  hl 12 hand, market weight 0.45             TOP 150 wtd: -0.19% (5/5) | ADP 1-30: -0.28% (4/5) | 31-60: -0.11% (3/5) | 61-100: -0.12% (3/5) | 101-150: +0.00% (2/5) | week 1: -0.19% (3/5) | games 1-3: -0.52% (4/5) | games 4+: -0.10% (4/5) || rho 0.3627 | top150 vs Clay -2.55%
  TODAY's history, market weight 0.65        TOP 150 wtd: -0.08% (5/5) | ADP 1-30: -0.11% (3/5) | 31-60: -0.02% (3/5) | 61-100: -0.01% (2/5) | 101-150: -0.01% (3/5) | week 1: -0.19% (3/5) | games 1-3: -0.10% (3/5) | games 4+: -0.06% (4/5) || rho 0.3646 | top150 vs Clay -2.45%
  TODAY's history, market weight 0.55        TOP 150 wtd: -0.13% (4/5) | ADP 1-30: -0.19% (3/5) | 31-60: -0.02% (2/5) | 61-100: -0.02% (1/5) | 101-150: -0.01% (3/5) | week 1: -0.32% (3/5) | games 1-3: -0.17% (3/5) | games 4+: -0.11% (4/5) || rho 0.3652 | top150 vs Clay -2.50%

Decayed history in the full shadow, top 150 weighted: best = hl 12 hand, market weight 0.45 -0.13% vs the current shadow (5/7), -2.22% vs the Clay blend; forward -0.19% (5/5).
wrote data/decayed_history.js (43s)
