=== LESS REGRESSION FOR PROVEN PRODUCERS: 10,505 board rows | proven (h3 & hist >= 1.6x mean) 1,631 rows | ADP <= 30 skill 2,273 ===
  WR A ADP<=30          rows  1009 | act / shadow 1.016
  WR B proven 3 seasons rows   777 | act / shadow 1.015
  TE A ADP<=30          rows   121 | act / shadow 1.031
  TE B proven 3 seasons rows   374 | act / shadow 1.039
  RB A ADP<=30          rows  1143 | act / shadow 1.020
  RB B proven 3 seasons rows   480 | act / shadow 1.010
  position level by season (actual half-PPR per game, board rows; the pull target is the fixed 2019-25 pool mean): TE 19:9.29 20:9.36 21:9.21 22:8.06 23:8.87 24:8.61 25:9.21 | WR 19:10.77 20:11.70 21:11.55 22:11.10 23:10.31 24:11.31 25:9.72 | RB 19:11.53 20:12.18 21:11.44 22:11.62 23:11.01 24:11.44 25:12.04
  TE top-12 by ADP, actual per game by season: 19:12.57 20:12.09 21:11.26 22:11.34 23:11.21 24:9.71 25:11.97

  TE: A ADP<=30  (rows 121, act/shadow 1.031)
    k 0.85       rows -0.04% (2/7) | top-100 cubed -0.000% | 1-12:+0.01 13-30:-0.02 31-60:-0.00 61-100:-0.00
    k 0.9        rows -0.06% (2/7) | top-100 cubed +0.000% | 1-12:+0.03 13-30:-0.04 31-60:-0.00 61-100:-0.00
    k 0.95       rows -0.05% (2/7) | top-100 cubed +0.002% | 1-12:+0.04 13-30:-0.06 31-60:-0.00 61-100:-0.00
    k 1.0        rows +0.01% (2/7) | top-100 cubed +0.005% | 1-12:+0.06 13-30:-0.07 31-60:-0.00 61-100:-0.00
    rank vs off (rho nan, pairs 0.00%): wired k .8: rho +nan pairs +0.00  k 0.85: rho +nan pairs +0.00  k 0.9: rho +nan pairs +0.00  k 0.95: rho +nan pairs +0.00  k 1.0: rho +nan pairs +0.00
    LOYO +0.81% 0/7 | board +0.019% | top-100 cubed +0.028% | picks ['k 0.95', 'wired k .8', 'k 0.95', 'wired k .8', 'k 1.0', 'k 0.9', 'k 0.9']
    FWD  +0.90% 1/4 | board +0.013% | picks ['k 1.0', 'k 1.0', 'k 0.9', 'k 0.9']
    -> FAIL

  TE: B proven 3 seasons  (rows 374, act/shadow 1.039)
    k 0.85       rows -0.05% (5/7) | top-100 cubed -0.002% | 1-12:+0.01 13-30:-0.02 31-60:-0.00 61-100:-0.00
    k 0.9        rows -0.06% (4/7) | top-100 cubed -0.001% | 1-12:+0.02 13-30:-0.04 31-60:-0.00 61-100:-0.01
    k 0.95       rows -0.05% (4/7) | top-100 cubed +0.000% | 1-12:+0.04 13-30:-0.06 31-60:+0.00 61-100:-0.01
    k 1.0        rows -0.01% (3/7) | top-100 cubed +0.004% | 1-12:+0.06 13-30:-0.07 31-60:+0.00 61-100:-0.01
    rank vs off (rho nan, pairs 0.00%): wired k .8: rho +nan pairs +0.00  k 0.85: rho +nan pairs +0.00  k 0.9: rho +nan pairs +0.00  k 0.95: rho +nan pairs +0.00  k 1.0: rho +nan pairs +0.00
    LOYO +0.37% 3/7 | board +0.016% | top-100 cubed +0.025% | picks ['k 0.95', 'wired k .8', 'k 0.9', 'k 0.85', 'k 1.0', 'k 0.95', 'k 0.85']
    FWD  +0.52% 2/4 | board +0.019% | picks ['k 1.0', 'k 1.0', 'k 0.95', 'k 0.85']
    -> FAIL

  TE: C sliding by track record (3 seasons)  (rows 769, act/shadow 1.034)
    sliding      rows -0.04% (3/7) | top-100 cubed +0.002% | 1-12:+0.05 13-30:-0.07 31-60:-0.01 61-100:-0.01
    sliding half rows -0.07% (4/7) | top-100 cubed -0.003% | 1-12:+0.02 13-30:-0.04 31-60:-0.01 61-100:-0.01
    rank vs off (rho 0.3151, pairs 62.10%): wired k .8: rho +0.0000 pairs +0.00  sliding: rho -0.0053 pairs -0.16  sliding half: rho -0.0018 pairs -0.08
    LOYO +0.22% 3/7 | board +0.014% | top-100 cubed +0.022% | picks ['sliding', 'wired k .8', 'sliding half', 'sliding half', 'sliding', 'sliding', 'sliding half']
    FWD  +0.17% 2/4 | board +0.010% | picks ['sliding', 'sliding', 'sliding half', 'sliding half']
    -> FAIL

  WR: A ADP<=30  (rows 1,009, act/shadow 1.016)
    k 0.85       rows -0.00% (4/7) | top-100 cubed +0.007% | 1-12:+0.04 13-30:-0.04 31-60:+0.00 61-100:+0.00
    k 0.9        rows +0.02% (4/7) | top-100 cubed +0.021% | 1-12:+0.10 13-30:-0.08 31-60:+0.00 61-100:+0.00
    k 0.95       rows +0.08% (4/7) | top-100 cubed +0.048% | 1-12:+0.17 13-30:-0.10 31-60:+0.00 61-100:+0.00
    k 1.0        rows +0.18% (3/7) | top-100 cubed +0.084% | 1-12:+0.27 13-30:-0.12 31-60:+0.00 61-100:+0.00
    rank vs off (rho 0.2118, pairs 57.48%): wired k .8: rho +0.0000 pairs +0.00  k 0.85: rho -0.0006 pairs -0.16  k 0.9: rho +0.0004 pairs -0.11  k 0.95: rho +0.0000 pairs -0.08  k 1.0: rho -0.0003 pairs -0.11
    LOYO +0.27% 0/7 | board +0.056% | top-100 cubed +0.090% | picks ['k 0.9', 'wired k .8', 'wired k .8', 'wired k .8', 'wired k .8', 'k 0.85', 'k 0.95']
    FWD  +0.23% 1/4 | board +0.057% | picks ['k 1.0', 'k 1.0', 'k 1.0', 'k 0.95']
    -> FAIL

  WR: B proven 3 seasons  (rows 777, act/shadow 1.015)
    k 0.85       rows +0.02% (4/7) | top-100 cubed +0.011% | 1-12:+0.05 13-30:-0.03 31-60:-0.00 61-100:-0.00
    k 0.9        rows +0.08% (4/7) | top-100 cubed +0.029% | 1-12:+0.10 13-30:-0.05 31-60:-0.00 61-100:-0.00
    k 0.95       rows +0.18% (3/7) | top-100 cubed +0.058% | 1-12:+0.18 13-30:-0.06 31-60:-0.00 61-100:-0.00
    k 1.0        rows +0.31% (3/7) | top-100 cubed +0.095% | 1-12:+0.27 13-30:-0.07 31-60:-0.00 61-100:-0.01
    rank vs off (rho 0.3099, pairs 60.76%): wired k .8: rho +0.0000 pairs +0.00  k 0.85: rho -0.0006 pairs -0.07  k 0.9: rho -0.0048 pairs -0.29  k 0.95: rho -0.0057 pairs -0.37  k 1.0: rho -0.0055 pairs -0.44
    LOYO +0.20% 0/7 | board +0.032% | top-100 cubed +0.053% | picks ['k 0.85', 'wired k .8', 'wired k .8', 'wired k .8', 'wired k .8', 'k 0.85', 'k 0.9']
    FWD  +0.35% 1/4 | board +0.060% | picks ['k 1.0', 'k 1.0', 'k 1.0', 'k 0.9']
    -> FAIL

  WR: C sliding by track record (3 seasons)  (rows 2,296, act/shadow 1.035)
    sliding      rows +0.14% (3/7) | top-100 cubed +0.093% | 1-12:+0.28 13-30:-0.07 31-60:-0.03 61-100:-0.01
    sliding half rows +0.04% (3/7) | top-100 cubed +0.034% | 1-12:+0.12 13-30:-0.04 31-60:-0.01 61-100:-0.01
    rank vs off (rho 0.2254, pairs 58.10%): wired k .8: rho +0.0000 pairs +0.00  sliding: rho -0.0021 pairs -0.06  sliding half: rho +0.0002 pairs +0.00
    LOYO +0.07% 0/7 | board +0.024% | top-100 cubed +0.040% | picks ['wired k .8', 'wired k .8', 'wired k .8', 'wired k .8', 'wired k .8', 'wired k .8', 'sliding half']
    FWD  +0.16% 1/4 | board +0.052% | picks ['sliding', 'sliding', 'sliding', 'sliding half']
    -> FAIL

  RB: A ADP<=30  (rows 1,143, act/shadow 1.020)
    k 0.85       rows +0.07% (2/7) | top-100 cubed +0.037% | 1-12:+0.10 13-30:-0.02 31-60:+0.00 61-100:+0.00
    k 0.9        rows +0.16% (2/7) | top-100 cubed +0.082% | 1-12:+0.22 13-30:-0.04 31-60:+0.00 61-100:+0.00
    k 0.95       rows +0.27% (2/7) | top-100 cubed +0.136% | 1-12:+0.36 13-30:-0.06 31-60:+0.00 61-100:+0.00
    k 1.0        rows +0.40% (2/7) | top-100 cubed +0.199% | 1-12:+0.52 13-30:-0.08 31-60:+0.00 61-100:+0.00
    rank vs off (rho 0.2554, pairs 58.99%): wired k .8: rho +0.0000 pairs +0.00  k 0.85: rho -0.0017 pairs -0.10  k 0.9: rho +0.0000 pairs -0.08  k 0.95: rho -0.0023 pairs -0.14  k 1.0: rho -0.0040 pairs -0.20
    LOYO +0.00% 0/7 | board +0.000% | top-100 cubed +0.000% | picks ['wired k .8', 'wired k .8', 'wired k .8', 'wired k .8', 'wired k .8', 'wired k .8', 'wired k .8']
    FWD  +0.17% 0/4 | board +0.040% | picks ['k 0.9', 'wired k .8', 'wired k .8', 'wired k .8']
    -> FAIL

  RB: B proven 3 seasons  (rows 480, act/shadow 1.010)
    k 0.85       rows +0.14% (3/7) | top-100 cubed +0.039% | 1-12:+0.10 13-30:-0.01 31-60:-0.00 61-100:-0.00
    k 0.9        rows +0.31% (3/7) | top-100 cubed +0.085% | 1-12:+0.22 13-30:-0.03 31-60:-0.00 61-100:-0.00
    k 0.95       rows +0.50% (2/7) | top-100 cubed +0.137% | 1-12:+0.35 13-30:-0.04 31-60:-0.00 61-100:-0.00
    k 1.0        rows +0.73% (2/7) | top-100 cubed +0.197% | 1-12:+0.50 13-30:-0.05 31-60:-0.00 61-100:-0.00
    rank vs off (rho -0.0317, pairs 48.81%): wired k .8: rho +0.0000 pairs +0.00  k 0.85: rho +0.0000 pairs +0.00  k 0.9: rho +0.0000 pairs +0.00  k 0.95: rho +0.0000 pairs +0.00  k 1.0: rho +0.0159 pairs +1.19
    LOYO +0.00% 0/7 | board +0.000% | top-100 cubed +0.000% | picks ['wired k .8', 'wired k .8', 'wired k .8', 'wired k .8', 'wired k .8', 'wired k .8', 'wired k .8']
    FWD  +0.00% 0/4 | board +0.000% | picks ['wired k .8', 'wired k .8', 'wired k .8', 'wired k .8']
    -> FAIL

  RB: C sliding by track record (3 seasons)  (rows 1,418, act/shadow 1.013)
    sliding      rows +0.40% (1/7) | top-100 cubed +0.193% | 1-12:+0.49 13-30:-0.05 31-60:+0.00 61-100:-0.00
    sliding half rows +0.18% (1/7) | top-100 cubed +0.086% | 1-12:+0.22 13-30:-0.03 31-60:+0.00 61-100:-0.00
    rank vs off (rho 0.2495, pairs 59.37%): wired k .8: rho +0.0000 pairs +0.00  sliding: rho -0.0016 pairs -0.13  sliding half: rho -0.0015 pairs -0.07
    LOYO +0.00% 0/7 | board +0.000% | top-100 cubed +0.000% | picks ['wired k .8', 'wired k .8', 'wired k .8', 'wired k .8', 'wired k .8', 'wired k .8', 'wired k .8']
    FWD  +0.00% 0/4 | board +0.000% | picks ['wired k .8', 'wired k .8', 'wired k .8', 'wired k .8']
    -> FAIL

  skill: A ADP<=30  (rows 2,273, act/shadow 1.019)
    k 0.85       rows +0.03% (1/7) | top-100 cubed +0.043% | 1-12:+0.15 13-30:-0.08 31-60:+0.00 61-100:+0.00
    k 0.9        rows +0.09% (1/7) | top-100 cubed +0.104% | 1-12:+0.34 13-30:-0.16 31-60:+0.00 61-100:+0.00
    k 0.95       rows +0.18% (1/7) | top-100 cubed +0.186% | 1-12:+0.58 13-30:-0.22 31-60:+0.00 61-100:+0.00
    k 1.0        rows +0.29% (1/7) | top-100 cubed +0.288% | 1-12:+0.85 13-30:-0.27 31-60:+0.00 61-100:+0.00
    rank vs off (rho 0.2365, pairs 58.34%): wired k .8: rho +0.0000 pairs +0.00  k 0.85: rho -0.0012 pairs -0.13  k 0.9: rho +0.0002 pairs -0.09  k 0.95: rho -0.0013 pairs -0.12  k 1.0: rho -0.0024 pairs -0.16
    LOYO +0.00% 0/7 | board +0.000% | top-100 cubed +0.000% | picks ['wired k .8', 'wired k .8', 'wired k .8', 'wired k .8', 'wired k .8', 'wired k .8', 'wired k .8']
    FWD  +0.12% 0/4 | board +0.058% | picks ['k 0.95', 'k 0.9', 'k 0.85', 'wired k .8']
    -> FAIL

  skill: B proven 3 seasons  (rows 1,631, act/shadow 1.017)
    k 0.85       rows +0.06% (1/7) | top-100 cubed +0.048% | 1-12:+0.16 13-30:-0.07 31-60:-0.00 61-100:-0.00
    k 0.9        rows +0.16% (1/7) | top-100 cubed +0.113% | 1-12:+0.35 13-30:-0.12 31-60:-0.00 61-100:-0.01
    k 0.95       rows +0.29% (1/7) | top-100 cubed +0.196% | 1-12:+0.57 13-30:-0.16 31-60:-0.00 61-100:-0.02
    k 1.0        rows +0.45% (1/7) | top-100 cubed +0.296% | 1-12:+0.83 13-30:-0.20 31-60:-0.00 61-100:-0.02
    rank vs off (rho 0.2861, pairs 60.07%): wired k .8: rho +0.0000 pairs +0.00  k 0.85: rho -0.0006 pairs -0.07  k 0.9: rho -0.0045 pairs -0.28  k 0.95: rho -0.0053 pairs -0.34  k 1.0: rho -0.0040 pairs -0.34
    LOYO +0.00% 0/7 | board +0.000% | top-100 cubed +0.000% | picks ['wired k .8', 'wired k .8', 'wired k .8', 'wired k .8', 'wired k .8', 'wired k .8', 'wired k .8']
    FWD  +0.15% 0/4 | board +0.050% | picks ['k 0.95', 'k 0.85', 'k 0.85', 'wired k .8']
    -> FAIL

  skill: C sliding by track record (3 seasons)  (rows 4,483, act/shadow 1.027)
    sliding      rows +0.23% (1/7) | top-100 cubed +0.288% | 1-12:+0.83 13-30:-0.20 31-60:-0.03 61-100:-0.02
    sliding half rows +0.09% (1/7) | top-100 cubed +0.117% | 1-12:+0.36 13-30:-0.11 31-60:-0.02 61-100:-0.01
    rank vs off (rho 0.2485, pairs 58.59%): wired k .8: rho +0.0000 pairs +0.00  sliding: rho -0.0024 pairs -0.08  sliding half: rho -0.0008 pairs -0.02
    LOYO +0.00% 0/7 | board +0.000% | top-100 cubed +0.000% | picks ['wired k .8', 'wired k .8', 'wired k .8', 'wired k .8', 'wired k .8', 'wired k .8', 'wired k .8']
    FWD  +0.04% 0/4 | board +0.023% | picks ['sliding half', 'sliding half', 'wired k .8', 'wired k .8']
    -> FAIL

Limitations: honest replica, next game, no book anchor; history = the shadow's weighted multi-season PPG; the ridge half of the prior is untouched (only the history half is un-shrunk).
