=== excused games: 14,608 RB / WR / TE games with a snap share; injury exit 185, blowout rest 413, role loss 225 ===
  injury exit  : snap share that game 24% vs 71% before; usage (xFP) 3.61 vs his average 9.45; points 4.67 vs 9.37
  blowout rest : snap share that game 52% vs 72% before; usage (xFP) 7.32 vs his average 9.87; points 8.46 vs 10.07
  role loss    : snap share that game 28% vs 65% before; usage (xFP) 3.57 vs his average 7.78; points 3.63 vs 7.27

--- 1  THE NEXT GAME after each kind of game (he played it) ---
    injury exit   top 150            RB       n   40  actual 10.94 | no level dock 11.31 -> 0.967 (under 2/5) | (RB: trend only; snap-trend multiplier 0.919)
    injury exit   top 150            WR + TE  n   61  actual  7.87 | no level dock  9.97 -> 0.790 (under 6/6) | with the level layer  8.89 -> 0.886, error -5.6%
    injury exit   later / undrafted  WR + TE  n   65  actual  4.41 | no level dock  5.46 -> 0.807 (under 5/7) | with the level layer  4.82 -> 0.913, error -5.5%
    blowout rest  top 150            RB       n  107  actual 13.45 | no level dock 12.13 -> 1.109 (under 2/7) | (RB: trend only; snap-trend multiplier 0.931)
    blowout rest  top 150            WR + TE  n  152  actual 10.43 | no level dock 10.32 -> 1.011 (under 3/7) | with the level layer  9.90 -> 1.053, error +0.4%
    blowout rest  later / undrafted  WR + TE  n  104  actual  4.30 | no level dock  5.69 -> 0.757 (under 6/7) | with the level layer  5.42 -> 0.794, error -4.1%
    role loss     top 150            RB       n   50  actual  7.73 | no level dock  8.93 -> 0.865 (under 3/4) | (RB: trend only; snap-trend multiplier 0.855)
    role loss     top 150            WR + TE  n   42  actual  6.65 | no level dock  8.41 -> 0.790 (under 3/5) | with the level layer  7.44 -> 0.893, error +1.7%
    role loss     later / undrafted  WR + TE  n  100  actual  3.51 | no level dock  4.96 -> 0.708 (under 6/7) | with the level layer  4.51 -> 0.779, error -7.4%

--- 2  SNAP-LEVEL LAYER reading the last NORMAL game when the last game is excused (WR + TE) ---
    coming off an injury exit    n  118  actual  5.96  last game as-is  6.40 (0.930)  last normal game  7.41 (0.804)  error +9.3% (1/7)
    coming off a blowout rest    n  241  actual  7.73  last game as-is  7.75 (0.998)  last normal game  8.23 (0.940)  error +0.6% (4/7)
    either                       n  359  actual  7.15  last game as-is  7.30 (0.979)  last normal game  7.96 (0.898)  error +2.5% (2/7)

--- 3  EVIDENCE (points + usage per game) with excused games left out, every later checkpoint ---
  injury exits left out: rows changed 851
    all                        n   851  error +1.88% (1/7)  actual  8.24  shipped  8.79  excused  9.13
    top 150                    n   520  error +1.32% (2/7)  actual 10.49  shipped 10.75  excused 11.18
    ADP 1-60                   n   302  error +1.15% (2/7)  actual 12.43  shipped 12.55  excused 13.06
    RB                         n   236  error +2.66% (1/7)  actual 10.99  shipped 11.66  excused 12.17
    WR                         n   416  error +1.27% (2/7)  actual  8.12  shipped  8.75  excused  9.07
    TE                         n   199  error +2.24% (1/7)  actual  5.23  shipped  5.46  excused  5.64
    the very next game         n   169  error +4.13% (1/7)  actual  7.16  shipped  7.88  excused  8.25
    two or more games later    n   682  error +1.52% (1/7)  actual  8.51  shipped  9.01  excused  9.35
    whole board: all rows +0.070%  top-150 weighted +0.078%  rank order -0.0002
  blowout rests left out: rows changed 2059
    all                        n  2059  error +0.31% (2/7)  actual 10.26  shipped 10.01  excused 10.13
    top 150                    n  1481  error +0.25% (1/7)  actual 11.97  shipped 11.59  excused 11.71
    ADP 1-60                   n   822  error -0.06% (3/7)  actual 14.27  shipped 13.42  excused 13.55
    RB                         n   630  error +0.22% (4/7)  actual 13.32  shipped 12.79  excused 12.95
    WR                         n   985  error +0.47% (1/7)  actual  9.67  shipped  9.69  excused  9.79
    TE                         n   444  error +0.05% (2/7)  actual  7.21  shipped  6.78  excused  6.88
    the very next game         n   368  error -0.13% (4/7)  actual  9.64  shipped  9.30  excused  9.43
    two or more games later    n  1691  error +0.39% (2/7)  actual 10.39  shipped 10.17  excused 10.28
    whole board: all rows +0.076%  top-150 weighted +0.019%  rank order -0.0017
  both left out: rows changed 2759
    all                        n  2759  error +0.76% (2/7)  actual  9.73  shipped  9.70  excused  9.90
    top 150                    n  1901  error +0.54% (2/7)  actual 11.61  shipped 11.40  excused 11.62
    ADP 1-60                   n  1072  error +0.24% (3/7)  actual 13.79  shipped 13.23  excused 13.47
    RB                         n   816  error +0.80% (2/7)  actual 12.73  shipped 12.56  excused 12.83
    WR                         n  1316  error +0.77% (2/7)  actual  9.32  shipped  9.50  excused  9.68
    TE                         n   627  error +0.62% (3/7)  actual  6.67  shipped  6.42  excused  6.54
    the very next game         n   537  error +1.01% (1/7)  actual  8.86  shipped  8.85  excused  9.08
    two or more games later    n  2222  error +0.72% (2/7)  actual  9.94  shipped  9.91  excused 10.10
    whole board: all rows +0.150%  top-150 weighted +0.101%  rank order -0.0017
  role-loss games left out (control - should hurt): rows changed 968
    all                        n   968  error +1.36% (1/7)  actual  6.78  shipped  7.07  excused  7.38
    top 150                    n   425  error +1.03% (3/7)  actual  9.28  shipped  9.40  excused  9.85
    ADP 1-60                   n   178  error +1.01% (2/7)  actual 11.31  shipped 11.04  excused 11.54
    RB                         n   268  error +3.13% (0/6)  actual  8.70  shipped  9.40  excused  9.89
    WR                         n   479  error +0.54% (2/7)  actual  6.37  shipped  6.68  excused  6.93
    TE                         n   221  error -0.50% (5/7)  actual  5.35  shipped  5.07  excused  5.30
    the very next game         n   201  error +5.82% (1/7)  actual  5.29  shipped  6.37  excused  6.71
    two or more games later    n   767  error +0.54% (1/7)  actual  7.17  shipped  7.25  excused  7.55
    whole board: all rows +0.091%  top-150 weighted +0.036%  rank order -0.0008

--- 4  REST OF SEASON: the snap trend carried forward (v2.26, RBs) when the last game was excused ---
    RB coming off a blowout rest  top 150  n   92  rest-of-season actual 13.50 | no trend 13.14 (1.027) | trend carried 12.21 (1.106), trend avg 0.929, error +10.1% (1/6)
    RB coming off a role loss     top 150  n   42  rest-of-season actual  8.61 | no trend 10.16 (0.848) | trend carried  8.59 (1.003), trend avg 0.844, error -22.7% (2/3)
    RB coming off a normal game   top 150  n 2177  rest-of-season actual 11.82 | no trend 11.58 (1.020) | trend carried 11.73 (1.008), trend avg 1.011, error -1.3% (5/7)
    RB coming off a normal game   later    n  775  rest-of-season actual  6.13 | no trend  6.15 (0.997) | trend carried  6.29 (0.974), trend avg 1.018, error -1.8% (5/7)
