=== factor ranking: 14,871 player-weeks 2019-25 with 3+ games played (fantasy-relevant: live number 5+); rest-of-season target on 10,619 ===

##### QB: 2,144 player-weeks #####
  NEXT GAME: every factor together explains R 0.422 (18% of the variance), n 2,144
    rank  factor                                                       alone (R)   unique share   strongest single metric
     1  Vegas (team implied total, spread, game total)                 0.330        14.6%        implied (+0.32)
     2  Past seasons (history, last year's PPG)                        0.319         2.3%        hist (+0.31)
     3  This season's points per game                                  0.318         0.3%        ppg (+0.32)
     4  Passing volume (attempts, dropbacks, team pass rate)           0.293         7.2%        proe_std (+0.14)
     5  Draft market (ADP)                                             0.273         0.1%        ladp (-0.27)
     6  Team offense quality (EPA per play, plays per game)            0.258         1.8%        team_epa_play_std (+0.25)
     7  Passing efficiency (EPA, success, yards per attempt, CPOE)     0.247         3.8%        epa_per_db (+0.24)
     8  Usage-based expected points (xFP)                              0.218         0.1%        xfp_pg (+0.22)
     9  Rushing role (carries, red-zone carries, scrambles)            0.212         1.6%        car_sh (+0.19)
    10  Prospect grade (JM) / draft pick                               0.135         0.5%        jm (+0.12)
    11  Offensive line (pass block)                                    0.088         0.0%        ol_pb_now (+0.09)
    12  Age / experience                                               0.076         0.4%        age (-0.02)
    13  Injury report / practice                                       0.064         1.1%        rep_q (-0.05)
    14  Matchup (points the defense allows)                            0.033         0.0%        fpa_mult (+0.03)
  REST OF SEASON (per game): every factor together explains R 0.606 (37% of the variance), n 1,538
    rank  factor                                                       alone (R)   unique share   strongest single metric
     1  Past seasons (history, last year's PPG)                        0.469         2.7%        hist (+0.45)
     2  This season's points per game                                  0.462         0.1%        ppg (+0.46)
     3  Draft market (ADP)                                             0.440         2.5%        ladp (-0.44)
     4  Team offense quality (EPA per play, plays per game)            0.427         0.7%        team_epa_play_std (+0.43)
     5  Passing volume (attempts, dropbacks, team pass rate)           0.419         5.7%        proe_std (+0.17)
     6  Passing efficiency (EPA, success, yards per attempt, CPOE)     0.402         6.1%        epa_per_db (+0.36)
     7  Vegas (team implied total, spread, game total)                 0.341         0.4%        implied (+0.34)
     8  Rushing role (carries, red-zone carries, scrambles)            0.332         1.2%        car_sh (+0.31)
     9  Usage-based expected points (xFP)                              0.329         0.1%        xfp_pg (+0.33)
    10  Prospect grade (JM) / draft pick                               0.211         3.4%        jm (+0.20)
    11  Age / experience                                               0.124         0.5%        age (-0.04)
    12  Offensive line (pass block)                                    0.116         0.4%        ol_pb_now (+0.12)
    13  Injury report / practice                                       0.066         1.2%        prac_dnp (-0.06)
    14  Matchup (points the defense allows)                            0.048         0.0%        fpa_mult (-0.05)

##### RB: 3,813 player-weeks #####
  NEXT GAME: every factor together explains R 0.564 (32% of the variance), n 3,813
    rank  factor                                                       alone (R)   unique share   strongest single metric
     1  Usage-based expected points (xFP)                              0.511         0.1%        xfp_pg (+0.47)
     2  This season's points per game                                  0.506         0.0%        ppg (+0.51)
     3  Past seasons (history, last year's PPG and usage)              0.494         0.2%        hist (+0.49)
     4  Workload (carry share, carries, red-zone and goal-line share)  0.487         1.1%        car_sh (+0.46)
     5  Playing time (snap share, last game, trend)                    0.483         2.3%        snap_std (+0.46)
     6  Draft market (ADP)                                             0.439         0.8%        ladp (-0.44)
     7  Running efficiency (PFF elusive, explosive, run grade, EPA)    0.428         0.5%        pffr_elu_rush_mtf (+0.40)
     8  Passing-game role (target share)                               0.339         0.0%        tgt_sh (+0.34)
     9  Depth chart spot                                               0.322         0.0%        strb (-0.32)
    10  Prospect grade (JM) / draft pick                               0.321         0.5%        draft_pick_log (-0.31)
    11  Age / experience                                               0.157         0.1%        exp (+0.06)
    12  Vegas (team implied total, spread, game total)                 0.122         2.7%        implied (+0.12)
    13  Team offense (EPA per play, plays, pass rate)                  0.072         0.8%        team_epa_play_std (+0.05)
    14  Matchup (points the defense allows)                            0.056         0.2%        fpa_mult (+0.06)
    15  Offensive line (run block)                                     0.052         0.1%        ol_rb_now (+0.05)
    16  Injury report / practice                                       0.038         0.4%        prac_lim (+0.03)
  REST OF SEASON (per game): every factor together explains R 0.744 (55% of the variance), n 2,692
    rank  factor                                                       alone (R)   unique share   strongest single metric
     1  Past seasons (history, last year's PPG and usage)              0.669         1.1%        hist (+0.67)
     2  Usage-based expected points (xFP)                              0.663         0.4%        xfp_pg (+0.61)
     3  This season's points per game                                  0.656         0.0%        ppg (+0.66)
     4  Draft market (ADP)                                             0.632         3.3%        ladp (-0.63)
     5  Workload (carry share, carries, red-zone and goal-line share)  0.606         0.8%        car_sh (+0.59)
     6  Playing time (snap share, last game, trend)                    0.579         1.1%        snap_std (+0.56)
     7  Running efficiency (PFF elusive, explosive, run grade, EPA)    0.538         0.5%        pffr_elu_rush_mtf (+0.49)
     8  Prospect grade (JM) / draft pick                               0.450         1.3%        draft_pick_log (-0.43)
     9  Depth chart spot                                               0.433         0.2%        strb (-0.43)
    10  Passing-game role (target share)                               0.422         0.7%        tgt_sh (+0.42)
    11  Age / experience                                               0.183         1.0%        exp (+0.05)
    12  Team offense (EPA per play, plays, pass rate)                  0.116         0.8%        team_epa_play_std (+0.09)
    13  Vegas (team implied total, spread, game total)                 0.109         0.2%        implied (+0.11)
    14  Offensive line (run block)                                     0.095         0.1%        ol_rb_now (+0.10)
    15  Injury report / practice                                       0.051         0.1%        prac_lim (+0.04)
    16  Matchup (points the defense allows)                            0.006         0.0%        fpa_mult (-0.01)

##### WR: 6,059 player-weeks #####
  NEXT GAME: every factor together explains R 0.498 (25% of the variance), n 6,059
    rank  factor                                                       alone (R)   unique share   strongest single metric
     1  Past seasons (history, last year's PPG and targets)            0.466         1.4%        hist (+0.47)
     2  Usage-based expected points (xFP)                              0.457         0.0%        xfp_pg (+0.42)
     3  This season's points per game                                  0.450         0.0%        ppg (+0.45)
     4  Target volume (target share, targets, air yards, WOPR)         0.444         0.7%        tgt_sh (+0.43)
     5  Receiving quality (PFF grades, yards per route, EPA per target) 0.418         0.3%        pff_grades_pass_route (+0.37)
     6  Draft market (ADP)                                             0.414         0.6%        ladp (-0.41)
     7  Playing time (snap share, routes, trend)                       0.344         1.1%        snap_std (+0.33)
     8  Depth chart spot                                               0.240         0.2%        strb (-0.24)
     9  Prospect grade (JM) / draft pick                               0.228         0.0%        jm (+0.22)
    10  Age / experience                                               0.133         0.5%        exp (+0.06)
    11  Vegas (team implied total, spread, game total)                 0.125         1.0%        implied (+0.12)
    12  Team passing (pass rate, EPA per play, plays)                  0.100         0.2%        proe_std (+0.08)
    13  Injury report / practice                                       0.062         0.4%        prac_lim (+0.03)
    14  Depth of target (aDOT, deep rate)                              0.060         0.3%        deep_tgt_rate (-0.05)
    15  Quarterback out                                                0.055         0.2%        qb_out (-0.06)
    16  Matchup (points the defense allows)                            0.015         0.0%        fpa_mult (+0.01)
  REST OF SEASON (per game): every factor together explains R 0.726 (53% of the variance), n 4,358
    rank  factor                                                       alone (R)   unique share   strongest single metric
     1  Past seasons (history, last year's PPG and targets)            0.684         1.6%        hist (+0.68)
     2  Usage-based expected points (xFP)                              0.668         0.0%        xfp_pg (+0.60)
     3  This season's points per game                                  0.660         0.0%        ppg (+0.66)
     4  Target volume (target share, targets, air yards, WOPR)         0.643         0.7%        tgt_sh (+0.63)
     5  Receiving quality (PFF grades, yards per route, EPA per target) 0.631         1.0%        pff_grades_pass_route (+0.54)
     6  Draft market (ADP)                                             0.605         0.5%        ladp (-0.61)
     7  Playing time (snap share, routes, trend)                       0.465         0.4%        snap_std (+0.46)
     8  Prospect grade (JM) / draft pick                               0.350         0.1%        jm (+0.33)
     9  Depth chart spot                                               0.318         0.0%        strb (-0.32)
    10  Age / experience                                               0.198         1.0%        exp (+0.07)
    11  Injury report / practice                                       0.125         0.1%        prac_lim (+0.09)
    12  Team passing (pass rate, EPA per play, plays)                  0.119         0.3%        proe_std (+0.08)
    13  Vegas (team implied total, spread, game total)                 0.114         0.1%        implied (+0.11)
    14  Depth of target (aDOT, deep rate)                              0.087         0.5%        deep_tgt_rate (-0.06)
    15  Quarterback out                                                0.027         0.0%        qb_out (-0.03)
    16  Matchup (points the defense allows)                            0.012         0.0%        fpa_mult (-0.01)

##### TE: 2,855 player-weeks #####
  NEXT GAME: every factor together explains R 0.506 (26% of the variance), n 2,855
    rank  factor                                                       alone (R)   unique share   strongest single metric
     1  Past seasons (history, last year's PPG and targets)            0.456         3.4%        hist (+0.45)
     2  Target volume (target share, targets, air yards, WOPR)         0.443         1.0%        tgt_sh (+0.44)
     3  Usage-based expected points (xFP)                              0.442         0.0%        xfp_pg (+0.42)
     4  This season's points per game                                  0.433        -0.0%        ppg (+0.43)
     5  Playing time (snap share, routes, trend)                       0.394         3.7%        snap_std (+0.35)
     6  Draft market (ADP)                                             0.376         0.0%        ladp (-0.38)
     7  Receiving quality (PFF grades, yards per route, EPA per target) 0.356         1.7%        pff_grades_offense (+0.30)
     8  Depth chart spot                                               0.206         0.0%        strb (-0.21)
     9  Vegas (team implied total, spread, game total)                 0.148         1.9%        implied (+0.15)
    10  Prospect grade (JM) / draft pick                               0.136         0.1%        jm (+0.13)
    11  Team passing (pass rate, EPA per play, plays)                  0.136         1.3%        team_epa_play_std (+0.11)
    12  Depth of target (aDOT, deep rate)                              0.106         0.0%        adot (+0.08)
    13  Injury report / practice                                       0.035         0.2%        rep_q (-0.02)
    14  Quarterback out                                                0.034         0.0%        qb_out (-0.03)
    15  Matchup (points the defense allows)                            0.031         0.6%        fpa_mult (+0.03)
    16  Age / experience                                               0.029         0.6%        age (+0.03)
  REST OF SEASON (per game): every factor together explains R 0.746 (56% of the variance), n 2,031
    rank  factor                                                       alone (R)   unique share   strongest single metric
     1  Past seasons (history, last year's PPG and targets)            0.669         4.5%        hist (+0.66)
     2  Target volume (target share, targets, air yards, WOPR)         0.655         2.6%        tgt_sh (+0.65)
     3  Usage-based expected points (xFP)                              0.634         0.0%        xfp_pg (+0.60)
     4  This season's points per game                                  0.619         0.0%        ppg (+0.62)
     5  Playing time (snap share, routes, trend)                       0.551         1.8%        snap_std (+0.50)
     6  Draft market (ADP)                                             0.547         0.0%        ladp (-0.55)
     7  Receiving quality (PFF grades, yards per route, EPA per target) 0.528         3.2%        pff_grades_offense (+0.46)
     8  Depth chart spot                                               0.288         0.0%        strb (-0.29)
     9  Prospect grade (JM) / draft pick                               0.214         0.3%        jm (+0.21)
    10  Team passing (pass rate, EPA per play, plays)                  0.213         2.0%        team_epa_play_std (+0.15)
    11  Depth of target (aDOT, deep rate)                              0.155         0.1%        adot (+0.14)
    12  Vegas (team implied total, spread, game total)                 0.154         0.4%        implied (+0.15)
    13  Injury report / practice                                       0.068         0.5%        prac_lim (+0.04)
    14  Age / experience                                               0.052         0.7%        age (+0.05)
    15  Matchup (points the defense allows)                            0.035         0.0%        fpa_mult (-0.03)
    16  Quarterback out                                                0.016         0.3%        qb_out (-0.02)
