=== context for the future-totals shift, 2019-25 closing lines ===
  team-games: 3742; backup quarterback played in 20.4%; wind 15+ 7.3%, wind 10-15 or wet 17.1%
  closing line minus preseason view: starter games +0.40, backup games -2.85; wind 15+ -0.86, wind 10-15 / wet -0.67, clean -0.17
  league-wide backup effect fitted: -2.52 points of implied total (avg over checkpoints)

  ALL future games  (n=16590 team-games)
    preseason view, no shift   miss vs closing line 2.714
    A all lines                miss vs closing line 2.283  (-15.9% vs no shift)
    B QB-aware                 miss vs closing line 2.106  (-22.4% vs no shift)   vs A: -7.8% (7/7 seasons), points-scored MSE -2.07%
    C weather-aware            miss vs closing line 2.303  (-15.1% vs no shift)   vs A: +0.9% (0/7 seasons), points-scored MSE +0.11%
    D both                     miss vs closing line 2.118  (-22.0% vs no shift)   vs A: -7.3% (7/7 seasons), points-scored MSE -2.02%
    E QB-aware + weather absorbed miss vs closing line 2.109  (-22.3% vs no shift)   vs A: -7.7% (7/7 seasons), points-scored MSE -2.11%

  offense case: starter back after backup weeks  (n=1637 team-games)
    preseason view, no shift   miss vs closing line 2.486
    A all lines                miss vs closing line 2.022  (-18.7% vs no shift)
    B QB-aware                 miss vs closing line 1.930  (-22.3% vs no shift)   vs A: -4.5% (5/7 seasons), points-scored MSE -4.27%
    C weather-aware            miss vs closing line 2.045  (-17.7% vs no shift)   vs A: +1.2% (3/7 seasons), points-scored MSE -0.28%
    D both                     miss vs closing line 1.940  (-22.0% vs no shift)   vs A: -4.0% (4/7 seasons), points-scored MSE -4.31%
    E QB-aware + weather absorbed miss vs closing line 1.932  (-22.3% vs no shift)   vs A: -4.4% (5/7 seasons), points-scored MSE -4.26%

  offense case: backup plays  (n=4285 team-games)
    preseason view, no shift   miss vs closing line 3.541
    A all lines                miss vs closing line 3.126  (-11.7% vs no shift)
    B QB-aware                 miss vs closing line 2.512  (-29.1% vs no shift)   vs A: -19.6% (7/7 seasons), points-scored MSE -5.58%
    C weather-aware            miss vs closing line 3.164  (-10.6% vs no shift)   vs A: +1.2% (0/7 seasons), points-scored MSE +0.23%
    D both                     miss vs closing line 2.520  (-28.8% vs no shift)   vs A: -19.4% (7/7 seasons), points-scored MSE -5.70%
    E QB-aware + weather absorbed miss vs closing line 2.511  (-29.1% vs no shift)   vs A: -19.7% (7/7 seasons), points-scored MSE -5.71%

  offense case: starter all along  (n=10668 team-games)
    preseason view, no shift   miss vs closing line 2.417
    A all lines                miss vs closing line 1.985  (-17.9% vs no shift)
    B QB-aware                 miss vs closing line 1.970  (-18.5% vs no shift)   vs A: -0.8% (6/7 seasons), points-scored MSE -0.24%
    C weather-aware            miss vs closing line 1.997  (-17.4% vs no shift)   vs A: +0.6% (3/7 seasons), points-scored MSE +0.13%
    D both                     miss vs closing line 1.983  (-18.0% vs no shift)   vs A: -0.1% (3/7 seasons), points-scored MSE -0.10%
    E QB-aware + weather absorbed miss vs closing line 1.974  (-18.3% vs no shift)   vs A: -0.6% (4/7 seasons), points-scored MSE -0.25%

  standing after week 4, all future games  (n=2850 team-games)
    preseason view, no shift   miss vs closing line 2.660
    A all lines                miss vs closing line 2.310  (-13.1% vs no shift)
    B QB-aware                 miss vs closing line 2.118  (-20.4% vs no shift)   vs A: -8.4% (7/7 seasons), points-scored MSE -2.40%
    C weather-aware            miss vs closing line 2.315  (-13.0% vs no shift)   vs A: +0.2% (3/7 seasons), points-scored MSE +0.01%
    D both                     miss vs closing line 2.106  (-20.8% vs no shift)   vs A: -8.8% (7/7 seasons), points-scored MSE -2.46%
    E QB-aware + weather absorbed miss vs closing line 2.116  (-20.5% vs no shift)   vs A: -8.4% (7/7 seasons), points-scored MSE -2.40%

  standing after week 4, starter back after backup weeks  (n=209 team-games)
    preseason view, no shift   miss vs closing line 2.395
    A all lines                miss vs closing line 2.272  (-5.1% vs no shift)
    B QB-aware                 miss vs closing line 2.077  (-13.3% vs no shift)   vs A: -8.6% (4/7 seasons), points-scored MSE -6.88%
    C weather-aware            miss vs closing line 2.296  (-4.1% vs no shift)   vs A: +1.1% (4/7 seasons), points-scored MSE -0.63%
    D both                     miss vs closing line 2.059  (-14.0% vs no shift)   vs A: -9.3% (4/7 seasons), points-scored MSE -6.98%
    E QB-aware + weather absorbed miss vs closing line 2.055  (-14.2% vs no shift)   vs A: -9.5% (4/7 seasons), points-scored MSE -7.06%
