position shape per half-PPR point (2025 pool): QB py 12.494 ptd 0.085 ry 0.943 rtd 0.011 | RB ry 4.725 rtd 0.036 rec 0.205 rcy 1.540 rctd 0.010 | WR ry 0.143 rtd 0.001 rec 0.437 rcy 5.548 rctd 0.034 | TE rec 0.486 rcy 5.069 rctd 0.040

=== 2026 weeks 1,2,3,4: 1,179 locked player-weeks with an actual line ===

--- QB: points-weighted abs error per stat (lower is better) ---
  Clay (comps)                       n 131 | total 8.829 | py 2.628 ptd 3.648 ry 1.077 rtd 1.476
  Clay + usage (compsU)              n 131 | total 8.792 | py 2.578 ptd 3.645 ry 1.092 rtd 1.477
  Clay-free K1 4 K2 1                n 131 | total 8.920 | py 2.651 ptd 3.586 ry 1.080 rtd 1.603
  Clay-free + usage (ry/rec/rcy)     n 131 | total 8.908 | py 2.655 ptd 3.585 ry 1.066 rtd 1.603
  Clay-free + usage incl. TDs        n 131 | total 8.929 | py 2.662 ptd 3.593 ry 1.069 rtd 1.604
  Clay-free + usage + QB pass        n 131 | total 8.928 | py 2.659 ptd 3.594 ry 1.070 rtd 1.605
  Clay-free A only (this season)     n  95 | total 9.660 | py 2.883 ptd 4.122 ry 1.246 rtd 1.409

--- RB: points-weighted abs error per stat (lower is better) ---
  Clay (comps)                       n 308 | total 6.181 | ry 1.825 rtd 2.139 rec 0.535 rcy 0.995 rctd 0.688
  Clay + usage (compsU)              n 308 | total 6.172 | ry 1.810 rtd 2.149 rec 0.534 rcy 0.987 rctd 0.692
  Clay-free K1 4 K2 1                n 308 | total 6.316 | ry 1.866 rtd 2.124 rec 0.554 rcy 1.012 rctd 0.760
  Clay-free + usage (ry/rec/rcy)     n 308 | total 6.330 | ry 1.873 rtd 2.123 rec 0.562 rcy 1.014 rctd 0.759
  Clay-free + usage incl. TDs        n 308 | total 6.313 | ry 1.865 rtd 2.119 rec 0.564 rcy 1.017 rctd 0.749
  Clay-free + usage + QB pass        n 308 | total 6.313 | ry 1.865 rtd 2.119 rec 0.564 rcy 1.017 rctd 0.749
  Clay-free A only (this season)     n 198 | total 7.219 | ry 2.323 rtd 2.180 rec 0.754 rcy 1.249 rctd 0.713

--- WR: points-weighted abs error per stat (lower is better) ---
  Clay (comps)                       n 488 | total 5.150 | ry 0.128 rtd 0.052 rec 0.740 rcy 2.290 rctd 1.940
  Clay + usage (compsU)              n 488 | total 5.136 | ry 0.125 rtd 0.052 rec 0.746 rcy 2.273 rctd 1.941
  Clay-free K1 4 K2 1                n 488 | total 5.209 | ry 0.140 rtd 0.064 rec 0.766 rcy 2.301 rctd 1.939
  Clay-free + usage (ry/rec/rcy)     n 488 | total 5.213 | ry 0.137 rtd 0.064 rec 0.771 rcy 2.301 rctd 1.940
  Clay-free + usage incl. TDs        n 488 | total 5.188 | ry 0.137 rtd 0.061 rec 0.769 rcy 2.303 rctd 1.918
  Clay-free + usage + QB pass        n 488 | total 5.188 | ry 0.137 rtd 0.061 rec 0.769 rcy 2.303 rctd 1.918
  Clay-free A only (this season)     n 308 | total 5.788 | ry 0.210 rtd 0.063 rec 1.048 rcy 2.655 rctd 1.811

--- TE: points-weighted abs error per stat (lower is better) ---
  Clay (comps)                       n 252 | total 4.039 | rec 0.671 rcy 1.589 rctd 1.778
  Clay + usage (compsU)              n 252 | total 4.037 | rec 0.670 rcy 1.589 rctd 1.778
  Clay-free K1 4 K2 1                n 252 | total 4.070 | rec 0.671 rcy 1.588 rctd 1.811
  Clay-free + usage (ry/rec/rcy)     n 252 | total 4.078 | rec 0.672 rcy 1.591 rctd 1.816
  Clay-free + usage incl. TDs        n 252 | total 4.079 | rec 0.671 rcy 1.590 rctd 1.819
  Clay-free + usage + QB pass        n 252 | total 4.079 | rec 0.671 rcy 1.590 rctd 1.819
  Clay-free A only (this season)     n 166 | total 4.458 | rec 0.853 rcy 1.720 rctd 1.885

--- vs the books: stat-prop call hit rate (raw mean vs line), by candidate ---
  Clay (comps)                       all 53.0% (n1936) | py 53.7% (n123) ptd 58.5% (n123) ry 48.7% (n302) rec 54.9% (n739) rcy 51.6% (n649)
  Clay + usage (compsU)              all 53.3% (n1936) | py 54.5% (n123) ptd 57.7% (n123) ry 51.7% (n302) rec 54.4% (n739) rcy 51.8% (n649)
  Clay-free K1 4 K2 1                all 52.7% (n1936) | py 47.2% (n123) ptd 58.5% (n123) ry 53.3% (n302) rec 53.3% (n739) rcy 51.6% (n649)
  Clay-free + usage (ry/rec/rcy)     all 52.3% (n1936) | py 47.2% (n123) ptd 59.3% (n123) ry 53.6% (n302) rec 52.4% (n739) rcy 51.3% (n649)
  Clay-free + usage incl. TDs        all 52.1% (n1936) | py 47.2% (n123) ptd 60.2% (n123) ry 52.0% (n302) rec 52.4% (n739) rcy 51.2% (n649)
  Clay-free + usage + QB pass        all 51.8% (n1936) | py 46.3% (n123) ptd 57.7% (n123) ry 51.3% (n302) rec 52.4% (n739) rcy 51.2% (n649)
  Clay-free A only (this season)     all 51.2% (n1382) | py 46.7% (n92) ptd 57.6% (n92) ry 48.4% (n225) rec 50.1% (n519) rcy 53.3% (n454)

Limitations: 4 weeks; every candidate scaled to the lock's Clay points (split only); compsU only updates ry / rec / rcy; raw mean-vs-median calls (no skew adjustment).
