rows covered 14,813; with 1+ evidence game under a different lineup 4,896 (2,658 top-150); of those with 2+ same-lineup games 3,565
    kinds: return: 2844 | out: 1594 | out+return: 458

  U1 usage from same-lineup games only (2+) | NEXT GAME  rows 3,236 (top-150 1830)  actual/live 0.927
    fixed -0.03% (3/7) | RB +0.00% (n811) | WR +0.09% (n2176) | TE -2.40% (n249) | ADP<=60 +0.17% (n867) | 61-150 -0.16% | 151+ -0.18%
    by kind: return: -0.12% (n2370, act/live 0.926) | out: -0.10% (n656, act/live 0.938) | out+return: +1.37% (n210, act/live 0.906)
    LOYO +0.04% 2/7 | board +0.004% | picks ['on', 'on', 'on', 'on', 'off', 'on', 'on']
    FWD  -0.02% 1/4 | board +0.004% | picks ['off', 'off', 'on', 'on']
    -> FAIL

  U1 usage from same-lineup games only (2+) | REST OF SEASON, 4+ games left  rows 1,646 (top-150 933)  actual/live 0.949
    fixed -0.11% (3/7) | RB +0.00% (n384) | WR +0.04% (n1136) | TE -2.97% (n126) | ADP<=60 +0.53% (n435) | 61-150 +0.25% | 151+ -0.88%
    by kind: return: +0.34% (n1241, act/live 0.948) | out: -1.04% (n333, act/live 0.953) | out+return: -4.48% (n72, act/live 0.948)
    LOYO +0.49% 0/7 | board +0.119% | picks ['off', 'on', 'off', 'off', 'on', 'on', 'on']
    FWD  +0.32% 1/4 | board +0.184% | picks ['on', 'on', 'on', 'on']
    -> FAIL

  U1 usage from same-lineup games only (2+) | REST OF SEASON, no survivor filter  rows 1,989 (top-150 1072)  actual/live 0.930
    fixed -0.26% (4/7) | RB +0.00% (n483) | WR -0.09% (n1336) | TE -3.29% (n170) | ADP<=60 +0.31% (n490) | 61-150 +0.14% | 151+ -0.94%
    by kind: return: -0.01% (n1480, act/live 0.919) | out: -1.11% (n393, act/live 0.971) | out+return: -0.39% (n116, act/live 0.920)
    LOYO -0.26% 4/7 | board +0.059% | picks ['on', 'on', 'on', 'on', 'on', 'on', 'on']
    FWD  +0.03% 2/4 | board +0.131% | picks ['on', 'on', 'on', 'on']
    -> FAIL

  U2 usage half same-lineup / half all | NEXT GAME  rows 3,236 (top-150 1830)  actual/live 0.927
    fixed -0.05% (5/7) | RB +0.00% (n811) | WR -0.00% (n2176) | TE -1.30% (n249) | ADP<=60 +0.07% (n867) | 61-150 -0.12% | 151+ -0.16%
    by kind: return: -0.08% (n2370, act/live 0.926) | out: -0.12% (n656, act/live 0.938) | out+return: +0.60% (n210, act/live 0.906)
    LOYO -0.05% 5/7 | board +0.004% | picks ['on', 'on', 'on', 'on', 'on', 'on', 'on']
    FWD  -0.02% 2/4 | board +0.000% | picks ['off', 'off', 'on', 'on']
    -> FAIL

  U2 usage half same-lineup / half all | REST OF SEASON, 4+ games left  rows 1,646 (top-150 933)  actual/live 0.949
    fixed -0.21% (3/7) | RB +0.00% (n384) | WR -0.18% (n1136) | TE -1.71% (n126) | ADP<=60 +0.14% (n435) | 61-150 -0.03% | 151+ -0.63%
    by kind: return: +0.06% (n1241, act/live 0.948) | out: -0.80% (n333, act/live 0.953) | out+return: -2.73% (n72, act/live 0.948)
    LOYO -0.21% 3/7 | board +0.027% | picks ['on', 'on', 'on', 'on', 'on', 'on', 'on']
    FWD  -0.00% 1/4 | board +0.074% | picks ['on', 'on', 'on', 'on']
    -> FAIL

  U2 usage half same-lineup / half all | REST OF SEASON, no survivor filter  rows 1,989 (top-150 1072)  actual/live 0.930
    fixed -0.25% (6/7) | RB +0.00% (n483) | WR -0.21% (n1336) | TE -1.79% (n170) | ADP<=60 +0.06% (n490) | 61-150 -0.05% | 151+ -0.61%
    by kind: return: -0.09% (n1480, act/live 0.919) | out: -0.77% (n393, act/live 0.971) | out+return: -0.38% (n116, act/live 0.920)
    LOYO -0.25% 6/7 | board +0.017% | picks ['on', 'on', 'on', 'on', 'on', 'on', 'on']
    FWD  -0.11% 3/4 | board +0.051% | picks ['on', 'on', 'on', 'on']
    -> FAIL

  U3 U1 + points evidence from same-lineup games | NEXT GAME  rows 3,236 (top-150 1830)  actual/live 0.927
    fixed +2.41% (1/7) | RB +1.45% (n811) | WR +2.99% (n2176) | TE -1.01% (n249) | ADP<=60 +2.08% (n867) | 61-150 +3.52% | 151+ +1.77%
    by kind: return: +0.54% (n2370, act/live 0.926) | out: +7.27% (n656, act/live 0.938) | out+return: +6.62% (n210, act/live 0.906)
    LOYO +0.00% 0/7 | board +0.000% | picks ['off', 'off', 'off', 'off', 'off', 'off', 'off']
    FWD  +0.00% 0/4 | board +0.000% | picks ['off', 'off', 'off', 'off']
    -> FAIL

  U3 U1 + points evidence from same-lineup games | REST OF SEASON, 4+ games left  rows 1,646 (top-150 933)  actual/live 0.949
    fixed +9.80% (1/7) | RB +12.12% (n384) | WR +9.12% (n1136) | TE +8.40% (n126) | ADP<=60 +12.37% (n435) | 61-150 +8.72% | 151+ +8.80%
    by kind: return: +8.86% (n1241, act/live 0.948) | out: +12.87% (n333, act/live 0.953) | out+return: +10.73% (n72, act/live 0.948)
    LOYO +0.00% 0/7 | board +0.000% | picks ['off', 'off', 'off', 'off', 'off', 'off', 'off']
    FWD  +0.00% 0/4 | board +0.000% | picks ['off', 'off', 'off', 'off']
    -> FAIL

  U3 U1 + points evidence from same-lineup games | REST OF SEASON, no survivor filter  rows 1,989 (top-150 1072)  actual/live 0.930
    fixed +7.17% (1/7) | RB +6.96% (n483) | WR +7.53% (n1336) | TE +4.15% (n170) | ADP<=60 +10.75% (n490) | 61-150 +6.49% | 151+ +5.34%
    by kind: return: +6.81% (n1480, act/live 0.919) | out: +8.35% (n393, act/live 0.971) | out+return: +7.45% (n116, act/live 0.920)
    LOYO +0.00% 0/7 | board +0.000% | picks ['off', 'off', 'off', 'off', 'off', 'off', 'off']
    FWD  +0.00% 0/4 | board +0.000% | picks ['off', 'off', 'off', 'off']
    -> FAIL

  U4 usage from same-or-smaller lineup games (fill-in direction only) | NEXT GAME  rows 907 (top-150 487)  actual/live 0.924
    fixed +0.48% (2/7) | RB +0.00% (n223) | WR +1.14% (n621) | TE -5.46% (n63) | ADP<=60 +0.01% (n228) | 61-150 +0.67% | 151+ +0.86%
    by kind: out: -0.10% (n656, act/live 0.938) | out+return: +2.24% (n251, act/live 0.878)
    LOYO +0.00% 0/7 | board +0.000% | picks ['off', 'off', 'off', 'off', 'off', 'off', 'off']
    FWD  +0.00% 0/4 | board +0.000% | picks ['off', 'off', 'off', 'off']
    -> FAIL

  U4 usage from same-or-smaller lineup games (fill-in direction only) | REST OF SEASON, 4+ games left  rows 429 (top-150 240)  actual/live 0.954
    fixed -1.14% (5/7) | RB +0.00% (n99) | WR -0.59% (n306) | ADP<=60 -2.80% (n120) | 61-150 +5.48% | 151+ -4.49%
    by kind: out: -1.04% (n333, act/live 0.953) | out+return: -1.59% (n96, act/live 0.961)
    LOYO -1.14% 5/7 | board +0.018% | picks ['on', 'on', 'on', 'on', 'on', 'on', 'on']
    FWD  -1.07% 3/4 | board +0.097% | picks ['on', 'on', 'on', 'on']
    -> PASS

  U4 usage from same-or-smaller lineup games (fill-in direction only) | REST OF SEASON, no survivor filter  rows 543 (top-150 279)  actual/live 0.962
    fixed -0.43% (4/7) | RB +0.00% (n123) | WR +0.52% (n386) | TE -6.66% (n34) | ADP<=60 -2.83% (n131) | 61-150 +5.06% | 151+ -2.01%
    by kind: out: -1.11% (n393, act/live 0.971) | out+return: +0.98% (n150, act/live 0.933)
    LOYO +0.12% 3/7 | board -0.001% | picks ['on', 'on', 'on', 'on', 'off', 'on', 'on']
    FWD  -0.39% 2/4 | board +0.089% | picks ['off', 'on', 'on', 'on']
    -> FAIL

  U1 with 3+ same-lineup games | NEXT GAME  rows 2,769 (top-150 1586)  actual/live 0.927
    fixed -0.08% (4/7) | RB +0.00% (n701) | WR -0.05% (n1854) | TE -1.33% (n214) | ADP<=60 +0.13% (n754) | 61-150 -0.23% | 151+ -0.26%
    by kind: return: -0.14% (n2177, act/live 0.925) | out: -0.12% (n451, act/live 0.948) | out+return: +1.00% (n141, act/live 0.888)
    LOYO -0.08% 4/7 | board +0.007% | picks ['on', 'on', 'on', 'on', 'on', 'on', 'on']
    FWD  -0.02% 1/4 | board +0.013% | picks ['on', 'off', 'on', 'on']
    -> FAIL

  U1 with 3+ same-lineup games | REST OF SEASON, 4+ games left  rows 1,308 (top-150 749)  actual/live 0.948
    fixed +0.11% (3/7) | RB +0.00% (n302) | WR +0.10% (n904) | TE +0.86% (n102) | ADP<=60 -0.21% (n344) | 61-150 +0.45% | 151+ +0.04%
    by kind: return: +0.42% (n1071, act/live 0.952) | out: -0.92% (n195, act/live 0.926) | out+return: -4.30% (n42, act/live 0.957)
    LOYO +0.53% 0/7 | board +0.047% | picks ['off', 'off', 'off', 'off', 'on', 'on', 'on']
    FWD  +0.63% 1/4 | board +0.084% | picks ['on', 'on', 'on', 'on']
    -> FAIL

  U1 with 3+ same-lineup games | REST OF SEASON, no survivor filter  rows 1,594 (top-150 865)  actual/live 0.928
    fixed -0.10% (5/7) | RB +0.00% (n387) | WR -0.05% (n1067) | TE -1.24% (n140) | ADP<=60 -0.02% (n393) | 61-150 +0.10% | 151+ -0.32%
    by kind: return: +0.08% (n1291, act/live 0.923) | out: -0.87% (n238, act/live 0.954) | out+return: -0.43% (n65, act/live 0.928)
    LOYO +0.16% 3/7 | board +0.047% | picks ['off', 'on', 'off', 'on', 'on', 'on', 'on']
    FWD  +0.25% 2/4 | board +0.068% | picks ['on', 'on', 'on', 'on']
    -> FAIL

Limitations: regulars = same-position teammates with Clay >= 5/g (cross-position target competition not in the set); expected-active set = who played this week (oracle for the report); route rate not rebuilt; prop anchor / docks not replayed.
