=== lines-up + practice-trend scorecard: 184 designated player-weeks, weeks [1, 2, 3] (pre-inactives state) ===

  game status: Questionable
    all                                            played  20/ 35  ( 57%)
    lines up at 2+ books                           played  15/ 17  ( 88%)
    lines up at 1 book                             played   0/  1  (  0%)
    no lines, usually has them                     played   3/  7  ( 43%)
    no lines, never lined                          played   2/ 10  ( 20%)

  game status: Doubtful
    all                                            played   0/  8  (  0%)
    no lines, usually has them                     played   0/  3  (  0%)
    no lines, never lined                          played   0/  5  (  0%)

  game status: Out
    all                                            played   0/ 33  (  0%)
    no lines, usually has them                     played   0/ 22  (  0%)
    no lines, never lined                          played   0/ 11  (  0%)

  game status: none (on the report, no designation)
    all                                            played 103/108  ( 95%)
    lines up at 2+ books                           played  80/ 80  (100%)
    no lines, usually has them                     played   2/  3  ( 67%)
    no lines, never lined                          played  21/ 25  ( 84%)

  Questionable by the week's practice sequence:
    last FP, upgraded                              played   1/  4  ( 25%)
    last FP, flat                                  played   2/  2  (100%)
    last LP, upgraded                              played   6/  9  ( 67%)
    last LP, flat                                  played   9/ 14  ( 64%)
    last DNP, flat                                 played   1/  3  ( 33%)
    last DNP, downgraded                           played   1/  3  ( 33%)

  Questionable, lines x last practice:
    last FP, lines at 2+ books                     played   3/  3  (100%)
    last FP, no lines                              played   0/  3  (  0%)
    last LP, lines at 2+ books                     played  10/ 12  ( 83%)
    last LP, no lines                              played   5/ 11  ( 45%)
    last DNP, lines at 2+ books                    played   2/  2  (100%)
    last DNP, no lines                             played   0/  3  (  0%)

  sample for a weight: 35 Questionable player-weeks so far (target ~100 before the lines signal moves a projection)

  week 3 Questionable detail:
    DJ Moore               WR BUF LP-DNP-LP-LP-LP 5 books  PLAYED
    Jalen Coker            WR CAR LP-DNP-LP-LP-LP 5 books  PLAYED
    Michael Pittman        WR PIT LP-LP-LP-LP-LP 5 books  PLAYED
    Jaylen Warren          RB PIT LP-LP-LP-LP-LP 5 books  PLAYED
    Mike Evans             WR SF  DNP-DNP-LP-LP-LP 5 books  PLAYED
    Brock Bowers           TE LV  LP-LP-DNP-DNP-DNP 5 books  PLAYED
    Xavier Legette         WR CAR DNP-LP-LP-LP   4 books  sat
    Adonai Mitchell        WR NYJ LP-LP-LP-LP    4 books  sat
    Colby Parkinson        TE LAR DNP-DNP-DNP-DNP-DNP 4 books  PLAYED
    Tyjae Spears           RB TEN DNP-DNP-LP-LP-LP 2 books  PLAYED
    Trey Lance             QB LAC LP-LP-LP       0 books  PLAYED
    Keon Coleman           WR BUF DNP-DNP-LP-LP-LP 0 books  PLAYED
    Eli Raridon            TE NE  LP-DNP-DNP-DNP-DNP 0 books  sat
    Zay Flowers            WR BAL DNP-DNP-LP-LP-LP 0 books  PLAYED
    Marvin Mims Jr.        WR DEN LP-LP-LP-LP-LP 0 books  sat
    Tyson Bagent           QB CHI DNP-DNP-FP-FP-FP 0 books  sat
