=== next candidates: 17,569 player-weeks 2019-25; everyone: actual / shadow 0.996, actual / live-form 1.043 ===

--- A  THE GAME AFTER HE LEFT EARLY (last game under 60% of the snap share he had before it, 50%+ before) ---
    RB: all                                        n   114  actual  8.61  | / shadow 0.789 (t -4.5, 7/7)  | / live-form 0.829 (t -3.5, 7/7)
    RB: listed Questionable                        n   19 (too few)
    RB: missed or limited practice, not Q          n   11 (too few)
    RB: clean report                               n    84  actual  7.91  | / shadow 0.745 (t -5.1, 7/7)  | / live-form 0.783 (t -4.1, 7/7)
    WR: all                                        n   214  actual  5.66  | / shadow 0.742 (t -6.1, 7/7)  | / live-form 0.778 (t -4.9, 6/7)
    WR: listed Questionable                        n    48  actual  7.21  | / shadow 0.737 (t -4.6, 4/5)  | / live-form 0.746 (t -4.2, 4/5)
    WR: missed or limited practice, not Q          n   11 (too few)
    WR: clean report                               n   155  actual  5.14  | / shadow 0.742 (t -4.4, 7/7)  | / live-form 0.791 (t -3.3, 6/7)
    TE: all                                        n    89  actual  4.26  | / shadow 0.782 (t -3.0, 7/7)  | / live-form 0.838 (t -2.1, 6/7)
    TE: listed Questionable                        n   18 (too few)
    TE: missed or limited practice, not Q          n    3 (too few)
    TE: clean report                               n    68  actual  3.93  | / shadow 0.737 (t -3.0, 6/6)  | / live-form 0.793 (t -2.2, 5/6)
    for scale: Questionable, no early exit (RB/WR/TE) n   658  actual  8.58  | / shadow 0.894 (t -4.2, 7/7)  | / live-form 0.931 (t -2.5, 5/7)

--- B  REST (days since the team's last game) ---
    QB: short week (4-5 days)                      n   187  actual 18.12  | / shadow 1.009 (t +0.3, 4/7)  | / live-form 1.070 (t +2.1, 6/7)
    QB: normal (6-8 days)                          n  1906  actual 17.47  | / shadow 0.986 (t -1.4, 4/7)  | / live-form 1.049 (t +4.6, 6/7)
    QB: long (9-11 days)                           n   183  actual 17.60  | / shadow 0.964 (t -1.2, 5/7)  | / live-form 1.016 (t +0.5, 3/7)
    QB: after the bye (12+ days)                   n   170  actual 16.71  | / shadow 0.941 (t -2.0, 6/7)  | / live-form 0.992 (t -0.2, 3/7)
    RB: short week (4-5 days)                      n   316  actual  9.99  | / shadow 0.986 (t -0.4, 3/7)  | / live-form 1.040 (t +1.0, 4/7)
    RB: normal (6-8 days)                          n  3284  actual 10.16  | / shadow 1.006 (t +0.5, 3/7)  | / live-form 1.072 (t +5.6, 7/7)
    RB: long (9-11 days)                           n   317  actual  9.99  | / shadow 0.991 (t -0.2, 4/7)  | / live-form 1.051 (t +1.3, 5/7)
    RB: after the bye (12+ days)                   n   292  actual 10.03  | / shadow 0.973 (t -0.7, 4/7)  | / live-form 1.037 (t +0.9, 4/7)
    WR: short week (4-5 days)                      n   512  actual  8.84  | / shadow 0.990 (t -0.3, 4/7)  | / live-form 1.014 (t +0.5, 3/7)
    WR: normal (6-8 days)                          n  5223  actual  8.80  | / shadow 1.006 (t +0.6, 3/7)  | / live-form 1.040 (t +3.8, 6/7)
    WR: long (9-11 days)                           n   521  actual  8.71  | / shadow 0.986 (t -0.4, 4/7)  | / live-form 1.014 (t +0.4, 3/7)
    WR: after the bye (12+ days)                   n   475  actual  7.97  | / shadow 0.903 (t -3.1, 7/7)  | / live-form 0.927 (t -2.2, 6/7)
    TE: short week (4-5 days)                      n   219  actual  7.55  | / shadow 1.135 (t +2.2, 5/7)  | / live-form 1.183 (t +2.9, 6/7)
    TE: normal (6-8 days)                          n  2316  actual  6.77  | / shadow 1.028 (t +1.7, 6/7)  | / live-form 1.079 (t +4.6, 6/7)
    TE: long (9-11 days)                           n   225  actual  6.78  | / shadow 1.018 (t +0.4, 4/7)  | / live-form 1.071 (t +1.3, 5/7)
    TE: after the bye (12+ days)                   n   202  actual  6.14  | / shadow 0.935 (t -1.1, 5/7)  | / live-form 0.968 (t -0.5, 4/7)

--- C  CHANGED TEAMS DURING THE SEASON ---
    RB: first game with the new team               n    0 (too few)
    RB: games 2-3 with the new team                n    0 (too few)
    RB: game 4+ with the new team                  n    0 (too few)
    WR: first game with the new team               n    0 (too few)
    WR: games 2-3 with the new team                n    0 (too few)
    WR: game 4+ with the new team                  n    0 (too few)
    TE: first game with the new team               n    0 (too few)
    TE: games 2-3 with the new team                n    0 (too few)
    TE: game 4+ with the new team                  n    0 (too few)
    all positions: first three games               n    0 (too few)

--- D  PLAYING THROUGH AN INJURY, by body part (on that week's report and played) ---
  rows on a report 3,703; listed Questionable 880
    RB / WR / TE: on the report, any               n  3202  actual  9.25  | / shadow 0.950 (t -4.3, 6/7)  | / live-form 0.974 (t -2.2, 6/7)
    RB / WR / TE: Questionable, any                n   813  actual  8.37  | / shadow 0.883 (t -5.2, 7/7)  | / live-form 0.914 (t -3.6, 7/7)
    hamstring: on the report                       n   270  actual  8.17  | / shadow 0.871 (t -3.3, 6/7)  | / live-form 0.890 (t -2.7, 6/7)
    hamstring: Questionable                        n    92  actual  6.76  | / shadow 0.715 (t -5.7, 6/7)  | / live-form 0.737 (t -4.9, 6/7)
    ankle: on the report                           n   435  actual  9.03  | / shadow 0.927 (t -2.4, 6/7)  | / live-form 0.955 (t -1.4, 5/7)
    ankle: Questionable                            n   134  actual  8.33  | / shadow 0.861 (t -2.6, 6/7)  | / live-form 0.896 (t -1.8, 6/7)
    knee: on the report                            n   452  actual  9.12  | / shadow 0.945 (t -1.7, 6/7)  | / live-form 0.984 (t -0.5, 3/7)
    knee: Questionable                             n   125  actual  8.60  | / shadow 0.886 (t -1.7, 5/7)  | / live-form 0.931 (t -1.0, 4/7)
    calf / achilles: on the report                 n   105  actual  8.44  | / shadow 0.875 (t -1.9, 5/7)  | / live-form 0.892 (t -1.6, 4/7)
    calf / achilles: Questionable                  n    34  actual  8.54  | / shadow 0.813 (t -1.5, 3/3)  | / live-form 0.823 (t -1.5, 3/3)
    groin / hip / quad: on the report              n   373  actual  9.35  | / shadow 1.018 (t +0.5, 5/7)  | / live-form 1.038 (t +1.0, 4/7)
    groin / hip / quad: Questionable               n   133  actual  9.44  | / shadow 1.017 (t +0.3, 4/7)  | / live-form 1.021 (t +0.3, 4/7)
    foot / toe: on the report                      n   225  actual  9.72  | / shadow 0.979 (t -0.5, 4/7)  | / live-form 0.999 (t -0.0, 4/7)
    foot / toe: Questionable                       n    58  actual  9.12  | / shadow 0.973 (t -0.3, 3/5)  | / live-form 1.029 (t +0.3, 2/5)
    shoulder: on the report                        n   229  actual  8.18  | / shadow 0.886 (t -2.9, 7/7)  | / live-form 0.904 (t -2.3, 6/7)
    shoulder: Questionable                         n    54  actual  8.17  | / shadow 0.928 (t -0.9, 3/6)  | / live-form 0.940 (t -0.7, 3/6)
    back / ribs / chest: on the report             n   210  actual  9.45  | / shadow 0.959 (t -0.9, 4/7)  | / live-form 1.019 (t +0.4, 3/7)
    back / ribs / chest: Questionable              n    67  actual  8.96  | / shadow 0.951 (t -0.7, 4/5)  | / live-form 1.018 (t +0.2, 2/5)
    hand / wrist / finger: on the report           n   101  actual  7.88  | / shadow 0.866 (t -2.4, 4/5)  | / live-form 0.916 (t -1.4, 4/5)
    hand / wrist / finger: Questionable            n   21 (too few)
    concussion: on the report                      n    86  actual  7.76  | / shadow 0.960 (t -0.5, 4/7)  | / live-form 1.025 (t +0.3, 5/7)
    concussion: Questionable                       n   19 (too few)
    rest / not injury: on the report               n   412  actual 11.75  | / shadow 1.019 (t +0.6, 5/7)  | / live-form 1.012 (t +0.4, 5/7)
    rest / not injury: Questionable                n    3 (too few)
    illness: on the report                         n   116  actual  8.58  | / shadow 0.886 (t -2.0, 6/7)  | / live-form 0.914 (t -1.5, 6/7)
    illness: Questionable                          n    40  actual  8.03  | / shadow 0.779 (t -2.6, 4/4)  | / live-form 0.793 (t -2.3, 4/4)
    RB hamstring: Questionable                     n   14 (too few)
    RB ankle: Questionable                         n    51  actual  9.53  | / shadow 0.861 (t -1.8, 4/5)  | / live-form 0.904 (t -1.2, 3/5)
    RB knee: Questionable                          n    37  actual  9.62  | / shadow 0.779 (t -2.3, 3/3)  | / live-form 0.845 (t -1.6, 3/3)
    WR hamstring: Questionable                     n    66  actual  6.62  | / shadow 0.690 (t -5.3, 4/5)  | / live-form 0.710 (t -4.7, 4/5)
    WR ankle: Questionable                         n    63  actual  8.93  | / shadow 0.924 (t -0.9, 4/6)  | / live-form 0.945 (t -0.6, 4/6)
    WR knee: Questionable                          n    59  actual  7.63  | / shadow 0.858 (t -1.5, 4/5)  | / live-form 0.896 (t -1.1, 3/5)
    QB shoulder: on the report                     n   18 (too few)
    QB hand / wrist / finger: on the report        n   17 (too few)
    QB ankle: on the report                        n    64  actual 16.42  | / shadow 0.924 (t -1.3, 3/6)  | / live-form 1.007 (t +0.1, 4/6)
    QB knee: on the report                         n    70  actual 18.82  | / shadow 1.033 (t +0.6, 4/5)  | / live-form 1.064 (t +1.1, 4/5)
    QB back / ribs / chest: on the report          n    36  actual 15.75  | / shadow 0.894 (t -1.4, 2/3)  | / live-form 0.938 (t -0.8, 2/3)

--- E  HIS QUARTERBACK HOT / COLD vs his own projection (receivers and tight ends, 3+ team games in) ---
    WR: correlation of quarterback form with the receiver's miss: r -0.012 (n 4236)
    WR: quarterback 20%+ under his projection      n   542  actual  8.47  | / shadow 1.019 (t +0.6, 3/7)  | / live-form 1.110 (t +3.2, 7/7)
    WR: quarterback within 20%                     n  2999  actual  8.87  | / shadow 0.982 (t -1.4, 5/7)  | / live-form 1.015 (t +1.1, 5/7)
    WR: quarterback 20%+ over his projection       n   695  actual  9.53  | / shadow 0.993 (t -0.3, 5/7)  | / live-form 0.974 (t -1.0, 6/7)
    TE: correlation of quarterback form with the receiver's miss: r -0.028 (n 1874)
    TE: quarterback 20%+ under his projection      n   234  actual  6.41  | / shadow 1.126 (t +2.0, 5/7)  | / live-form 1.234 (t +3.4, 6/7)
    TE: quarterback within 20%                     n  1357  actual  7.05  | / shadow 1.041 (t +1.9, 6/7)  | / live-form 1.083 (t +3.7, 7/7)
    TE: quarterback 20%+ over his projection       n   283  actual  7.48  | / shadow 0.990 (t -0.2, 5/7)  | / live-form 1.006 (t +0.1, 4/7)
