Partial Spearman of each flagged metric vs the residual, controlling for the projection's own level (live), the Vegas implied
team total and season PPG. 'raw' = screen value; 'partial' = after the controls; halves = 2019-22 / 2023-25 partial.

=== QB ===
  metric                                res raw  partial [ 19-22  23-25]   resRos raw  partial [ 19-22  23-25]
  qb_epa                                 -0.037   -0.008 [+0.028 -0.040]       -0.109   +0.048 [+0.096 +0.009]
  qb_p2s                                 +0.044   +0.038 [+0.048 +0.026]       +0.092   +0.035 [+0.113 -0.061]
  qb_accuracy                            -0.016   -0.000 [+0.007 -0.013]       -0.129   -0.063*[-0.080 -0.051]
  qb_noscreen_epa                        -0.035   -0.001 [+0.037 -0.039]       -0.119   +0.037 [+0.083 -0.012]
  qb_grade_pass                          -0.040   -0.007 [-0.009 -0.009]       -0.098   +0.038 [-0.005 +0.075]
  qb_pos_graded                          -0.022   +0.063*[+0.067 +0.059]       -0.089   +0.076*[+0.109 +0.026]
  qb_completion_oe                       -0.019   +0.007 [+0.022 -0.010]       -0.141   -0.053 [-0.035 -0.074]
  qb_npa_epa                             -0.029   +0.008 [+0.034 -0.020]       -0.115   +0.029 [+0.118 -0.056]
  qb_grade_run                           -0.045   +0.019 [+0.002 +0.032]       -0.170   -0.070*[-0.142 -0.038]
  qb_pass_rate_oe                        -0.053   -0.004 [-0.013 +0.005]       -0.149   -0.052 [-0.096 +0.024]
  qb_twp_rate                            +0.024   -0.011 [+0.029 -0.049]       +0.107   +0.028 [+0.180 -0.119]
  ru_grade_run                           -0.046   +0.019 [+0.002 +0.031]       -0.171   -0.071*[-0.141 -0.039]
  ru_pos_graded                          -0.024   +0.063*[+0.067 +0.057]       -0.089   +0.077*[+0.108 +0.026]
  ru_explosive_rate                      -0.027   +0.030 [+0.039 +0.016]       -0.111   -0.030 [+0.004 -0.087]
  own_explosivePlayRate                  -0.045   -0.036 [-0.019 -0.054]       -0.092   -0.008 [+0.009 -0.032]
  own_redZoneConversionRate              -0.053   -0.030 [-0.003 -0.062]       -0.092   +0.024 [+0.050 -0.014]
  own_epaPerPlay                         -0.048   -0.021 [+0.004 -0.040]       -0.124   +0.036 [+0.050 +0.058]
  own_pointsPerDrive                     -0.057   -0.040 [-0.036 -0.047]       -0.124   +0.034 [+0.039 +0.032]
  own_wepa                               -0.040   -0.016 [+0.013 -0.036]       -0.101   +0.061*[+0.087 +0.079]
  own_successRate                        -0.047   -0.019 [-0.006 -0.027]       -0.102   +0.037 [+0.012 +0.078]
  own_conversionAfter4                   -0.054   -0.026 [-0.033 -0.014]       -0.152   -0.012 [-0.028 +0.021]
  own_epaPerPassPlay                     -0.041   -0.014 [+0.017 -0.041]       -0.105   +0.059 [+0.110 +0.026]
  own_scrambleYardsPerCarry              -0.022   +0.021 [+0.026 +0.008]       -0.084   -0.019 [+0.016 -0.077]
  own_passPlayPct                        -0.050   -0.019 [-0.034 +0.001]       -0.119   -0.100*[-0.108 -0.064]
  own_zoneCoveragePctAgainst             +0.026   +0.003 [-0.006 +0.009]       +0.130   +0.076*[+0.079 +0.085]
  own_isPassOe                           -0.044   +0.010 [-0.009 +0.033]       -0.115   -0.004 [-0.077 +0.098]
  own_manCoveragePctAgainst              -0.026   -0.003 [+0.006 -0.009]       -0.130   -0.076*[-0.079 -0.085]
  own_zoneRunPct                         -0.024   -0.036 [-0.002 -0.066]       -0.091   -0.099 [+0.018 -0.204]
  own_explosiveRunRate                   -0.036   -0.016 [-0.002 -0.031]       -0.087   -0.032 [-0.009 -0.067]
  own_gapRunPct                          +0.022   +0.024 [-0.013 +0.061]       +0.129   +0.121 [-0.016 +0.244]
  own_runRateOe                          +0.044   -0.010 [+0.009 -0.033]       +0.115   +0.004 [+0.077 -0.098]
  own_runPlayPct                         +0.050   +0.019 [+0.034 -0.001]       +0.119   +0.101*[+0.108 +0.065]
  own_manDuoRate                         +0.021   +0.010 [+0.007 +0.004]       +0.129   +0.096*[+0.008 +0.160]
  own_insideZoneRate                     -0.020   +0.018 [+0.020 +0.026]       -0.133   -0.091*[-0.054 -0.133]
  opp_pressureOe                         -0.046   -0.022 [-0.032 -0.011]       -0.023   -0.010 [-0.010 -0.004]

=== RB ===
  metric                                res raw  partial [ 19-22  23-25]   resRos raw  partial [ 19-22  23-25]
  ol_pbe                                 -0.044   -0.032 [-0.028 -0.029]       -0.094   -0.056 [-0.023 -0.079]
  ol_pressure_rate_allowed               +0.042   +0.032 [+0.022 +0.032]       +0.093   +0.061*[+0.017 +0.096]
  ol_true_set_pbwr                       -0.047   -0.040 [-0.046 -0.028]       -0.088   -0.066*[-0.020 -0.106]
  ol_pbwr                                -0.054   -0.044*[-0.037 -0.041]       -0.117   -0.087*[-0.018 -0.141]
  own_explosivePlayRate                  -0.048   -0.032 [-0.041 -0.027]       -0.131   -0.078*[-0.122 -0.034]
  own_redZoneConversionRate              -0.057   -0.042*[-0.015 -0.063]       -0.094   -0.029 [+0.068 -0.110]
  own_epaPerPlay                         -0.079   -0.067*[-0.055 -0.080]       -0.134   -0.061 [+0.004 -0.108]
  own_pointsPerDrive                     -0.079   -0.068*[-0.044 -0.088]       -0.145   -0.078 [+0.004 -0.144]
  own_wepa                               -0.083   -0.072*[-0.074 -0.077]       -0.140   -0.068*[-0.031 -0.094]
  own_thirdDownConversionRate            -0.079   -0.066*[-0.073 -0.054]       -0.105   -0.045 [-0.071 -0.007]
  own_successRate                        -0.083   -0.072*[-0.060 -0.086]       -0.143   -0.080*[-0.038 -0.109]
  own_conversionAfter4                   -0.087   -0.076*[-0.067 -0.086]       -0.135   -0.065*[-0.008 -0.100]
  own_epaPerPassPlay                     -0.075   -0.060*[-0.053 -0.067]       -0.110   -0.030 [+0.036 -0.085]
  own_passerRating                       -0.060   -0.040*[-0.016 -0.061]       -0.089   -0.012 [+0.077 -0.088]
  own_pressureOeAllowed                  +0.032   +0.023 [+0.022 +0.022]       +0.114   +0.082*[+0.065 +0.106]
  own_passPlayPct                        +0.050   +0.038 [+0.039 +0.040]       +0.072   +0.035 [+0.060 +0.005]
  own_explosivePassRate                  -0.050   -0.031 [-0.038 -0.030]       -0.127   -0.070*[-0.060 -0.064]
  own_screenRate                         -0.039   -0.043*[-0.072 -0.016]       -0.099   -0.101*[-0.180 -0.031]
  own_zoneCoveragePctAgainst             +0.046   +0.039 [+0.042 +0.027]       +0.076   +0.053 [+0.032 +0.061]
  own_completionPercentage               -0.078   -0.063*[-0.054 -0.073]       -0.113   -0.060*[-0.043 -0.060]
  own_sackRateAgainst                    +0.047   +0.029 [+0.047 +0.012]       +0.100   +0.047 [+0.077 +0.012]
  own_yardsPerAttempt                    -0.056   -0.036 [-0.032 -0.040]       -0.111   -0.040 [-0.027 -0.033]
  own_passSuccessRate                    -0.082   -0.067*[-0.069 -0.070]       -0.128   -0.060*[-0.058 -0.059]
  own_isPassOe                           -0.034   -0.028 [-0.010 -0.043]       -0.089   -0.071 [+0.023 -0.153]
  own_manCoveragePctAgainst              -0.046   -0.039 [-0.042 -0.027]       -0.076   -0.053 [-0.032 -0.061]
  own_blitzRateAgainst                   -0.054   -0.048*[-0.058 -0.040]       -0.171   -0.151*[-0.144 -0.154]
  own_rushSuccessRate                    -0.052   -0.043*[-0.015 -0.068]       -0.097   -0.059 [-0.002 -0.106]
  own_yardsBeforeContactPerCarry         -0.043   -0.035 [-0.021 -0.046]       -0.081   -0.048 [-0.035 -0.048]
  own_designedYardsPerCarry              -0.048   -0.036 [-0.035 -0.034]       -0.124   -0.085*[-0.140 -0.032]
  own_runRateOe                          +0.034   +0.028 [+0.010 +0.043]       +0.089   +0.071 [-0.023 +0.153]
  own_runPlayPct                         -0.050   -0.038 [-0.039 -0.040]       -0.072   -0.035 [-0.060 -0.005]
  own_epaPerRunPlay                      -0.057   -0.044*[-0.024 -0.061]       -0.121   -0.074*[-0.059 -0.072]
  opp_blitzRate                          -0.056   -0.054*[-0.040 -0.068]       -0.011   -0.002 [-0.017 +0.014]

=== WR ===
  metric                                res raw  partial [ 19-22  23-25]   resRos raw  partial [ 19-22  23-25]
  own_scrambleYardsPerCarry              -0.018   -0.019 [-0.014 -0.026]       -0.108   -0.106*[-0.100 -0.109]
  own_rushSuccessRate                    -0.027   -0.026 [-0.028 -0.022]       -0.086   -0.082*[-0.110 -0.059]
  rec_pos_graded                         +0.008   +0.043*[+0.046 +0.043]       +0.102   +0.102*[+0.120 +0.075]

=== TE ===
  metric                                res raw  partial [ 19-22  23-25]   resRos raw  partial [ 19-22  23-25]
  own_pressureOeAllowed                  -0.013   -0.006 [-0.022 +0.010]       -0.112   -0.113*[-0.202 -0.032]
  own_passPlayPct                        -0.088   -0.079*[-0.052 -0.101]       -0.242   -0.240*[-0.267 -0.224]
  own_screenRate                         +0.058   +0.047*[+0.031 +0.037]       +0.146   +0.138*[+0.111 +0.135]
  own_zoneCoveragePctAgainst             +0.054   +0.066*[+0.029 +0.066]       +0.144   +0.158*[+0.099 +0.159]
  own_isPassOe                           -0.089   -0.092*[-0.058 -0.123]       -0.246   -0.249*[-0.239 -0.252]
  own_manCoveragePctAgainst              -0.054   -0.066*[-0.029 -0.066]       -0.144   -0.158*[-0.099 -0.159]
  own_blitzRateAgainst                   +0.058   +0.051*[+0.047 +0.061]       +0.137   +0.130*[+0.138 +0.140]
  own_explosiveRunRate                   +0.081   +0.082*[+0.110 +0.052]       +0.144   +0.149*[+0.237 +0.073]
  own_designedYardsPerCarry              +0.057   +0.055*[+0.083 +0.033]       +0.164   +0.169*[+0.277 +0.090]
  own_runRateOe                          +0.089   +0.092*[+0.058 +0.123]       +0.246   +0.249*[+0.239 +0.252]
  own_runPlayPct                         +0.088   +0.079*[+0.052 +0.101]       +0.242   +0.240*[+0.267 +0.224]
  own_insideZoneRate                     -0.036   -0.032 [+0.030 -0.064]       -0.143   -0.147*[-0.059 -0.202]
  own_yardsAfterContactPerCarry          +0.064   +0.056*[+0.040 +0.053]       +0.153   +0.145*[+0.179 +0.126]
  own_pullLeadRate                       +0.039   +0.032 [+0.014 +0.036]       +0.114   +0.109*[+0.049 +0.165]
  opp_yacPerReceptionAllowed             +0.059   +0.054*[+0.044 +0.062]       +0.006   +0.002 [+0.013 +0.006]
  rec_catch_oe_per_tgt                   -0.016   -0.003 [+0.019 -0.021]       +0.099   +0.113*[+0.079 +0.143]
  rec_catch_oe                           -0.016   -0.003 [+0.018 -0.020]       +0.100   +0.114*[+0.079 +0.144]
  rec_pos_graded                         +0.038   +0.088*[+0.090 +0.085]       +0.118   +0.188*[+0.201 +0.171]
  rec_vs_cb_share                        -0.050   -0.043*[-0.046 -0.033]       -0.087   -0.075 [-0.169 +0.002]

