PFF Pro tables loaded: 1364
rows: 12894 player-weeks (live >= 5, 2+ games); new metrics: 127
Spearman r by position: next / rest-of-season PPG || residual next / residual rest of season; '*' = |residual r| >= .05 AND same sign in 2019-22 and 2023-25

=== QB (124 metrics) ===
  metric                                       n   next    ros ||    res [ 19-22  23-25] resRos [ 19-22  23-25]
  ru_grade_run                              2332 +0.139 +0.192 || -0.046 [-0.058 -0.041] -0.171*[-0.252 -0.121]
  qb_grade_run                              2331 +0.139 +0.193 || -0.045 [-0.058 -0.039] -0.170*[-0.253 -0.118]
  rec_neg_graded                             623 -0.043 -0.119 || -0.034 [-0.064 +0.005] -0.156*[-0.184 -0.156]
  own_conversionAfter4                      2333 +0.262 +0.364 || -0.054*[-0.055 -0.050] -0.152*[-0.164 -0.122]
  qb_pass_rate_oe                           2332 +0.151 +0.201 || -0.053*[-0.069 -0.031] -0.149*[-0.220 -0.038]
  qb_completion_oe                          2332 +0.199 +0.242 || -0.019 [-0.009 -0.032] -0.141*[-0.131 -0.155]
  own_insideZoneRate                        2333 +0.041 +0.035 || -0.020 [-0.029 -0.003] -0.133*[-0.131 -0.133]
  own_zoneCoveragePctAgainst                2333 -0.067 -0.056 || +0.026 [+0.008 +0.042] +0.130*[+0.117 +0.133]
  own_manCoveragePctAgainst                 2333 +0.067 +0.056 || -0.026 [-0.008 -0.042] -0.130*[-0.117 -0.133]
  own_manDuoRate                            2333 -0.044 -0.042 || +0.021 [+0.005 +0.027] +0.129*[+0.022 +0.202]
  qb_accuracy                               2332 +0.158 +0.183 || -0.016 [-0.004 -0.034] -0.129*[-0.131 -0.126]
  own_gapRunPct                             2333 -0.014 +0.001 || +0.022 [-0.010 +0.046] +0.129*[+0.014 +0.221]
  own_pointsPerDrive                        2333 +0.265 +0.386 || -0.057*[-0.051 -0.067] -0.124*[-0.122 -0.119]
  own_epaPerPlay                            2333 +0.268 +0.390 || -0.048 [-0.029 -0.064] -0.124*[-0.117 -0.106]
  own_runPlayPct                            2333 +0.040 +0.085 || +0.050*[+0.079 +0.011] +0.119*[+0.168 +0.035]
  own_passPlayPct                           2333 -0.040 -0.085 || -0.050*[-0.079 -0.011] -0.119*[-0.168 -0.035]
  qb_noscreen_epa                           2332 +0.271 +0.399 || -0.035 [-0.012 -0.059] -0.119*[-0.102 -0.135]
  qb_npa_epa                                2332 +0.262 +0.389 || -0.029 [-0.011 -0.049] -0.115*[-0.071 -0.155]
  own_runRateOe                             2333 -0.166 -0.235 || +0.044 [+0.072 +0.006] +0.115 [+0.216 -0.026]
  own_isPassOe                              2333 +0.166 +0.235 || -0.044 [-0.072 -0.006] -0.115 [-0.216 +0.026]
  ru_explosive_rate                         2332 +0.102 +0.150 || -0.027 [-0.016 -0.039] -0.111*[-0.102 -0.123]
  qb_epa                                    2332 +0.266 +0.403 || -0.037 [-0.014 -0.058] -0.109*[-0.089 -0.121]
  qb_twp_rate                               2332 -0.129 -0.161 || +0.024 [+0.065 -0.017] +0.107 [+0.268 -0.058]
  own_epaPerPassPlay                        2333 +0.266 +0.389 || -0.041 [-0.019 -0.060] -0.105*[-0.076 -0.120]
  own_successRate                           2333 +0.245 +0.360 || -0.047 [-0.039 -0.052] -0.102*[-0.128 -0.062]
  own_wepa                                  2333 +0.271 +0.399 || -0.040 [-0.020 -0.059] -0.101*[-0.089 -0.093]
  qb_grade_pass                             2332 +0.241 +0.352 || -0.040 [-0.047 -0.035] -0.098*[-0.148 -0.048]
  own_explosivePlayRate                     2333 +0.162 +0.214 || -0.045 [-0.023 -0.070] -0.092*[-0.063 -0.125]
  own_redZoneConversionRate                 2333 +0.193 +0.277 || -0.053*[-0.018 -0.092] -0.092*[-0.055 -0.123]
  qb_p2s                                    2331 -0.095 -0.160 || +0.044 [+0.063 +0.024] +0.092 [+0.173 -0.005]

=== RB (116 metrics) ===
  metric                                       n   next    ros ||    res [ 19-22  23-25] resRos [ 19-22  23-25]
  own_blitzRateAgainst                      3394 -0.029 -0.070 || -0.054*[-0.055 -0.050] -0.171*[-0.136 -0.202]
  own_pointsPerDrive                        3394 +0.062 +0.120 || -0.079*[-0.061 -0.091] -0.145*[-0.013 -0.252]
  own_successRate                           3394 +0.041 +0.104 || -0.083*[-0.071 -0.092] -0.143*[-0.046 -0.222]
  own_wepa                                  3394 +0.067 +0.141 || -0.083*[-0.082 -0.084] -0.140*[-0.040 -0.220]
  own_conversionAfter4                      3394 +0.054 +0.128 || -0.087*[-0.077 -0.092] -0.135*[-0.020 -0.221]
  own_epaPerPlay                            3394 +0.066 +0.140 || -0.079*[-0.069 -0.086] -0.134*[-0.012 -0.228]
  own_explosivePlayRate                     3394 +0.041 +0.049 || -0.048 [-0.052 -0.044] -0.131*[-0.129 -0.144]
  own_passSuccessRate                       3394 +0.061 +0.131 || -0.082*[-0.079 -0.084] -0.128*[-0.059 -0.188]
  own_explosivePassRate                     3394 +0.060 +0.094 || -0.050 [-0.049 -0.051] -0.127*[-0.068 -0.179]
  own_designedYardsPerCarry                 3394 +0.062 +0.068 || -0.048 [-0.050 -0.041] -0.124*[-0.157 -0.098]
  own_epaPerRunPlay                         3394 +0.048 +0.073 || -0.057*[-0.038 -0.068] -0.121*[-0.074 -0.157]
  ol_pbwr                                   3394 -0.015 -0.011 || -0.054*[-0.044 -0.053] -0.117*[-0.021 -0.197]
  qb_noscreen_epa                            303 +0.136   +nan || +0.114*[+0.144 +0.056]   +nan [+0.427 -0.168]
  own_pressureOeAllowed                     3394 -0.003 -0.013 || +0.032 [+0.035 +0.029] +0.114*[+0.077 +0.155]
  own_completionPercentage                  3394 +0.041 +0.112 || -0.078*[-0.066 -0.087] -0.113*[-0.049 -0.165]
  own_yardsPerAttempt                       3394 +0.080 +0.142 || -0.056*[-0.049 -0.060] -0.111*[-0.038 -0.166]
  own_epaPerPassPlay                        3394 +0.067 +0.153 || -0.075*[-0.066 -0.080] -0.110 [+0.017 -0.211]
  qb_epa                                     303 +0.138   +nan || +0.108*[+0.128 +0.058]   +nan [+0.404 -0.192]
  own_thirdDownConversionRate               3394 +0.024 +0.097 || -0.079*[-0.081 -0.070] -0.105*[-0.069 -0.127]
  qb_npa_epa                                 303 +0.136   +nan || +0.103*[+0.057 +0.148]   +nan [+0.275 +0.184]
  qb_grade_run                               303 +0.289   +nan || +0.102*[+0.171 +0.044]   +nan [+0.485 -0.217]
  own_sackRateAgainst                       3394 -0.053 -0.102 || +0.047 [+0.059 +0.031] +0.100*[+0.076 +0.107]
  own_screenRate                            3394 -0.084 -0.115 || -0.039 [-0.071 -0.010] -0.099*[-0.176 -0.039]
  qb_pos_epa_pct                             303 +0.028   +nan || +0.097*[+0.119 +0.064]   +nan [+0.402 -0.059]
  own_rushSuccessRate                       3394 +0.009 +0.033 || -0.052*[-0.024 -0.073] -0.097*[-0.017 -0.170]
  ol_pbe                                    3394 +0.008 +0.037 || -0.044 [-0.039 -0.042] -0.094*[-0.028 -0.146]
  own_redZoneConversionRate                 3394 +0.049 +0.107 || -0.057*[-0.033 -0.073] -0.094 [+0.046 -0.209]
  ol_pressure_rate_allowed                  3394 +0.001 -0.014 || +0.042 [+0.033 +0.041] +0.093*[+0.025 +0.149]
  own_runRateOe                             3394 +0.030 +0.048 || +0.034 [+0.013 +0.048] +0.089 [-0.031 +0.189]
  own_isPassOe                              3394 -0.030 -0.048 || -0.034 [-0.013 -0.048] -0.089 [+0.031 -0.189]

=== WR (122 metrics) ===
  metric                                       n   next    ros ||    res [ 19-22  23-25] resRos [ 19-22  23-25]
  qb_pos_graded                              936 +0.211 +0.414 || -0.004 [+0.063 -0.064] +0.193*[+0.206 +0.187]
  qb_pressured_rate                          936 +0.097 +0.228 || +0.026 [+0.067 -0.012] +0.182*[+0.309 +0.072]
  qb_twp_rate                                936 +0.035 +0.150 || +0.025 [+0.036 +0.013] +0.146*[+0.175 +0.129]
  ru_pos_graded                             3815 +0.276 +0.466 || +0.025 [+0.010 +0.038] +0.138*[+0.078 +0.172]
  qb_sack_pct                                936 -0.095 -0.206 || -0.025 [-0.033 -0.017] -0.136*[-0.081 -0.178]
  ru_neg_graded                             3815 +0.025 +0.074 || +0.044 [+0.053 +0.038] +0.113*[+0.135 +0.096]
  own_scrambleYardsPerCarry                 5298 -0.023 -0.092 || -0.018 [-0.016 -0.024] -0.108*[-0.100 -0.120]
  rec_pos_graded                            5280 +0.310 +0.508 || +0.008 [+0.012 +0.004] +0.102*[+0.092 +0.104]
  own_rushSuccessRate                       5313 +0.014 -0.004 || -0.027 [-0.027 -0.027] -0.086*[-0.117 -0.062]
  own_runPlayPct                            5313 +0.005 +0.017 || +0.039 [+0.071 +0.005] +0.074*[+0.112 +0.041]
  own_passPlayPct                           5313 -0.005 -0.017 || -0.039 [-0.071 -0.004] -0.074*[-0.112 -0.041]
  own_timeToThrow                           5313 -0.055 -0.104 || -0.026 [-0.047 -0.014] -0.074*[-0.118 -0.036]
  own_yardsBeforeContactPerCarry            5313 +0.011 -0.008 || -0.015 [-0.032 +0.003] -0.072 [-0.146 +0.003]
  own_runRateOe                             5313 -0.084 -0.102 || +0.028 [+0.044 +0.009] +0.071*[+0.102 +0.046]
  own_isPassOe                              5313 +0.084 +0.102 || -0.028 [-0.044 -0.009] -0.071*[-0.102 -0.046]
  own_successRate                           5313 +0.079 +0.101 || -0.020 [-0.012 -0.031] -0.066*[-0.096 -0.063]
  qb_neg_graded                              936 -0.030 -0.092 || +0.063*[+0.086 +0.041] +0.029 [+0.072 -0.000]
  own_passesDeepPct                         5313 -0.012 -0.033 || -0.033 [-0.031 -0.035] -0.063*[-0.038 -0.089]
  qb_accuracy                                854 -0.088 -0.158 || -0.027 [-0.086 +0.026] -0.063*[-0.127 -0.019]
  own_explosiveRunRate                      5313 -0.000 -0.016 || -0.010 [-0.010 -0.010] -0.059*[-0.100 -0.019]
  qb_npa_epa                                 936 +0.010 +0.015 || +0.033 [+0.016 +0.054] +0.058*[+0.046 +0.073]
  own_sackRateAgainst                       5313 -0.034 -0.027 || +0.013 [+0.014 +0.009] +0.057*[+0.079 +0.040]
  qb_grade_pass                              936 -0.080 -0.161 || -0.014 [-0.031 +0.008] -0.057*[-0.030 -0.059]
  own_conversionAfter4                      5313 +0.083 +0.107 || -0.018 [-0.001 -0.036] -0.055*[-0.066 -0.071]
  own_designedYardsPerCarry                 5313 +0.010 -0.002 || -0.005 [-0.001 -0.007] -0.055*[-0.097 -0.019]
  qb_noscreen_epa                            936 -0.015 -0.063 || +0.012 [-0.041 +0.072] -0.054*[-0.089 -0.010]
  ru_explosive_rate                         3815 -0.001 +0.026 || +0.007 [-0.005 +0.016] +0.051 [-0.051 +0.160]
  qb_ttt                                     936 +0.047 +0.110 || -0.048 [-0.013 -0.084] -0.048 [-0.041 -0.069]
  own_manDuoRate                            5313 -0.017 -0.052 || -0.017 [-0.020 -0.018] -0.047 [-0.060 -0.041]
  own_pointsPerDrive                        5313 +0.095 +0.125 || -0.012 [+0.007 -0.032] -0.047 [-0.037 -0.071]

=== TE (108 metrics) ===
  metric                                       n   next    ros ||    res [ 19-22  23-25] resRos [ 19-22  23-25]
  own_isPassOe                              1854 -0.020 -0.092 || -0.089*[-0.050 -0.118] -0.246*[-0.206 -0.269]
  own_runRateOe                             1854 +0.020 +0.092 || +0.089*[+0.050 +0.118] +0.246*[+0.206 +0.269]
  ru_neg_graded                              761 -0.145 -0.093 || +0.028 [-0.041 +0.101] +0.245*[+0.095 +0.335]
  own_runPlayPct                            1854 +0.048 +0.128 || +0.088*[+0.064 +0.102] +0.242*[+0.271 +0.205]
  own_passPlayPct                           1854 -0.048 -0.128 || -0.088*[-0.064 -0.102] -0.242*[-0.271 -0.205]
  own_designedYardsPerCarry                 1854 +0.080 +0.160 || +0.057*[+0.090 +0.035] +0.164*[+0.292 +0.061]
  ru_pos_graded                              761 +0.349 +0.578 || +0.068*[+0.033 +0.104] +0.157*[+0.163 +0.150]
  own_yardsAfterContactPerCarry             1854 +0.003 +0.016 || +0.064*[+0.059 +0.051] +0.153*[+0.174 +0.119]
  own_screenRate                            1854 +0.028 +0.089 || +0.058*[+0.050 +0.043] +0.146*[+0.122 +0.137]
  own_explosiveRunRate                      1854 +0.108 +0.171 || +0.081*[+0.111 +0.052] +0.144*[+0.249 +0.049]
  own_manCoveragePctAgainst                 1854 -0.053 -0.113 || -0.054*[-0.018 -0.053] -0.144*[-0.098 -0.147]
  own_zoneCoveragePctAgainst                1854 +0.053 +0.113 || +0.054*[+0.018 +0.053] +0.144*[+0.098 +0.147]
  own_insideZoneRate                        1854 +0.006 -0.047 || -0.036 [+0.020 -0.066] -0.143*[-0.063 -0.185]
  own_blitzRateAgainst                      1854 +0.022 +0.056 || +0.058*[+0.057 +0.062] +0.137*[+0.137 +0.132]
  rec_pos_graded                            1854 +0.269 +0.465 || +0.038 [+0.045 +0.039] +0.118*[+0.194 +0.055]
  own_pullLeadRate                          1854 -0.031 -0.019 || +0.039 [+0.028 +0.034] +0.114*[+0.037 +0.159]
  own_pressureOeAllowed                     1854 -0.026 -0.091 || -0.013 [-0.037 +0.006] -0.112 [-0.220 +0.002]
  rec_catch_oe                              1854 +0.079 +0.198 || -0.016 [+0.007 -0.031] +0.100*[+0.093 +0.114]
  rec_catch_oe_per_tgt                      1854 +0.079 +0.197 || -0.016 [+0.007 -0.032] +0.099*[+0.092 +0.112]
  rec_vs_cb_share                           1854 -0.004 -0.004 || -0.050*[-0.068 -0.031] -0.087 [-0.175 +0.000]
  ru_zone_share                              761 +0.055 +0.047 || +0.005 [-0.003 +0.014] -0.080 [+0.038 -0.154]
  rec_hands_grade                           1854 +0.075 +0.150 || +0.002 [+0.035 -0.031] +0.077*[+0.094 +0.054]
  ol_pbe                                    1854 +0.084 +0.181 || +0.017 [+0.046 +0.020] +0.075 [+0.238 -0.018]
  ol_pressure_rate_allowed                  1854 -0.074 -0.159 || -0.018 [-0.052 -0.015] -0.072 [-0.222 +0.013]
  own_counterRate                           1854 +0.108 +0.181 || +0.044 [+0.058 +0.026] +0.070*[+0.133 +0.012]
  own_passesBehindLosPct                    1854 +0.030 +0.068 || +0.028 [+0.020 +0.004] +0.067*[+0.072 +0.023]
  own_conversionAfter4                      1854 +0.122 +0.168 || -0.026 [+0.000 -0.031] -0.065 [+0.103 -0.176]
  ol_pbwr                                   1854 +0.067 +0.165 || -0.008 [+0.038 -0.027] +0.063 [+0.232 -0.054]
  own_sackRateAgainst                       1854 -0.052 -0.091 || +0.029 [+0.007 +0.019] +0.062 [-0.022 +0.070]
  opp_yacPerReceptionAllowed                1854 +0.047 -0.029 || +0.059*[+0.052 +0.065] +0.006 [+0.024 -0.003]

strongest RAW predictors of next-game points among the new metrics (top 8 per position):
  QB: qb_noscreen_epa +0.27, own_wepa +0.27, own_epaPerPlay +0.27, own_epaPerPassPlay +0.27, qb_epa +0.27, own_pointsPerDrive +0.26, qb_npa_epa +0.26, own_conversionAfter4 +0.26
  RB: qb_grade_run +0.29, qb_pos_graded +0.25, qb_neg_graded -0.21, qb_grade_pass +0.21, ru_grade_run +0.20, rec_pos_graded +0.19, ru_pos_graded +0.19, qb_pressured_rate -0.16
  WR: rec_pos_graded +0.31, ru_pos_graded +0.28, qb_pos_graded +0.21, rec_hands_grade +0.11, qb_pressured_rate +0.10, own_passerRating +0.10, own_wepa +0.10, qb_sack_pct -0.10
  TE: ru_pos_graded +0.35, rec_pos_graded +0.27, own_targetShareTE +0.15, ru_neg_graded -0.15, own_yardsBeforeContactPerCarry +0.13, ru_designed_ypc +0.13, own_thirdDownConversionRate +0.12, own_targetShareWR -0.12
