PFF Pro history: 1364 tables, 1353 to fetch -> E:\MyFantasyFootball\pbp_cache\pff\pro_hist
  50/1353 (9s) last team_offense-passing_2019_thru5.json rows=32
  100/1353 (20s) last rep_receiving_2019_thru10.json rows=427
  150/1353 (48s) last team_offense-rushing_2019_thru14.json rows=32
  200/1353 (91s) last rep_passing_2020_thru2.json rows=40
  250/1353 (98s) last team_defense-overall-success_2020_thru6.json rows=32
  300/1353 (140s) last rep_rushing_2020_thru11.json rows=310
  350/1353 (164s) last team_defense-passing_2020_thru15.json rows=32
  400/1353 (198s) last rep_pass-blocking_2021_thru3.json rows=426
  450/1353 (207s) last team_defense-rushing_2021_thru7.json rows=32
  500/1353 (264s) last team_offense-overall-success_2021_thru12.json rows=32
  550/1353 (291s) last team_defense-opponent-tendencies_2021_thru16.json rows=32
  600/1353 (323s) last team_offense-passing_2022_thru3.json rows=32
  650/1353 (333s) last rep_receiving_2022_thru8.json rows=422
  700/1353 (379s) last team_offense-rushing_2022_thru12.json rows=32
  750/1353 (407s) last rep_passing_2022_thru17.json rows=101
  800/1353 (437s) last team_defense-overall-success_2023_thru3.json rows=32
  850/1353 (446s) last rep_rushing_2023_thru8.json rows=274
  900/1353 (509s) last team_defense-passing_2023_thru12.json rows=32
  950/1353 (557s) last rep_pass-blocking_2023_thru17.json rows=697
  1000/1353 (562s) last team_defense-rushing_2024_thru3.json rows=32
  1050/1353 (574s) last team_offense-overall-success_2024_thru8.json rows=32
  1100/1353 (625s) last team_defense-opponent-tendencies_2024_thru12.json rows=32
  1150/1353 (655s) last team_offense-passing_2024_thru17.json rows=32
  1200/1353 (680s) last rep_receiving_2025_thru5.json rows=360
  1250/1353 (691s) last team_offense-rushing_2025_thru9.json rows=32
  1300/1353 (750s) last rep_passing_2025_thru14.json rows=82
  1350/1353 (775s) last team_defense-overall-success_2018_season.json rows=32
done: 1353 written (3 empty), 0 failed, 775s
