
##### QB #####
  games    rows |  NEXT GAME: season PPG   history   ADP    usage (xFP) |  REST OF SEASON: season PPG   history   ADP    usage (xFP)
  1        205 |             0.25        0.29     0.31     0.14     |                  0.38        0.52     0.59     0.29
  2        205 |             0.38        0.39     0.47     0.26     |                  0.45        0.52     0.58     0.35
  3        205 |             0.30        0.31     0.29     0.18     |                  0.50        0.51     0.54     0.34
  4        201 |             0.36        0.47     0.39     0.27     |                  0.50        0.52     0.52     0.35
  5        197 |             0.37        0.35     0.33     0.24     |                  0.49        0.46     0.48     0.36
  6-7      370 |             0.28        0.28     0.26     0.20     |                  0.52        0.47     0.47     0.35
  8-10     495 |             0.34        0.30     0.26     0.26     |                  0.51        0.46     0.43     0.41
  11+      552 |             0.34        0.28     0.23     0.23     |                  0.50        0.36     0.32     0.40

##### RB #####
  games    rows |  NEXT GAME: season PPG   history   ADP    usage (xFP) |  REST OF SEASON: season PPG   history   ADP    usage (xFP)
  1        351 |             0.35        0.48     0.47     0.39     |                  0.50        0.71     0.69     0.54
  2        351 |             0.44        0.45     0.42     0.42     |                  0.62        0.73     0.69     0.63
  3        350 |             0.50        0.48     0.45     0.52     |                  0.66        0.73     0.69     0.66
  4        328 |             0.50        0.56     0.54     0.51     |                  0.67        0.70     0.66     0.64
  5        330 |             0.51        0.54     0.46     0.47     |                  0.69        0.70     0.65     0.64
  6-7      642 |             0.53        0.50     0.43     0.49     |                  0.72        0.72     0.63     0.64
  8-10     878 |             0.48        0.47     0.39     0.41     |                  0.70        0.68     0.61     0.62
  11+      941 |             0.48        0.46     0.42     0.44     |                  0.68        0.66     0.61     0.61

##### WR #####
  games    rows |  NEXT GAME: season PPG   history   ADP    usage (xFP) |  REST OF SEASON: season PPG   history   ADP    usage (xFP)
  1        566 |             0.30        0.48     0.44     0.33     |                  0.51        0.74     0.73     0.53
  2        559 |             0.33        0.40     0.39     0.35     |                  0.61        0.74     0.72     0.61
  3        556 |             0.38        0.44     0.41     0.37     |                  0.67        0.76     0.71     0.64
  4        544 |             0.45        0.49     0.48     0.42     |                  0.67        0.73     0.69     0.64
  5        534 |             0.42        0.44     0.39     0.39     |                  0.68        0.72     0.66     0.64
  6-7     1038 |             0.45        0.47     0.45     0.41     |                  0.70        0.73     0.66     0.64
  8-10    1375 |             0.46        0.46     0.41     0.43     |                  0.69        0.70     0.61     0.61
  11+     1487 |             0.45        0.45     0.36     0.39     |                  0.62        0.63     0.51     0.52

##### TE #####
  games    rows |  NEXT GAME: season PPG   history   ADP    usage (xFP) |  REST OF SEASON: season PPG   history   ADP    usage (xFP)
  1        257 |             0.30        0.45     0.49     0.39     |                  0.42        0.72     0.68     0.47
  2        254 |             0.29        0.35     0.36     0.29     |                  0.53        0.71     0.65     0.54
  3        249 |             0.38        0.34     0.31     0.38     |                  0.57        0.72     0.64     0.57
  4        244 |             0.34        0.51     0.46     0.34     |                  0.53        0.67     0.63     0.54
  5        238 |             0.40        0.43     0.46     0.39     |                  0.63        0.67     0.60     0.59
  6-7      469 |             0.32        0.32     0.29     0.31     |                  0.62        0.66     0.56     0.59
  8-10     626 |             0.42        0.45     0.40     0.41     |                  0.63        0.64     0.53     0.61
  11+      598 |             0.42        0.39     0.29     0.39     |                  0.60        0.56     0.43     0.58

=== WHY THE LATE DIP? season PPG vs the NEXT THREE GAMES (fixed-length target) ===
  QB:  games   rows | next 3, everyone | young (rookie / 2nd year) | veterans | a teammate out in those games | none out | he is Questionable in them | healthy | games left (avg)
        3-5     568 |      0.43        |          0.54             |   0.38   |               -                |  0.43    |              -              |  0.44   |   9.5
        6-7     338 |      0.41        |          0.45             |   0.41   |               -                |  0.41    |              -              |  0.41   |   7.7
        8-10    432 |      0.40        |          0.47             |   0.37   |               -                |  0.40    |              -              |  0.40   |   5.9
        11+     275 |      0.47        |          0.58             |   0.43   |               -                |  0.47    |              -              |  0.47   |   3.8
  RB:  games   rows | next 3, everyone | young (rookie / 2nd year) | veterans | a teammate out in those games | none out | he is Questionable in them | healthy | games left (avg)
        3-5     974 |      0.62        |          0.55             |   0.64   |             0.54              |  0.65    |            0.38            |  0.65   |   9.6
        6-7     598 |      0.67        |          0.61             |   0.68   |             0.56              |  0.72    |            0.47            |  0.69   |   7.6
        8-10    777 |      0.63        |          0.58             |   0.65   |             0.52              |  0.68    |            0.49            |  0.64   |   5.7
        11+     446 |      0.63        |          0.61             |   0.65   |             0.63              |  0.64    |            0.58            |  0.65   |   3.8
  WR:  games   rows | next 3, everyone | young (rookie / 2nd year) | veterans | a teammate out in those games | none out | he is Questionable in them | healthy | games left (avg)
        3-5    1573 |      0.57        |          0.49             |   0.58   |             0.50              |  0.60    |            0.46            |  0.59   |   9.4
        6-7     944 |      0.61        |          0.54             |   0.63   |             0.57              |  0.63    |            0.56            |  0.61   |   7.5
        8-10   1219 |      0.62        |          0.51             |   0.66   |             0.61              |  0.63    |            0.51            |  0.64   |   5.7
        11+     701 |      0.62        |          0.54             |   0.63   |             0.59              |  0.65    |            0.43            |  0.64   |   3.7
  TE:  games   rows | next 3, everyone | young (rookie / 2nd year) | veterans | a teammate out in those games | none out | he is Questionable in them | healthy | games left (avg)
        3-5     711 |      0.48        |          0.39             |   0.50   |             0.48              |  0.47    |            0.49            |  0.48   |   9.1
        6-7     432 |      0.52        |          0.39             |   0.56   |             0.50              |  0.57    |              -              |  0.52   |   7.2
        8-10    527 |      0.55        |          0.53             |   0.56   |             0.47              |  0.71    |              -              |  0.55   |   5.4
        11+     269 |      0.55        |          0.41             |   0.57   |             0.52              |  0.65    |              -              |  0.59   |   3.7

  how much players move late: share of players whose next-3 average is 50%+ above / below their season PPG (season PPG 5+)
    QB: 3-5: up 11% / down 3% (young up 20%)   6-7: up 11% / down 3% (young up 22%)   8-10: up 6% / down 2% (young up 11%)   11+: up 7% / down 1% (young up 7%)
    RB: 3-5: up 17% / down 15% (young up 22%)   6-7: up 13% / down 11% (young up 17%)   8-10: up 16% / down 9% (young up 21%)   11+: up 15% / down 8% (young up 22%)
    WR: 3-5: up 13% / down 16% (young up 13%)   6-7: up 13% / down 15% (young up 18%)   8-10: up 13% / down 13% (young up 17%)   11+: up 11% / down 11% (young up 11%)
    TE: 3-5: up 14% / down 17% (young up 18%)   6-7: up 14% / down 11% (young up 19%)   8-10: up 12% / down 13% (young up 10%)   11+: up 20% / down 10% (young up 22%)
