rows: regular QB not starting this week (WR/TE, 1+ games): 345 | replacement already in for 2+ weeks: 198
replacement / regular level: mean 1.46, quartiles 0.17 / 0.20 / 1.35; share with a better replacement (r > 1): 0.34

--- actual / live by replacement level (regular QB out this week), WR then TE ---
  WR out rows n234 act/live 0.955 | r < .5: n148 act/live 0.972 | 1.1+ (better): n62 act/live 0.917
      ADP <= 60: n59 act/live 0.943  r<.8 0.949 (n40)  r>=.8 0.932 (n19)
      ADP 61-150: n61 act/live 0.924  r<.8 0.937 (n32)  r>=.8 0.909 (n29)
      ADP 151+: n114 act/live 0.993  r<.8 1.000 (n80)  r>=.8 0.977 (n34)
  WR replacement already in 2+ weeks n126 act/live 0.995 | r<.8 0.988 (n67) r>=.8 1.004
  TE out rows n111 act/live 1.036 | r < .5: n58 act/live 0.982 | .9-1.1: n19 act/live 1.105 | 1.1+ (better): n30 act/live 1.140
      ADP 61-150: n22 act/live 1.087  r<.8 1.079 (n13)  r>=.8 1.099 (n9)
      ADP 151+: n79 act/live 1.049  r<.8 0.910 (n41)  r>=.8 1.188 (n38)
  TE replacement already in 2+ weeks n72 act/live 1.022 | r<.8 0.871 (n37) r>=.8 1.172
    (Vegas ratio available on 276 of 345 rows; mean 0.974; act/live where v < .9: 0.933 n82, v >= .9: 1.030 n194)

=== REGULAR QB OUT THIS WEEK (WR + TE): rows 345, actual / live 0.976 (top-150 rows 152) ===
    flat .85 / .95 (shadow today)              all rows  -0.18% (4/7) | top-150 wtd  -1.56% | act/pred 1.062
    flat .90 everyone                          all rows  -0.13% (4/7) | top-150 wtd  -2.11% | act/pred 1.084
    graded r^.25                               all rows  +3.75% (4/7) | top-150 wtd  +4.75% | act/pred 1.094
    graded r^.5                                all rows +14.82% (1/7) | top-150 wtd +20.22% | act/pred 1.205
    graded r^.75                               all rows +29.13% (0/7) | top-150 wtd +40.56% | act/pred 1.303
    graded r^1                                 all rows +44.46% (0/7) | top-150 wtd +62.61% | act/pred 1.385
    graded r^.5, capped at 1 (never a boost)   all rows +13.11% (1/7) | top-150 wtd +15.89% | act/pred 1.257
    graded r^.5 x flat .95                     all rows +16.43% (1/7) | top-150 wtd +21.55% | act/pred 1.268
    flat .85/.95 if r < .8 else none           all rows  +0.14% (4/7) | top-150 wtd  +0.31% | act/pred 1.029
    flat .85/.95 if r < .8 else x.97           all rows  -0.07% (4/7) | top-150 wtd  -0.42% | act/pred 1.042
    VEGAS graded v^.5 (team implied now / with the regular) all rows  +0.43% (4/7) | top-150 wtd  +2.60% | act/pred 0.990
    VEGAS graded v^1                           all rows  +2.90% (4/7) | top-150 wtd  +8.13% | act/pred 0.998
    VEGAS graded v^1, capped at 1              all rows  +1.25% (3/7) | top-150 wtd  +3.65% | act/pred 1.042
    VEGAS v^1 x Clay-level r^.25               all rows  +7.85% (1/7) | top-150 wtd +16.00% | act/pred 1.077
    LOYO +3.01% 0/7 picks ['off', 'flat .85/.95 if r < .8 else x.97', 'off', 'VEGAS graded v^.5 (team implied now / with the regular)', 'off', 'flat .90 everyone', 'flat .85 / .95 (shadow today)']
    FWD  +3.22% 1/4 picks ['VEGAS graded v^1', 'flat .85 / .95 (shadow today)', 'flat .85 / .95 (shadow today)', 'flat .85 / .95 (shadow today)']
    -> FAIL  (best fixed: flat .85 / .95 (shadow today))
    (Vegas ratio available on 179 of 234 rows; mean 0.975; act/live where v < .9: 0.937 n52, v >= .9: 1.016 n127)

=== REGULAR QB OUT, WR only: rows 234, actual / live 0.955 (top-150 rows 120) ===
    flat .85 / .95 (shadow today)              all rows  -0.35% (3/7) | top-150 wtd  -1.55% | act/pred 1.045
    flat .90 everyone                          all rows  -0.72% (4/7) | top-150 wtd  -2.60% | act/pred 1.061
    graded r^.25                               all rows  +3.92% (3/7) | top-150 wtd  +4.14% | act/pred 1.078
    graded r^.5                                all rows +15.59% (1/7) | top-150 wtd +20.10% | act/pred 1.195
    graded r^.75                               all rows +30.70% (1/7) | top-150 wtd +41.48% | act/pred 1.301
    graded r^1                                 all rows +46.90% (0/7) | top-150 wtd +64.77% | act/pred 1.391
    graded r^.5, capped at 1 (never a boost)   all rows +13.51% (2/7) | top-150 wtd +15.74% | act/pred 1.246
    graded r^.5 x flat .95                     all rows +17.06% (2/7) | top-150 wtd +21.53% | act/pred 1.258
    flat .85/.95 if r < .8 else none           all rows  +0.05% (3/7) | top-150 wtd  +0.00% | act/pred 1.012
    flat .85/.95 if r < .8 else x.97           all rows  -0.30% (3/7) | top-150 wtd  -0.75% | act/pred 1.024
    VEGAS graded v^.5 (team implied now / with the regular) all rows  +0.92% (2/7) | top-150 wtd  +3.65% | act/pred 0.968
    VEGAS graded v^1                           all rows  +3.92% (2/7) | top-150 wtd +10.44% | act/pred 0.976
    VEGAS graded v^1, capped at 1              all rows  +1.59% (2/7) | top-150 wtd  +5.39% | act/pred 1.018
    VEGAS v^1 x Clay-level r^.25               all rows  +9.99% (1/7) | top-150 wtd +20.65% | act/pred 1.054
    LOYO +1.24% 3/7 picks ['flat .90 everyone', 'flat .90 everyone', 'flat .90 everyone', 'off', 'flat .90 everyone', 'flat .90 everyone', 'flat .85 / .95 (shadow today)']
    FWD  +4.98% 0/4 picks ['VEGAS graded v^1', 'VEGAS graded v^1, capped at 1', 'flat .85 / .95 (shadow today)', 'flat .85 / .95 (shadow today)']
    -> FAIL  (best fixed: flat .90 everyone)
    (Vegas ratio available on 97 of 111 rows; mean 0.970; act/live where v < .9: 0.923 n30, v >= .9: 1.069 n67)

=== REGULAR QB OUT, TE only: rows 111, actual / live 1.036 (top-150 rows 32) ===
    flat .85 / .95 (shadow today)              all rows  +0.36% (4/7) | top-150 wtd  -1.61% | act/pred 1.113
    flat .90 everyone                          all rows  +1.84% (3/7) | top-150 wtd  -0.52% | act/pred 1.151
    graded r^.25                               all rows  +3.21% (3/7) | top-150 wtd  +6.76% | act/pred 1.140
    graded r^.5                                all rows +12.25% (3/7) | top-150 wtd +20.61% | act/pred 1.232
    graded r^.75                               all rows +23.88% (2/7) | top-150 wtd +37.56% | act/pred 1.310
    graded r^1                                 all rows +36.34% (0/7) | top-150 wtd +55.49% | act/pred 1.370
    graded r^.5, capped at 1 (never a boost)   all rows +11.79% (1/7) | top-150 wtd +16.37% | act/pred 1.288
    graded r^.5 x flat .95                     all rows +14.32% (2/7) | top-150 wtd +21.59% | act/pred 1.297
    flat .85/.95 if r < .8 else none           all rows  +0.45% (3/7) | top-150 wtd  +1.30% | act/pred 1.077
    flat .85/.95 if r < .8 else x.97           all rows  +0.70% (3/7) | top-150 wtd  +0.66% | act/pred 1.093
    VEGAS graded v^.5 (team implied now / with the regular) all rows  -1.20% (3/7) | top-150 wtd  -0.86% | act/pred 1.053
    VEGAS graded v^1                           all rows  -0.49% (2/7) | top-150 wtd  +0.53% | act/pred 1.064
    VEGAS graded v^1, capped at 1              all rows  +0.13% (3/7) | top-150 wtd  -2.08% | act/pred 1.116
    VEGAS v^1 x Clay-level r^.25               all rows  +0.73% (2/7) | top-150 wtd  +0.69% | act/pred 1.147
    LOYO +4.60% 3/7 picks ['VEGAS graded v^.5 (team implied now / with the regular)', 'VEGAS graded v^.5 (team implied now / with the regular)', 'VEGAS v^1 x Clay-level r^.25', 'VEGAS graded v^1', 'VEGAS graded v^.5 (team implied now / with the regular)', 'VEGAS graded v^.5 (team implied now / with the regular)', 'flat .85 / .95 (shadow today)']
    FWD  +2.39% 3/4 picks ['flat .85 / .95 (shadow today)', 'flat .85 / .95 (shadow today)', 'flat .85 / .95 (shadow today)', 'flat .85 / .95 (shadow today)']
    -> FAIL  (best fixed: VEGAS graded v^.5 (team implied now / with the regular))
    (Vegas ratio available on 185 of 198 rows; mean 0.953; act/live where v < .9: 0.863 n81, v >= .9: 1.096 n104)

=== REPLACEMENT ALREADY IN 2+ WEEKS (WR + TE): rows 198, actual / live 1.003 (top-150 rows 96) ===
    flat .85 / .95 (shadow today)              all rows  +3.94% (1/7) | top-150 wtd  +7.85% | act/pred 1.092
    flat .90 everyone                          all rows  +2.70% (3/7) | top-150 wtd  +4.81% | act/pred 1.114
    graded r^.25                               all rows  +5.21% (2/7) | top-150 wtd  +7.72% | act/pred 1.104
    graded r^.5                                all rows +16.67% (1/7) | top-150 wtd +26.10% | act/pred 1.195
    graded r^.75                               all rows +30.81% (1/7) | top-150 wtd +49.24% | act/pred 1.273
    graded r^1                                 all rows +45.75% (0/7) | top-150 wtd +74.01% | act/pred 1.336
    graded r^.5, capped at 1 (never a boost)   all rows +15.65% (1/7) | top-150 wtd +25.09% | act/pred 1.243
    graded r^.5 x flat .95                     all rows +19.26% (1/7) | top-150 wtd +30.10% | act/pred 1.258
    flat .85/.95 if r < .8 else none           all rows  +1.89% (1/7) | top-150 wtd  +2.90% | act/pred 1.050
    flat .85/.95 if r < .8 else x.97           all rows  +2.22% (1/7) | top-150 wtd  +3.48% | act/pred 1.066
    VEGAS graded v^.5 (team implied now / with the regular) all rows  -2.72% (4/7) | top-150 wtd  -3.29% | act/pred 1.027
    VEGAS graded v^1                           all rows  -2.11% (2/7) | top-150 wtd  -0.95% | act/pred 1.043
    VEGAS graded v^1, capped at 1              all rows  -1.72% (3/7) | top-150 wtd  -1.20% | act/pred 1.099
    VEGAS v^1 x Clay-level r^.25               all rows  +6.43% (1/7) | top-150 wtd +12.03% | act/pred 1.124
    LOYO -0.83% 3/7 picks ['VEGAS graded v^.5 (team implied now / with the regular)', 'VEGAS graded v^.5 (team implied now / with the regular)', 'VEGAS graded v^.5 (team implied now / with the regular)', 'VEGAS graded v^.5 (team implied now / with the regular)', 'VEGAS graded v^.5 (team implied now / with the regular)', 'VEGAS graded v^1, capped at 1', 'VEGAS graded v^1']
    FWD  -0.01% 1/4 picks ['VEGAS graded v^.5 (team implied now / with the regular)', 'VEGAS graded v^.5 (team implied now / with the regular)', 'VEGAS graded v^1, capped at 1', 'VEGAS graded v^1']
    -> FAIL  (best fixed: VEGAS graded v^.5 (team implied now / with the regular))
    (Vegas ratio available on 461 of 543 rows; mean 0.966; act/live where v < .9: 0.898 n163, v >= .9: 1.054 n298)

=== OUT or NEW (all QB-change weeks, WR + TE): rows 543, actual / live 0.986 (top-150 rows 248) ===
    flat .85 / .95 (shadow today)              all rows  +1.31% (3/7) | top-150 wtd  +1.78% | act/pred 1.074
    flat .90 everyone                          all rows  +0.89% (4/7) | top-150 wtd  +0.35% | act/pred 1.095
    graded r^.25                               all rows  +4.28% (2/7) | top-150 wtd  +5.81% | act/pred 1.098
    graded r^.5                                all rows +15.49% (1/7) | top-150 wtd +22.31% | act/pred 1.201
    graded r^.75                               all rows +29.74% (0/7) | top-150 wtd +43.65% | act/pred 1.292
    graded r^1                                 all rows +44.93% (0/7) | top-150 wtd +66.66% | act/pred 1.366
    graded r^.5, capped at 1 (never a boost)   all rows +14.03% (1/7) | top-150 wtd +19.16% | act/pred 1.252
    graded r^.5 x flat .95                     all rows +17.45% (0/7) | top-150 wtd +24.59% | act/pred 1.264
    flat .85/.95 if r < .8 else none           all rows  +0.77% (3/7) | top-150 wtd  +1.23% | act/pred 1.037
    flat .85/.95 if r < .8 else x.97           all rows  +0.76% (3/7) | top-150 wtd  +0.97% | act/pred 1.051
    VEGAS graded v^.5 (team implied now / with the regular) all rows  -0.71% (4/7) | top-150 wtd  +0.51% | act/pred 1.003
    VEGAS graded v^1                           all rows  +1.09% (4/7) | top-150 wtd  +4.90% | act/pred 1.015
    VEGAS graded v^1, capped at 1              all rows  +0.18% (3/7) | top-150 wtd  +1.93% | act/pred 1.063
    VEGAS v^1 x Clay-level r^.25               all rows  +7.33% (2/7) | top-150 wtd +14.59% | act/pred 1.095
    LOYO +2.27% 2/7 picks ['VEGAS graded v^.5 (team implied now / with the regular)', 'VEGAS graded v^.5 (team implied now / with the regular)', 'off', 'VEGAS graded v^.5 (team implied now / with the regular)', 'VEGAS graded v^.5 (team implied now / with the regular)', 'flat .90 everyone', 'VEGAS graded v^.5 (team implied now / with the regular)']
    FWD  +3.77% 1/4 picks ['VEGAS graded v^1', 'VEGAS graded v^1, capped at 1', 'flat .90 everyone', 'VEGAS graded v^.5 (team implied now / with the regular)']
    -> FAIL  (best fixed: VEGAS graded v^.5 (team implied now / with the regular))

Limitations: QB level = Clay's preseason per-game number (backups off the sheet = 6/g); the replacement is the game's actual top passer (the engine would use the depth chart); regular = most frequent prior starter.
