tables: 2,156 skill player-seasons, 2,981 team-week starting QBs, 38,600 injury-report rows, 468 players with snap counts
rows: 14,813 RB/WR/TE player-weeks with the evidence rebuilt (of 15,005); replica ppg max abs diff 1.800, rows off > 0.05: 15

=== 0  TAGGING CHECK: London and Bowers ===
  Drake London 2025 (ATL, Clay 12.9/g): wk1  9.5       Jr. snap88 | wk2  4.4 Tagovailoa snap85 | wk3  8.0       Jr. snap86 | wk4 21.0       Jr. snap85 | wk6 26.8       Jr. snap97 | wk7  6.2       Jr. snap98 | wk9 34.3 Tagovailoa snap98 | wk10 21.4       Jr. snap98 | wk11 15.4 Tagovailoa Q lim snap92 | wk16  4.2         ? Q lim lowsnap snap69 | wk17  0.9         ? Q lim snap98 | wk18 15.8         ? Q lim snap94
      all games 13.99 ppg over 12; healthy-tagged 16.45 over 8; hurt games 4
  Brock Bowers 2025 (LV, Clay 12.2/g): wk1 12.8         ? lowsnap snap51 | wk2  6.3         ? Q lim snap77 | wk3  7.8         ? lim snap83 | wk4  7.1         ? snap77 | wk9 37.3         ? snap81 | wk10  3.2         ? snap83 | wk11 10.7   Cousins snap97 | wk12  8.5   Cousins snap96 | wk13 20.3   Cousins snap98 | wk14 12.6   Cousins snap100 | wk15  5.8   Cousins snap90 | wk16 11.8   Cousins snap98
      all games 12.02 ppg over 12; healthy-tagged 13.03 over 9; hurt games 3
  Brock Bowers 2024 (LV, Clay 7.7/g): wk1  8.8         ? snap68 | wk2 14.3         ? snap68 | wk3  5.6         ? lowsnap snap66 | wk4  4.1         ? snap81 | wk5 19.7         ? lim snap79 | wk6 11.6         ? snap79 | wk7 14.3         ? snap84 | wk8  8.3         ? snap91 | wk9 13.0         ? snap90 | wk11 24.8         ? snap95 | wk12  5.8         ? snap94 | wk13 25.2         ? snap90 | wk14  6.7         ? snap85 | wk15  5.0         ? snap94 | wk16 15.4         ? snap95 | wk17 11.1         ? snap91 | wk18 13.0         ? snap94
      all games 12.16 ppg over 17; healthy-tagged 12.09 over 15; hurt games 2
  Drake London 2024 (ATL, Clay 12.3/g): wk1  2.5   Cousins snap100 | wk2 14.4   Cousins snap97 | wk3 15.7   Cousins snap100 | wk4  9.4   Cousins snap98 | wk5 27.4   Cousins snap84 | wk6 16.4   Cousins snap96 | wk7 15.3   Cousins snap89 | wk8  5.4   Cousins snap100 | wk9  9.7   Cousins lowsnap snap19 | wk10 13.7   Cousins Q lim snap100 | wk11  7.6   Cousins snap76 | wk13 12.8   Cousins snap99 | wk14  9.5   Cousins lim snap100 | wk15 12.8   Cousins snap98 | wk16  8.4       Jr. lim lowsnap snap73 | wk17 14.1       Jr. snap97 | wk18 35.7       Jr. snap99
      all games 13.58 ppg over 17; healthy-tagged 14.58 over 13; hurt games 4

=== 1  QB-AWARE EVIDENCE (WR / TE / RB; off-QB = the game's top passer is not the expected starter) ===
    expected starter (a) 'last' = who started the team's most recent game; (b) 'actual' = who starts the target week (oracle)
    rows with 1+ off-QB game (last): 1,593 = 10.8% of covered; mixed 1,556, every evidence game off-QB 37; 'QB new' (expected starter has <= 1 prior start) 1,424
    rows with 1+ off-QB game (actual): 1,690

--- 1a  LIVE-FORM BIAS on rows with off-QB evidence (actual / projected; 'under' = projection too low) ---
  NEXT GAME
    RB  no off-QB evidence       n  3723 act 10.17 proj 10.49 -> 0.969 (under in 6/7)
        1+ off-QB game (last)    n   408 act  9.63 proj 10.21 -> 0.943 (under in 4/6)
          off games scored LOWER than on-QB games   n   183 act 11.01 proj 11.14 -> 0.988 (under in 4/6)
          off games scored HIGHER                   n   156 act  8.23 proj  9.16 -> 0.899 (under in 4/5)
          every evidence game off-QB (new starter)  n    10 act  6.79 proj  8.70 -> 0.781 (under in 0/0)
        1+ off-QB game (actual)  n   448 act  9.45 proj 10.20 -> 0.927 (under in 5/6)
        bands (last): ADP 1-30 n    85 act 16.21 proj 15.93 -> 1.018 (under in 2/3) | 31-60 n    64 act 10.25 proj 11.87 -> 0.864 (under in 3/3) | 61-100 n    91 act  8.85 proj  9.79 -> 0.904 (under in 3/4) | 101+/none n   168 act  6.48 proj  6.91 -> 0.938 (under in 4/6)
    WR  no off-QB evidence       n  6015 act  8.75 proj  8.92 -> 0.982 (under in 5/7)
        1+ off-QB game (last)    n   700 act  8.01 proj  8.55 -> 0.937 (under in 6/7)
          off games scored LOWER than on-QB games   n   311 act  8.79 proj  9.01 -> 0.975 (under in 4/7)
          off games scored HIGHER                   n   243 act  8.04 proj  8.70 -> 0.923 (under in 3/5)
          every evidence game off-QB (new starter)  n    16 act  3.95 proj  6.14 -> 0.643 (under in 0/0)
        1+ off-QB game (actual)  n   755 act  7.93 proj  8.53 -> 0.930 (under in 5/7)
        bands (last): ADP 1-30 n    93 act 12.88 proj 13.14 -> 0.981 (under in 3/5) | 31-60 n    79 act 10.05 proj 11.01 -> 0.913 (under in 3/4) | 61-100 n   122 act 10.90 proj 10.25 -> 1.063 (under in 2/5) | 101+/none n   406 act  5.63 proj  6.50 -> 0.865 (under in 5/7)
    TE  no off-QB evidence       n  2829 act  6.42 proj  6.34 -> 1.012 (under in 3/7)
        1+ off-QB game (last)    n   321 act  6.93 proj  6.32 -> 1.098 (under in 3/6)
          off games scored LOWER than on-QB games   n   118 act  7.74 proj  6.81 -> 1.136 (under in 1/4)
          off games scored HIGHER                   n   125 act  6.81 proj  6.31 -> 1.080 (under in 2/4)
          every evidence game off-QB (new starter)  n 9
        1+ off-QB game (actual)  n   334 act  6.93 proj  6.34 -> 1.092 (under in 3/6)
        bands (last): ADP 1-30 n    14 act 14.74 proj 13.53 -> 1.089 (under in 0/1) | 31-60 n    11 act 12.20 proj 10.75 -> 1.135 (under in 0/1) | 61-100 n    29 act  7.93 proj  8.47 -> 0.937 (under in 1/1) | 101+/none n   267 act  6.20 proj  5.52 -> 1.122 (under in 2/5)
  REST OF SEASON, 4+ games left
    RB  no off-QB evidence       n  2670 act 10.26 proj 10.07 -> 1.019 (under in 2/7)
        1+ off-QB game (last)    n   206 act  9.51 proj  9.54 -> 0.997 (under in 3/5)
          off games scored LOWER than on-QB games   n    93 act  9.78 proj  9.83 -> 0.994 (under in 1/4)
          off games scored HIGHER                   n    76 act  8.41 proj  8.89 -> 0.947 (under in 3/3)
          every evidence game off-QB (new starter)  n 9
        1+ off-QB game (actual)  n   244 act  9.45 proj  9.49 -> 0.996 (under in 4/6)
        bands (last): ADP 1-30 n    42 act 18.16 proj 16.08 -> 1.129 (under in 0/2) | 31-60 n    23 act  9.50 proj 11.19 -> 0.849 (under in 2/2) | 61-100 n    49 act  8.63 proj  9.36 -> 0.922 (under in 2/2) | 101+/none n    92 act  6.03 proj  6.25 -> 0.966 (under in 3/4)
    WR  no off-QB evidence       n  4306 act  8.72 proj  8.74 -> 0.998 (under in 4/7)
        1+ off-QB game (last)    n   360 act  7.95 proj  8.31 -> 0.957 (under in 4/7)
          off games scored LOWER than on-QB games   n   162 act  8.58 proj  8.85 -> 0.970 (under in 3/6)
          off games scored HIGHER                   n   119 act  7.87 proj  8.13 -> 0.968 (under in 3/5)
          every evidence game off-QB (new starter)  n    12 act  3.58 proj  6.63 -> 0.540 (under in 0/0)
        1+ off-QB game (actual)  n   427 act  8.02 proj  8.34 -> 0.962 (under in 5/7)
        bands (last): ADP 1-30 n    41 act 11.94 proj 13.35 -> 0.895 (under in 1/2) | 31-60 n    42 act  9.65 proj 10.52 -> 0.917 (under in 2/3) | 61-100 n    64 act 10.85 proj 10.36 -> 1.046 (under in 2/4) | 101+/none n   213 act  5.98 proj  6.28 -> 0.952 (under in 5/7)
    TE  no off-QB evidence       n  2039 act  6.55 proj  6.22 -> 1.054 (under in 2/7)
        1+ off-QB game (last)    n   162 act  6.80 proj  5.89 -> 1.155 (under in 2/4)
          off games scored LOWER than on-QB games   n    56 act  7.18 proj  6.14 -> 1.171 (under in 0/3)
          off games scored HIGHER                   n    67 act  7.15 proj  5.96 -> 1.200 (under in 2/4)
          every evidence game off-QB (new starter)  n 8
        1+ off-QB game (actual)  n   187 act  6.78 proj  5.86 -> 1.157 (under in 2/4)
        bands (last): ADP 1-30 n 7 | 31-60 n 6 | 61-100 n    13 act  7.07 proj  7.39 -> 0.957 (under in 1/1) | 101+/none n   136 act  6.04 proj  5.24 -> 1.152 (under in 2/4)
  REST OF SEASON, no survivor filter
    RB  no off-QB evidence       n  2958 act  9.96 proj  9.87 -> 1.010 (under in 2/7)
        1+ off-QB game (last)    n   267 act  9.13 proj  9.33 -> 0.978 (under in 4/6)
          off games scored LOWER than on-QB games   n   128 act  9.72 proj  9.64 -> 1.008 (under in 2/5)
          off games scored HIGHER                   n    94 act  7.67 proj  8.68 -> 0.883 (under in 3/3)
          every evidence game off-QB (new starter)  n    10 act  8.72 proj  8.55 -> 1.020 (under in 0/0)
        1+ off-QB game (actual)  n   306 act  9.16 proj  9.33 -> 0.982 (under in 4/6)
        bands (last): ADP 1-30 n    48 act 17.17 proj 15.83 -> 1.085 (under in 1/3) | 31-60 n    39 act  8.76 proj 11.15 -> 0.785 (under in 2/2) | 61-100 n    60 act  8.40 proj  9.41 -> 0.893 (under in 3/4) | 101+/none n   120 act  6.40 proj  6.11 -> 1.048 (under in 5/6)
    WR  no off-QB evidence       n  4799 act  8.44 proj  8.56 -> 0.986 (under in 4/7)
        1+ off-QB game (last)    n   461 act  7.46 proj  8.09 -> 0.921 (under in 6/7)
          off games scored LOWER than on-QB games   n   208 act  8.09 proj  8.53 -> 0.948 (under in 3/6)
          off games scored HIGHER                   n   149 act  7.65 proj  8.29 -> 0.923 (under in 4/5)
          every evidence game off-QB (new starter)  n    16 act  3.95 proj  6.28 -> 0.629 (under in 0/0)
        1+ off-QB game (actual)  n   525 act  7.61 proj  8.13 -> 0.935 (under in 6/7)
        bands (last): ADP 1-30 n    56 act 11.34 proj 13.24 -> 0.857 (under in 3/5) | 31-60 n    49 act  9.71 proj 10.61 -> 0.915 (under in 2/3) | 61-100 n    72 act 10.55 proj 10.31 -> 1.023 (under in 2/4) | 101+/none n   284 act  5.51 proj  6.08 -> 0.907 (under in 6/7)
    TE  no off-QB evidence       n  2323 act  6.30 proj  6.09 -> 1.035 (under in 2/7)
        1+ off-QB game (last)    n   205 act  6.65 proj  5.80 -> 1.148 (under in 2/5)
          off games scored LOWER than on-QB games   n    76 act  7.74 proj  6.17 -> 1.255 (under in 0/3)
          off games scored HIGHER                   n    82 act  6.53 proj  5.87 -> 1.112 (under in 2/4)
          every evidence game off-QB (new starter)  n 9
        1+ off-QB game (actual)  n   225 act  6.62 proj  5.79 -> 1.145 (under in 2/5)
        bands (last): ADP 1-30 n    10 act 12.62 proj 12.56 -> 1.005 (under in 0/0) | 31-60 n 9 | 61-100 n    16 act  6.86 proj  7.45 -> 0.921 (under in 1/1) | 101+/none n   170 act  5.77 proj  5.04 -> 1.144 (under in 2/5)

--- 1b  FIXED WEIGHTS on the off-QB games (points + usage inputs), every RB/WR/TE; error vs live, seasons better of 7 ---

  NEXT GAME - expected starter = last
    rule                                                            off-QB rows |                       RB                       WR                       TE | board (all rows)
    off-QB games x0.00                                       +3.03% (2/7) n1429 |        +1.88% (2/6) n408        +4.38% (1/7) n700        +1.38% (2/6) n321 | all +0.225%  top150-wtd +0.130%  rank -0.0013
    off-QB games x0.25                                       +1.46% (2/7) n1429 |        +0.66% (2/6) n408        +2.28% (1/7) n700        +0.63% (2/6) n321 | all +0.109%  top150-wtd +0.049%  rank -0.0002
    off-QB games x0.50                                       +0.66% (2/7) n1429 |        +0.17% (2/6) n408        +1.14% (2/7) n700        +0.24% (2/6) n321 | all +0.049%  top150-wtd +0.015%  rank +0.0008
    off-QB games x0.75                                       +0.23% (2/7) n1429 |        -0.00% (2/6) n408        +0.44% (2/7) n700        +0.05% (3/6) n321 | all +0.017%  top150-wtd +0.002%  rank +0.0006
    x0.50 points only (usage untouched)                      +0.54% (2/7) n1429 |        +0.17% (2/6) n408        +0.90% (1/7) n700        +0.22% (3/6) n321 | all +0.040%  top150-wtd +0.013%  rank +0.0012
    x0.50 usage inputs only                                  +0.12% (3/7) n1429 |           no change n408        +0.24% (2/7) n700        +0.00% (3/6) n321 | all +0.009%  top150-wtd +0.002%  rank -0.0001
    x0.50 WR/TE only                                         +0.61% (1/7) n1429 |           no change n408        +1.14% (2/7) n700        +0.24% (2/6) n321 | all +0.045%  top150-wtd +0.010%  rank +0.0003
    x0.50 mixed rows only (keep new-starter rows)            +0.52% (2/7) n1429 |        +0.08% (3/6) n408        +0.85% (2/7) n700        +0.42% (2/6) n321 | all +0.039%  top150-wtd +0.014%  rank +0.0009
    -- 2022-25 only --
    off-QB games x0.00                                       +4.47% (0/4) n1061 |        +4.06% (0/4) n297        +5.38% (0/4) n518        +2.71% (0/4) n246 | all +0.387%  top150-wtd +0.246%  rank -0.0035
    off-QB games x0.50                                       +1.21% (0/4) n1061 |        +0.94% (0/4) n297        +1.51% (1/4) n518        +0.82% (0/4) n246 | all +0.104%  top150-wtd +0.051%  rank -0.0002

  REST OF SEASON, 4+ games left - expected starter = last
    rule                                                            off-QB rows |                       RB                       WR                       TE | board (all rows)
    off-QB games x0.00                                       +11.88% (1/7) n728 |        +7.01% (2/5) n206       +17.92% (0/7) n360        +3.75% (1/4) n162 | all +0.742%  top150-wtd +0.706%  rank -0.0013
    off-QB games x0.25                                        +6.20% (1/7) n728 |        +2.43% (3/5) n206       +10.49% (0/7) n360        +1.23% (1/4) n162 | all +0.387%  top150-wtd +0.366%  rank -0.0005
    off-QB games x0.50                                        +2.98% (1/7) n728 |        +0.55% (3/5) n206        +5.66% (1/7) n360        +0.08% (2/4) n162 | all +0.186%  top150-wtd +0.174%  rank -0.0000
    off-QB games x0.75                                        +1.09% (2/7) n728 |        -0.07% (3/5) n206        +2.34% (1/7) n360        -0.22% (2/4) n162 | all +0.068%  top150-wtd +0.063%  rank -0.0000
    x0.50 points only (usage untouched)                       +2.64% (2/7) n728 |        +0.55% (3/5) n206        +4.94% (0/7) n360        +0.16% (2/4) n162 | all +0.165%  top150-wtd +0.149%  rank +0.0001
    x0.50 usage inputs only                                   +0.28% (2/7) n728 |           no change n206        +0.62% (2/7) n360        -0.17% (4/4) n162 | all +0.017%  top150-wtd +0.026%  rank -0.0002
    x0.50 WR/TE only                                          +2.78% (1/7) n728 |           no change n206        +5.66% (1/7) n360        +0.08% (2/4) n162 | all +0.174%  top150-wtd +0.144%  rank +0.0000
    x0.50 mixed rows only (keep new-starter rows)             +2.55% (2/7) n728 |        +0.74% (3/5) n206        +4.58% (0/7) n360        +0.26% (1/4) n162 | all +0.159%  top150-wtd +0.174%  rank +0.0001
    -- 2022-25 only --
    off-QB games x0.00                                       +17.10% (0/4) n530 |       +16.31% (0/3) n151       +20.63% (0/4) n262        +8.31% (0/3) n117 | all +1.122%  top150-wtd +1.273%  rank -0.0027
    off-QB games x0.50                                        +4.86% (0/4) n530 |        +3.25% (1/3) n151        +6.80% (0/4) n262        +2.19% (1/3) n117 | all +0.319%  top150-wtd +0.367%  rank -0.0001

  REST OF SEASON, no survivor filter - expected starter = last
    rule                                                            off-QB rows |                       RB                       WR                       TE | board (all rows)
    off-QB games x0.00                                        +7.62% (2/7) n933 |        +4.69% (2/6) n267       +13.90% (0/7) n461        -2.86% (3/5) n205 | all +0.596%  top150-wtd +0.735%  rank +0.0005
    off-QB games x0.25                                        +3.67% (2/7) n933 |        +1.48% (3/6) n267        +8.01% (1/7) n461        -3.07% (4/5) n205 | all +0.287%  top150-wtd +0.366%  rank +0.0011
    off-QB games x0.50                                        +1.60% (2/7) n933 |        +0.23% (3/6) n267        +4.26% (1/7) n461        -2.45% (4/5) n205 | all +0.125%  top150-wtd +0.168%  rank +0.0006
    off-QB games x0.75                                        +0.51% (2/7) n933 |        -0.12% (3/6) n267        +1.74% (1/7) n461        -1.36% (4/5) n205 | all +0.040%  top150-wtd +0.058%  rank +0.0006
    x0.50 points only (usage untouched)                       +1.42% (3/7) n933 |        +0.23% (3/6) n267        +3.78% (1/7) n461        -2.25% (4/5) n205 | all +0.111%  top150-wtd +0.162%  rank +0.0005
    x0.50 usage inputs only                                   +0.13% (3/7) n933 |           no change n267        +0.40% (3/7) n461        -0.28% (4/5) n205 | all +0.011%  top150-wtd +0.005%  rank -0.0002
    x0.50 WR/TE only                                          +1.51% (1/7) n933 |           no change n267        +4.26% (1/7) n461        -2.45% (4/5) n205 | all +0.118%  top150-wtd +0.063%  rank +0.0005
    x0.50 mixed rows only (keep new-starter rows)             +1.25% (3/7) n933 |        +0.16% (3/6) n267        +3.46% (0/7) n461        -2.26% (4/5) n205 | all +0.098%  top150-wtd +0.160%  rank +0.0007
    -- 2022-25 only --
    off-QB games x0.00                                       +12.73% (0/4) n672 |       +14.36% (0/4) n186       +16.56% (0/4) n334        +0.71% (2/4) n152 | all +0.955%  top150-wtd +1.122%  rank +0.0004
    off-QB games x0.50                                        +3.50% (0/4) n672 |        +3.33% (1/4) n186        +5.31% (0/4) n334        -0.61% (3/4) n152 | all +0.263%  top150-wtd +0.305%  rank +0.0004

  NEXT GAME - expected starter = actual
    rule                                                            off-QB rows |                       RB                       WR                       TE | board (all rows)
    off-QB games x0.00                                       +3.65% (1/7) n1537 |        +4.28% (2/6) n448        +3.49% (1/7) n755        +2.95% (1/6) n334 | all +0.282%  top150-wtd +0.284%  rank -0.0023
    off-QB games x0.25                                       +1.52% (1/7) n1537 |        +1.59% (2/6) n448        +1.49% (2/7) n755        +1.46% (1/6) n334 | all +0.117%  top150-wtd +0.130%  rank -0.0009
    off-QB games x0.50                                       +0.59% (1/7) n1537 |        +0.53% (2/6) n448        +0.61% (2/7) n755        +0.65% (1/6) n334 | all +0.046%  top150-wtd +0.058%  rank +0.0001
    off-QB games x0.75                                       +0.17% (2/7) n1537 |        +0.11% (2/6) n448        +0.19% (2/7) n755        +0.22% (1/6) n334 | all +0.013%  top150-wtd +0.020%  rank +0.0004
    x0.50 points only (usage untouched)                      +0.50% (1/7) n1537 |        +0.53% (2/6) n448        +0.46% (2/7) n755        +0.56% (1/6) n334 | all +0.039%  top150-wtd +0.051%  rank +0.0005
    x0.50 usage inputs only                                  +0.09% (2/7) n1537 |           no change n448        +0.15% (2/7) n755        +0.10% (3/6) n334 | all +0.007%  top150-wtd +0.008%  rank -0.0001
    x0.50 WR/TE only                                         +0.42% (2/7) n1537 |           no change n448        +0.61% (2/7) n755        +0.65% (1/6) n334 | all +0.033%  top150-wtd +0.022%  rank -0.0001
    x0.50 mixed rows only (keep new-starter rows)            +0.34% (2/7) n1537 |        +0.21% (2/6) n448        +0.34% (3/7) n755        +0.59% (3/6) n334 | all +0.026%  top150-wtd +0.037%  rank +0.0005
    -- 2022-25 only --
    off-QB games x0.00                                       +4.42% (0/4) n1140 |        +5.02% (1/4) n328        +4.25% (0/4) n559        +3.93% (0/4) n253 | all +0.388%  top150-wtd +0.385%  rank -0.0038
    off-QB games x0.50                                       +0.95% (0/4) n1140 |        +0.88% (1/4) n328        +0.93% (1/4) n559        +1.12% (0/4) n253 | all +0.083%  top150-wtd +0.086%  rank -0.0002

  REST OF SEASON, 4+ games left - expected starter = actual
    rule                                                            off-QB rows |                       RB                       WR                       TE | board (all rows)
    off-QB games x0.00                                       +13.89% (0/7) n858 |       +11.56% (1/6) n244       +18.40% (0/7) n427        +3.93% (1/4) n187 | all +1.010%  top150-wtd +1.132%  rank -0.0024
    off-QB games x0.25                                        +6.82% (1/7) n858 |        +4.62% (2/6) n244       +10.24% (1/7) n427        +0.43% (1/4) n187 | all +0.496%  top150-wtd +0.538%  rank -0.0010
    off-QB games x0.50                                        +3.13% (2/7) n858 |        +1.63% (2/6) n244        +5.33% (1/7) n427        -0.77% (2/4) n187 | all +0.228%  top150-wtd +0.240%  rank -0.0003
    off-QB games x0.75                                        +1.09% (3/7) n858 |        +0.37% (2/6) n244        +2.14% (1/7) n427        -0.75% (2/4) n187 | all +0.080%  top150-wtd +0.081%  rank -0.0004
    x0.50 points only (usage untouched)                       +2.95% (3/7) n858 |        +1.63% (2/6) n244        +5.01% (1/7) n427        -0.92% (2/4) n187 | all +0.215%  top150-wtd +0.228%  rank -0.0003
    x0.50 usage inputs only                                   +0.12% (3/7) n858 |           no change n244        +0.20% (3/7) n427        +0.12% (3/4) n187 | all +0.009%  top150-wtd +0.012%  rank -0.0000
    x0.50 WR/TE only                                          +2.53% (1/7) n858 |           no change n244        +5.33% (1/7) n427        -0.77% (2/4) n187 | all +0.184%  top150-wtd +0.144%  rank -0.0001
    x0.50 mixed rows only (keep new-starter rows)             +1.65% (3/7) n858 |        +0.20% (3/6) n244        +3.48% (1/7) n427        -1.03% (1/4) n187 | all +0.120%  top150-wtd +0.104%  rank +0.0001
    -- 2022-25 only --
    off-QB games x0.00                                       +18.94% (0/4) n632 |       +18.92% (0/4) n181       +21.25% (0/4) n314       +11.87% (0/3) n137 | all +1.459%  top150-wtd +1.913%  rank -0.0043
    off-QB games x0.50                                        +4.84% (0/4) n632 |        +3.05% (1/4) n181        +6.50% (0/4) n314        +3.06% (1/3) n137 | all +0.373%  top150-wtd +0.488%  rank -0.0003

  REST OF SEASON, no survivor filter - expected starter = actual
    rule                                                            off-QB rows |                       RB                       WR                       TE | board (all rows)
    off-QB games x0.00                                      +10.49% (0/7) n1056 |        +9.33% (1/6) n306       +15.02% (1/7) n525        +0.06% (1/5) n225 | all +0.879%  top150-wtd +1.122%  rank -0.0007
    off-QB games x0.25                                       +4.87% (1/7) n1056 |        +3.66% (2/6) n306        +8.24% (1/7) n525        -1.82% (3/5) n225 | all +0.408%  top150-wtd +0.539%  rank +0.0007
    off-QB games x0.50                                       +2.09% (2/7) n1056 |        +1.26% (2/6) n306        +4.23% (1/7) n525        -1.96% (3/5) n225 | all +0.175%  top150-wtd +0.244%  rank -0.0000
    off-QB games x0.75                                       +0.67% (2/7) n1056 |        +0.28% (3/6) n306        +1.68% (1/7) n525        -1.23% (4/5) n225 | all +0.056%  top150-wtd +0.084%  rank +0.0001
    x0.50 points only (usage untouched)                      +1.97% (3/7) n1056 |        +1.26% (2/6) n306        +3.97% (1/7) n525        -1.99% (4/5) n225 | all +0.166%  top150-wtd +0.243%  rank +0.0000
    x0.50 usage inputs only                                  +0.08% (3/7) n1056 |           no change n306        +0.17% (3/7) n525        +0.00% (3/5) n225 | all +0.006%  top150-wtd -0.000%  rank -0.0001
    x0.50 WR/TE only                                         +1.55% (1/7) n1056 |           no change n306        +4.23% (1/7) n525        -1.96% (3/5) n225 | all +0.130%  top150-wtd +0.104%  rank +0.0000
    x0.50 mixed rows only (keep new-starter rows)            +0.95% (2/7) n1056 |        +0.28% (3/6) n306        +2.63% (1/7) n525        -2.19% (4/5) n225 | all +0.079%  top150-wtd +0.117%  rank +0.0004
    -- 2022-25 only --
    off-QB games x0.00                                       +15.04% (0/4) n767 |       +16.27% (0/4) n215       +18.60% (0/4) n384        +4.31% (0/4) n168 | all +1.209%  top150-wtd +1.696%  rank -0.0012
    off-QB games x0.50                                        +3.74% (0/4) n767 |        +3.16% (1/4) n215        +5.54% (0/4) n384        +0.33% (2/4) n168 | all +0.301%  top150-wtd +0.431%  rank -0.0000

--- 1c  BY ADP BAND (expected starter = last; off-QB games x0.50 and x0.00; graded on that band's off-QB rows) ---
  NEXT GAME
    RB  ADP 1-30: x.5 -0.19% (2/3) n85 x0 +0.37% (1/3) n85 | 31-60: x.5 +1.10% (0/3) n64 x0 +4.12% (0/3) n64 | 61-100: x.5 -0.95% (3/4) n91 x0 -1.25% (2/4) n91 | 101+/none: x.5 +0.64% (2/6) n168 x0 +3.83% (2/6) n168
    WR  ADP 1-30: x.5 -0.23% (3/5) n93 x0 +0.79% (2/5) n93 | 31-60: x.5 +0.86% (0/4) n79 x0 +3.11% (0/4) n79 | 61-100: x.5 +2.29% (0/5) n122 x0 +8.53% (0/5) n122 | 101+/none: x.5 +1.30% (2/7) n406 x0 +4.43% (2/7) n406
    TE  ADP 1-30: x.5 n/a (n14) x0 n/a (n14) | 31-60: x.5 n/a (n11) x0 n/a (n11) | 61-100: x.5 n/a (n29) x0 n/a (n29) | 101+/none: x.5 +0.65% (1/5) n267 x0 +2.42% (1/5) n267
  REST OF SEASON, 4+ games left
    RB  ADP 1-30: x.5 +1.10% (1/2) n42 x0 +7.92% (1/2) n42 | 31-60: x.5 n/a (n23) x0 n/a (n23) | 61-100: x.5 -7.21% (2/2) n49 x0 -13.43% (2/2) n49 | 101+/none: x.5 +2.50% (2/4) n92 x0 +11.30% (2/4) n92
    WR  ADP 1-30: x.5 +5.37% (1/2) n41 x0 +17.79% (1/2) n41 | 31-60: x.5 +4.06% (1/3) n42 x0 +16.61% (1/3) n42 | 61-100: x.5 +7.37% (1/4) n64 x0 +21.05% (1/4) n64 | 101+/none: x.5 +5.52% (1/7) n213 x0 +17.28% (1/7) n213
    TE  ADP 1-30: x.5 n/a (n7) x0 n/a (n7) | 31-60: x.5 n/a (n6) x0 n/a (n6) | 61-100: x.5 n/a (n13) x0 n/a (n13) | 101+/none: x.5 +1.11% (2/4) n136 x0 +6.91% (1/4) n136
  REST OF SEASON, no survivor filter
    RB  ADP 1-30: x.5 +3.59% (1/3) n48 x0 +14.15% (1/3) n48 | 31-60: x.5 +2.72% (0/2) n39 x0 +14.86% (0/2) n39 | 61-100: x.5 -4.05% (3/4) n60 x0 -7.20% (3/4) n60 | 101+/none: x.5 -0.40% (3/6) n120 x0 +2.32% (2/6) n120
    WR  ADP 1-30: x.5 +2.36% (2/5) n56 x0 +8.52% (2/5) n56 | 31-60: x.5 +6.19% (1/3) n49 x0 +23.67% (1/3) n49 | 61-100: x.5 +7.05% (1/4) n72 x0 +19.78% (1/4) n72 | 101+/none: x.5 +4.23% (2/7) n284 x0 +13.79% (1/7) n284
    TE  ADP 1-30: x.5 n/a (n10) x0 n/a (n10) | 31-60: x.5 n/a (n9) x0 n/a (n9) | 61-100: x.5 n/a (n16) x0 n/a (n16) | 101+/none: x.5 -0.34% (3/5) n170 x0 +2.53% (2/5) n170

--- 1d  WEIGHT PICKED LEAVE-ONE-SEASON-OUT / FORWARD per position (fit on the off-QB rows of the training seasons, expected starter = last) ---
  NEXT GAME
    rule                                                            off-QB rows |                       RB                       WR                       TE | board (all rows)
    LOYO pick per position                                   +0.31% (0/7) n1429 |        +0.44% (0/6) n408           no change n700        +0.95% (0/6) n321 | all +0.023%  top150-wtd +0.006%  rank -0.0004
        picks: RB [0.75, 1.0, 1.0, 0.75, 0.5, 0.75, 0.75] | WR [1.0, 1.0, 1.0, 1.0, 1.0, 1.0, 1.0] | TE [1.0, 1.0, 1.0, 1.0, 1.0, 1.0, 0.25]
       forward 2022-25                                       +1.07% (0/4) n1061 |        +1.93% (0/4) n297        +0.20% (0/4) n518        +1.97% (0/4) n246 | all +0.092%  top150-wtd +0.047%  rank -0.0013
        picks: RB [0.0, 0.0, 0.5, 0.75] | WR [0.75, 1.0, 1.0, 1.0] | TE [0.0, 0.0, 0.0, 0.25]
  REST OF SEASON, 4+ games left
    rule                                                            off-QB rows |                       RB                       WR                       TE | board (all rows)
    LOYO pick per position                                    +2.05% (1/7) n728 |        +4.36% (0/5) n206           no change n360        +3.13% (1/4) n162 | all +0.128%  top150-wtd +0.149%  rank -0.0001
        picks: RB [0.75, 1.0, 1.0, 0.75, 0.75, 1.0, 0.25] | WR [1.0, 1.0, 1.0, 1.0, 1.0, 1.0, 1.0] | TE [1.0, 0.75, 1.0, 0.75, 0.75, 0.5, 0.25]
       forward 2022-25                                        +3.80% (0/4) n530 |        +8.63% (1/3) n151           no change n262        +5.99% (0/3) n117 | all +0.250%  top150-wtd +0.180%  rank +0.0004
        picks: RB [0.0, 0.0, 0.25, 0.25] | WR [1.0, 1.0, 1.0, 1.0] | TE [0.0, 0.0, 0.0, 0.25]
  REST OF SEASON, no survivor filter
    rule                                                            off-QB rows |                       RB                       WR                       TE | board (all rows)
    LOYO pick per position                                    +0.33% (4/7) n933 |        +1.53% (0/6) n267           no change n461        -2.28% (4/5) n205 | all +0.026%  top150-wtd -0.030%  rank +0.0005
        picks: RB [0.75, 1.0, 1.0, 0.75, 0.75, 1.0, 0.5] | WR [1.0, 1.0, 1.0, 1.0, 1.0, 1.0, 1.0] | TE [0.25, 0.25, 0.25, 0.25, 0.25, 0.0, 0.0]
       forward 2022-25                                        +1.88% (0/4) n672 |        +5.38% (1/4) n186           no change n334        +0.71% (2/4) n152 | all +0.141%  top150-wtd +0.111%  rank +0.0006
        picks: RB [0.0, 0.25, 0.25, 0.5] | WR [1.0, 1.0, 1.0, 1.0] | TE [0.0, 0.0, 0.0, 0.0]

--- 1e  BY SEASON, off-QB games x0.50 (last), off-QB rows ---
  NEXT GAME: 2019: +1.6% n42  2020: -1.7% n65  2021: -1.0% n261  2022: +1.7% n151  2023: +3.3% n154  2024: +0.8% n429  2025: +0.6% n327
  REST OF SEASON, 4+ games left: 2019: +2.5% n26  2020: +0.1% n38  2021: -1.7% n134  2022: +11.4% n66  2023: +6.6% n55  2024: +3.3% n238  2025: +4.8% n171
  REST OF SEASON, no survivor filter: 2019: +3.0% n30  2020: -2.3% n59  2021: -1.7% n172  2022: +9.1% n88  2023: +3.5% n86  2024: +3.3% n283  2025: +2.5% n215

=== 2  BANGED-UP PRIOR: last season's hurt games (Questionable / limited or DNP practice / snap share < 75% of own median) ===
    rows with last-season data: 11,980; 3+ hurt games and 4+ healthy games: 4,194; of those, healthy ppg above Clay's per-game prior: 2,626
    mean healthy-minus-all gap on those rows: +0.97 half-PPR per game (RB +1.44, WR +0.76, TE +0.47)

--- 2a  LIVE-FORM BIAS: does the live number under-project players coming off a banged-up season? ---
  NEXT GAME
    RB  0-2 hurt games last season  n  1620 act 10.20 proj 10.76 -> 0.948 (under in 6/7)
        3+ hurt games               n  1535 act 11.23 proj 11.41 -> 0.984 (under in 4/7)
        3+ hurt, healthy > Clay     n   975 act 10.81 proj 11.03 -> 0.980 (under in 5/7)
        3+ hurt, healthy > Clay, g <= 4   n   313 act 10.95 proj 10.95 -> 1.000 (under in 3/7)
        bands (3+ hurt, healthy > Clay): ADP 1-30 n   274 act 14.89 proj 15.23 -> 0.978 (under in 5/7) | 31-60 n   183 act 11.44 proj 11.90 -> 0.961 (under in 4/6) | 61-100 n   165 act  9.76 proj 10.90 -> 0.896 (under in 4/5) | 101+/none n   353 act  7.81 proj  7.39 -> 1.056 (under in 1/6)
    WR  0-2 hurt games last season  n  3561 act  8.52 proj  8.91 -> 0.956 (under in 6/7)
        3+ hurt games               n  1856 act  9.98 proj  9.80 -> 1.018 (under in 2/7)
        3+ hurt, healthy > Clay     n  1131 act 10.21 proj  9.73 -> 1.049 (under in 1/7)
        3+ hurt, healthy > Clay, g <= 4   n   369 act 10.22 proj  9.32 -> 1.096 (under in 0/6)
        bands (3+ hurt, healthy > Clay): ADP 1-30 n   262 act 14.91 proj 13.62 -> 1.095 (under in 0/6) | 31-60 n   172 act 12.36 proj 12.05 -> 1.026 (under in 1/4) | 61-100 n   149 act 11.39 proj 10.62 -> 1.073 (under in 2/5) | 101+/none n   548 act  6.97 proj  6.91 -> 1.009 (under in 4/7)
    TE  0-2 hurt games last season  n  2063 act  6.40 proj  6.45 -> 0.993 (under in 5/7)
        3+ hurt games               n   696 act  6.79 proj  6.40 -> 1.061 (under in 2/7)
        3+ hurt, healthy > Clay     n   381 act  7.10 proj  6.59 -> 1.078 (under in 0/6)
        3+ hurt, healthy > Clay, g <= 4   n   140 act  6.59 proj  6.21 -> 1.060 (under in 1/5)
        bands (3+ hurt, healthy > Clay): ADP 1-30 n    18 act 12.93 proj 11.62 -> 1.112 (under in 0/1) | 31-60 n    44 act 11.36 proj 10.39 -> 1.094 (under in 1/4) | 61-100 n    40 act  8.76 proj  7.95 -> 1.103 (under in 0/3) | 101+/none n   279 act  5.81 proj  5.47 -> 1.063 (under in 1/4)
  REST OF SEASON, 4+ games left
    RB  0-2 hurt games last season  n  1125 act 10.18 proj 10.53 -> 0.966 (under in 5/7)
        3+ hurt games               n  1072 act 11.32 proj 11.09 -> 1.021 (under in 2/7)
        3+ hurt, healthy > Clay     n   689 act 10.84 proj 10.70 -> 1.013 (under in 3/7)
        3+ hurt, healthy > Clay, g <= 4   n   307 act 10.56 proj 10.75 -> 0.983 (under in 5/7)
        bands (3+ hurt, healthy > Clay): ADP 1-30 n   192 act 14.99 proj 14.83 -> 1.011 (under in 4/7) | 31-60 n   127 act 11.38 proj 12.06 -> 0.944 (under in 3/6) | 61-100 n   117 act  9.49 proj 10.50 -> 0.904 (under in 4/5) | 101+/none n   253 act  8.04 proj  6.98 -> 1.152 (under in 1/6)
    WR  0-2 hurt games last season  n  2477 act  8.45 proj  8.85 -> 0.955 (under in 5/7)
        3+ hurt games               n  1293 act  9.93 proj  9.58 -> 1.036 (under in 1/7)
        3+ hurt, healthy > Clay     n   795 act 10.10 proj  9.48 -> 1.066 (under in 1/7)
        3+ hurt, healthy > Clay, g <= 4   n   360 act  9.93 proj  9.18 -> 1.082 (under in 0/6)
        bands (3+ hurt, healthy > Clay): ADP 1-30 n   182 act 15.50 proj 13.47 -> 1.151 (under in 0/6) | 31-60 n   122 act 11.84 proj 11.91 -> 0.994 (under in 2/4) | 61-100 n   105 act 11.45 proj 10.62 -> 1.078 (under in 2/5) | 101+/none n   386 act  6.64 proj  6.52 -> 1.019 (under in 4/7)
    TE  0-2 hurt games last season  n  1445 act  6.46 proj  6.32 -> 1.022 (under in 2/7)
        3+ hurt games               n   485 act  7.06 proj  6.29 -> 1.121 (under in 2/7)
        3+ hurt, healthy > Clay     n   267 act  7.36 proj  6.42 -> 1.145 (under in 1/5)
        3+ hurt, healthy > Clay, g <= 4   n   131 act  7.27 proj  6.38 -> 1.139 (under in 1/5)
        bands (3+ hurt, healthy > Clay): ADP 1-30 n    12 act 13.12 proj 12.01 -> 1.092 (under in 0/1) | 31-60 n    31 act 12.34 proj 10.28 -> 1.200 (under in 1/2) | 61-100 n    28 act  8.24 proj  7.86 -> 1.049 (under in 1/2) | 101+/none n   196 act  6.09 proj  5.27 -> 1.156 (under in 1/4)
  REST OF SEASON, no survivor filter
    RB  0-2 hurt games last season  n  1282 act  9.75 proj 10.19 -> 0.957 (under in 6/7)
        3+ hurt games               n  1162 act 11.06 proj 10.98 -> 1.007 (under in 2/7)
        3+ hurt, healthy > Clay     n   750 act 10.59 proj 10.70 -> 0.990 (under in 4/7)
        3+ hurt, healthy > Clay, g <= 4   n   313 act 10.45 proj 10.77 -> 0.971 (under in 5/7)
        bands (3+ hurt, healthy > Clay): ADP 1-30 n   211 act 14.54 proj 14.80 -> 0.982 (under in 5/7) | 31-60 n   143 act 11.10 proj 11.99 -> 0.925 (under in 2/6) | 61-100 n   126 act  9.21 proj 10.46 -> 0.881 (under in 4/5) | 101+/none n   270 act  7.87 proj  6.92 -> 1.138 (under in 1/6)
    WR  0-2 hurt games last season  n  2778 act  8.10 proj  8.64 -> 0.937 (under in 6/7)
        3+ hurt games               n  1451 act  9.70 proj  9.51 -> 1.020 (under in 3/7)
        3+ hurt, healthy > Clay     n   871 act  9.91 proj  9.39 -> 1.056 (under in 1/7)
        3+ hurt, healthy > Clay, g <= 4   n   369 act  9.86 proj  9.18 -> 1.073 (under in 0/6)
        bands (3+ hurt, healthy > Clay): ADP 1-30 n   194 act 15.25 proj 13.46 -> 1.133 (under in 0/6) | 31-60 n   133 act 11.82 proj 11.89 -> 0.994 (under in 2/4) | 61-100 n   105 act 11.45 proj 10.62 -> 1.078 (under in 2/5) | 101+/none n   439 act  6.60 proj  6.53 -> 1.011 (under in 5/7)
    TE  0-2 hurt games last season  n  1638 act  6.20 proj  6.15 -> 1.008 (under in 3/7)
        3+ hurt games               n   570 act  6.90 proj  6.32 -> 1.092 (under in 3/7)
        3+ hurt, healthy > Clay     n   315 act  7.31 proj  6.45 -> 1.133 (under in 1/6)
        3+ hurt, healthy > Clay, g <= 4   n   140 act  7.00 proj  6.25 -> 1.120 (under in 1/5)
        bands (3+ hurt, healthy > Clay): ADP 1-30 n    16 act 11.95 proj 12.09 -> 0.989 (under in 0/1) | 31-60 n    38 act 12.27 proj 10.38 -> 1.182 (under in 1/4) | 61-100 n    37 act  8.11 proj  7.95 -> 1.020 (under in 1/3) | 101+/none n   224 act  6.00 proj  5.13 -> 1.169 (under in 1/4)

--- 2b  PRIOR CANDIDATES (rows: 3+ hurt games last season, healthy ppg above Clay) ---
    A  Clay/g + a x (healthy ppg - all ppg) last season      B  (1-b) x Clay/g + b x healthy ppg last season

  NEXT GAME
    rule                                                           touched rows |                       RB                       WR                       TE | board
    A a=0.25                                                 -0.19% (6/7) n2487 |        +0.32% (3/7) n975       -0.65% (7/7) n1131        -0.17% (5/6) n381 | all -0.031%  top150-wtd -0.028%  rank +0.0011
    A a=0.50                                                 -0.13% (4/7) n2487 |        +0.92% (3/7) n975       -1.05% (6/7) n1131        -0.19% (5/6) n381 | all -0.021%  top150-wtd -0.009%  rank +0.0020
    A a=0.75                                                 +0.18% (3/7) n2487 |        +1.81% (2/7) n975       -1.21% (6/7) n1131        -0.05% (4/6) n381 | all +0.029%  top150-wtd +0.057%  rank +0.0010
    A a=1.00                                                 +0.75% (3/7) n2487 |        +2.98% (2/7) n975       -1.12% (6/7) n1131        +0.25% (4/6) n381 | all +0.121%  top150-wtd +0.171%  rank +0.0007
    B b=0.25                                                 -0.19% (5/7) n2487 |        +0.63% (4/7) n975       -0.84% (6/7) n1131        -0.46% (5/6) n381 | all -0.030%  top150-wtd +0.036%  rank +0.0019
    B b=0.50                                                 +0.24% (5/7) n2487 |        +1.77% (3/7) n975       -0.98% (5/7) n1131        -0.37% (4/6) n381 | all +0.038%  top150-wtd +0.159%  rank +0.0013
    A a=0.50, first 4 games only                             -0.05% (4/7) n2487 |        +0.49% (4/7) n975       -0.55% (6/7) n1131        +0.01% (2/6) n381 | all -0.009%  top150-wtd +0.021%  rank +0.0006
    -- 2022-25 only --
    A a=0.50                                                 +0.38% (1/4) n1895 |        +1.96% (1/4) n766        -0.89% (3/4) n857        -0.18% (3/4) n272 | all +0.066%  top150-wtd +0.119%  rank +0.0015
    A a=1.00                                                 +1.84% (0/4) n1895 |        +5.11% (0/4) n766        -0.67% (3/4) n857        +0.30% (3/4) n272 | all +0.324%  top150-wtd +0.457%  rank -0.0018
    by band, A a=0.50: ADP 1-30 -0.58% (5/7) n554 | 31-60 +0.73% (3/7) n399 | 61-100 +0.28% (3/6) n354 | 101+/none -0.30% (4/7) n1180
    by season, A a=0.50: 2019: -3.6% n55  2020: -0.6% n177  2021: -1.1% n360  2022: +1.6% n349  2023: +0.0% n511  2024: +0.3% n468  2025: -0.1% n567

  REST OF SEASON, 4+ games left
    rule                                                           touched rows |                       RB                       WR                       TE | board
    A a=0.25                                                 -2.16% (5/7) n1751 |        -0.17% (4/7) n689        -4.35% (6/7) n795        -2.08% (4/5) n267 | all -0.362%  top150-wtd -0.460%  rank +0.0003
    A a=0.50                                                 -3.06% (5/7) n1751 |        +0.95% (3/7) n689        -7.36% (6/7) n795        -3.39% (4/5) n267 | all -0.514%  top150-wtd -0.636%  rank -0.0004
    A a=0.75                                                 -2.71% (5/7) n1751 |        +3.36% (2/7) n689        -9.01% (6/7) n795        -3.94% (2/5) n267 | all -0.455%  top150-wtd -0.529%  rank -0.0021
    A a=1.00                                                 -1.11% (3/7) n1751 |        +7.05% (2/7) n689        -9.31% (4/7) n795        -3.73% (2/5) n267 | all -0.186%  top150-wtd -0.137%  rank -0.0042
    B b=0.25                                                 -2.94% (5/7) n1751 |        +0.72% (4/7) n689        -6.17% (5/7) n795        -5.79% (4/5) n267 | all -0.493%  top150-wtd -0.346%  rank +0.0000
    B b=0.50                                                 -2.95% (4/7) n1751 |        +3.77% (4/7) n689        -8.63% (5/7) n795        -9.09% (4/5) n267 | all -0.494%  top150-wtd -0.168%  rank -0.0024
    A a=0.50, first 4 games only                             -1.05% (5/7) n1751 |        +1.88% (2/7) n689        -4.08% (6/7) n795        -1.66% (4/5) n267 | all -0.176%  top150-wtd -0.120%  rank -0.0003
    -- 2022-25 only --
    A a=0.50                                                 -1.25% (3/4) n1330 |        +5.57% (1/4) n541        -7.84% (4/4) n600        -4.91% (3/3) n189 | all -0.244%  top150-wtd -0.101%  rank -0.0015
    A a=1.00                                                 +2.51% (1/4) n1330 |       +16.09% (0/4) n541        -9.70% (3/4) n600        -7.56% (2/3) n189 | all +0.491%  top150-wtd +1.098%  rank -0.0077
    by band, A a=0.50: ADP 1-30 -6.88% (7/7) n386 | 31-60 +6.83% (2/7) n280 | 61-100 -1.59% (2/6) n250 | 101+/none -3.94% (5/7) n835
    by season, A a=0.50: 2019: -13.3% n40  2020: +2.0% n126  2021: -14.7% n255  2022: +7.7% n242  2023: -3.0% n356  2024: -1.9% n324  2025: -3.6% n408

  REST OF SEASON, no survivor filter
    rule                                                           touched rows |                       RB                       WR                       TE | board
    A a=0.25                                                 -1.50% (5/7) n1936 |        +0.45% (3/7) n750        -3.73% (6/7) n871        -1.04% (4/6) n315 | all -0.244%  top150-wtd -0.168%  rank -0.0000
    A a=0.50                                                 -1.99% (5/7) n1936 |        +1.95% (3/7) n750        -6.34% (6/7) n871        -1.53% (3/6) n315 | all -0.323%  top150-wtd -0.108%  rank -0.0008
    A a=0.75                                                 -1.46% (4/7) n1936 |        +4.52% (3/7) n750        -7.83% (6/7) n871        -1.48% (3/6) n315 | all -0.237%  top150-wtd +0.181%  rank -0.0025
    A a=1.00                                                 +0.09% (4/7) n1936 |        +8.14% (2/7) n750        -8.21% (5/7) n871        -0.88% (3/6) n315 | all +0.014%  top150-wtd +0.699%  rank -0.0036
    B b=0.25                                                 -1.96% (5/7) n1936 |        +1.38% (4/7) n750        -4.95% (5/7) n871        -3.81% (5/6) n315 | all -0.318%  top150-wtd -0.017%  rank -0.0005
    B b=0.50                                                 -1.54% (4/7) n1936 |        +4.68% (3/7) n750        -6.86% (5/7) n871        -5.72% (5/6) n315 | all -0.250%  top150-wtd +0.385%  rank -0.0032
    A a=0.50, first 4 games only                             -0.33% (4/7) n1936 |        +2.26% (2/7) n750        -2.92% (6/7) n871        -0.86% (5/6) n315 | all -0.053%  top150-wtd +0.205%  rank -0.0002
    -- 2022-25 only --
    A a=0.50                                                 -0.71% (3/4) n1477 |        +5.90% (1/4) n587        -6.87% (4/4) n661        -2.80% (3/4) n229 | all -0.137%  top150-wtd +0.407%  rank -0.0019
    A a=1.00                                                 +2.55% (2/4) n1477 |       +15.91% (0/4) n587        -9.07% (4/4) n661        -3.98% (3/4) n229 | all +0.493%  top150-wtd +1.860%  rank -0.0059
    by band, A a=0.50: ADP 1-30 -2.83% (4/7) n421 | 31-60 +2.70% (2/7) n314 | 61-100 -0.87% (2/6) n268 | 101+/none -3.69% (4/7) n933
    by season, A a=0.50: 2019: -13.3% n40  2020: +2.9% n142  2021: -11.0% n277  2022: +7.0% n264  2023: -4.5% n393  2024: -0.3% n355  2025: -1.8% n465

--- 2c  the same discount applied to THIS season's evidence: his own banged-up games this season x w in the POINTS evidence (excused-games check) ---
  NEXT GAME
    rule                                                            off-QB rows |                       RB                       WR                       TE | board (all rows)
    own hurt games x0.50 in points evidence                  +0.26% (2/7) n6991 |       +0.23% (3/7) n2240       +0.38% (2/7) n3315       -0.04% (5/7) n1436 | all +0.110%  top150-wtd +0.133%  rank -0.0003
    own hurt games x0.00 in points evidence                  +1.30% (1/7) n6991 |       +1.54% (1/7) n2240       +1.38% (2/7) n3315       +0.39% (2/7) n1436 | all +0.544%  top150-wtd +0.575%  rank -0.0018
  REST OF SEASON, 4+ games left
    rule                                                            off-QB rows |                       RB                       WR                       TE | board (all rows)
    own hurt games x0.50 in points evidence                  -1.42% (5/7) n4142 |       -3.08% (7/7) n1355       +0.04% (4/7) n1940        -1.31% (5/7) n847 | all -0.558%  top150-wtd -0.590%  rank +0.0031
    own hurt games x0.00 in points evidence                  -1.22% (4/7) n4142 |       -4.53% (5/7) n1355       +1.65% (3/7) n1940        -0.94% (4/7) n847 | all -0.479%  top150-wtd -0.412%  rank +0.0051
  REST OF SEASON, no survivor filter
    rule                                                            off-QB rows |                       RB                       WR                       TE | board (all rows)
    own hurt games x0.50 in points evidence                  -0.76% (5/7) n4917 |       -2.05% (7/7) n1560       +0.44% (2/7) n2311       -0.96% (5/7) n1046 | all -0.320%  top150-wtd -0.115%  rank +0.0022
    own hurt games x0.00 in points evidence                  -0.09% (2/7) n4917 |       -2.59% (6/7) n1560       +2.23% (2/7) n2311       -0.53% (4/7) n1046 | all -0.039%  top150-wtd +0.576%  rank +0.0045

=== 3  USAGE WEIGHT (WR / TE usage evidence = lam x usage-implied + (1 - lam) x points) ===

  NEXT GAME
    schedule                                                                   WR                       TE |               ADP 1-30                  31-60                 61-100              101+/none | board
    shipped WR .8/.8/.6/.6/.5/.3  TE 0/0/0/.3                     no change n6560          no change n3107 |        no change n1045        no change n1262        no change n1255        no change n6105 | all +0.000%  top150-wtd +0.000%  rank +0.0000
    WR held-out 1/1/.7/.7/.55/.33  TE shipped                  +0.15% (0/7) n6560          no change n3107 |     -0.07% (5/7) n1045     +0.02% (3/7) n1262     +0.05% (3/7) n1255     +0.26% (0/7) n6105 | all +0.060%  top150-wtd -0.001%  rank -0.0005
    WR shipped +.15 (cap 1)        TE shipped                  +0.51% (0/7) n6560          no change n3107 |     +0.07% (3/7) n1045     -0.01% (4/7) n1262     +0.30% (2/7) n1255     +0.72% (0/7) n6105 | all +0.198%  top150-wtd +0.071%  rank -0.0009
    WR shipped                     TE .3 from game 1              no change n6560       -0.09% (5/7) n3107 |     -0.05% (4/7) n1045     -0.03% (5/7) n1262     +0.00% (3/7) n1255     -0.01% (2/7) n6105 | all -0.010%  top150-wtd -0.018%  rank +0.0009
    WR shipped                     TE .5 from game 1              no change n6560       +0.08% (3/7) n3107 |     -0.12% (3/7) n1045     +0.05% (2/7) n1262     +0.08% (3/7) n1255     +0.05% (2/7) n6105 | all +0.009%  top150-wtd -0.028%  rank +0.0015
    WR shipped                     TE .3/.3/.3/.5                 no change n6560       +0.10% (3/7) n3107 |     -0.09% (3/7) n1045     +0.07% (2/7) n1262     +0.07% (2/7) n1255     +0.04% (2/7) n6105 | all +0.012%  top150-wtd -0.019%  rank +0.0016
    WR held-out                    TE .3 from game 1           +0.15% (0/7) n6560       -0.09% (5/7) n3107 |     -0.13% (5/7) n1045     -0.01% (3/7) n1262     +0.05% (3/7) n1255     +0.25% (1/7) n6105 | all +0.050%  top150-wtd -0.018%  rank +0.0004
    WR 1.0 flat                    TE .5 flat                  +2.93% (0/7) n6560       +0.08% (3/7) n3107 |     +1.25% (1/7) n1045     +0.36% (3/7) n1262     +1.98% (1/7) n1255     +3.56% (0/7) n6105 | all +1.152%  top150-wtd +0.632%  rank -0.0043
    -- 2022-25 only --
    WR held-out 1/1/.7/.7/.55/.33  TE shipped                  +0.13% (0/4) n4241          no change n1932 |      -0.06% (3/4) n692      +0.05% (1/4) n735      +0.01% (2/4) n840     +0.21% (0/4) n3906 | all +0.049%  top150-wtd -0.001%  rank -0.0007
    WR shipped +.15 (cap 1)        TE shipped                  +0.42% (0/4) n4241          no change n1932 |      +0.10% (1/4) n692      +0.07% (2/4) n735      +0.19% (2/4) n840     +0.54% (0/4) n3906 | all +0.161%  top150-wtd +0.072%  rank -0.0012
    WR shipped                     TE .3 from game 1              no change n4241       -0.06% (2/4) n1932 |      -0.00% (1/4) n692      -0.02% (3/4) n735      +0.02% (2/4) n840     -0.03% (2/4) n3906 | all -0.007%  top150-wtd -0.001%  rank +0.0010
    WR shipped                     TE .5 from game 1              no change n4241       -0.16% (3/4) n1932 |      -0.09% (1/4) n692      -0.01% (2/4) n735      +0.00% (2/4) n840     -0.04% (2/4) n3906 | all -0.019%  top150-wtd -0.042%  rank +0.0011
    WR shipped                     TE .3/.3/.3/.5                 no change n4241       -0.15% (3/4) n1932 |      -0.09% (1/4) n692      +0.00% (2/4) n735      -0.02% (2/4) n840     -0.03% (2/4) n3906 | all -0.018%  top150-wtd -0.043%  rank +0.0024
    WR held-out                    TE .3 from game 1           +0.13% (0/4) n4241       -0.06% (2/4) n1932 |      -0.06% (3/4) n692      +0.03% (1/4) n735      +0.03% (2/4) n840     +0.18% (1/4) n3906 | all +0.042%  top150-wtd -0.002%  rank +0.0003
    WR 1.0 flat                    TE .5 flat                  +2.54% (0/4) n4241       -0.16% (3/4) n1932 |      +1.44% (0/4) n692      +0.58% (1/4) n735      +1.46% (1/4) n840     +2.70% (0/4) n3906 | all +0.963%  top150-wtd +0.659%  rank -0.0046

  REST OF SEASON, 4+ games left
    schedule                                                                   WR                       TE |               ADP 1-30                  31-60                 61-100              101+/none | board
    shipped WR .8/.8/.6/.6/.5/.3  TE 0/0/0/.3                     no change n4526          no change n2169 |         no change n724         no change n885         no change n867        no change n4219 | all +0.000%  top150-wtd +0.000%  rank +0.0000
    WR held-out 1/1/.7/.7/.55/.33  TE shipped                  +0.93% (0/7) n4526          no change n2169 |      +0.21% (4/7) n724      +0.53% (2/7) n885      +0.68% (1/7) n867     +0.89% (0/7) n4219 | all +0.340%  top150-wtd +0.194%  rank -0.0005
    WR shipped +.15 (cap 1)        TE shipped                  +1.77% (0/7) n4526          no change n2169 |      +0.66% (3/7) n724      +0.79% (2/7) n885      +1.28% (1/7) n867     +1.67% (0/7) n4219 | all +0.648%  top150-wtd +0.431%  rank -0.0008
    WR shipped                     TE .3 from game 1              no change n4526       -0.26% (5/7) n2169 |      -0.09% (4/7) n724      -0.20% (5/7) n885      +0.08% (3/7) n867     -0.06% (5/7) n4219 | all -0.031%  top150-wtd -0.040%  rank -0.0004
    WR shipped                     TE .5 from game 1              no change n4526       +0.60% (3/7) n2169 |      +0.15% (2/7) n724      +0.29% (3/7) n885      +0.59% (2/7) n867     +0.00% (3/7) n4219 | all +0.070%  top150-wtd +0.067%  rank -0.0028
    WR shipped                     TE .3/.3/.3/.5                 no change n4526       +0.53% (3/7) n2169 |      +0.17% (2/7) n724      +0.38% (3/7) n885      +0.50% (2/7) n867     -0.03% (3/7) n4219 | all +0.062%  top150-wtd +0.074%  rank -0.0026
    WR held-out                    TE .3 from game 1           +0.93% (0/7) n4526       -0.26% (5/7) n2169 |      +0.13% (4/7) n724      +0.33% (3/7) n885      +0.76% (1/7) n867     +0.82% (1/7) n4219 | all +0.309%  top150-wtd +0.154%  rank -0.0008
    WR 1.0 flat                    TE .5 flat                  +7.81% (0/7) n4526       +0.60% (3/7) n2169 |      +5.38% (2/7) n724      +4.35% (3/7) n885      +6.02% (1/7) n867     +6.63% (1/7) n4219 | all +2.931%  top150-wtd +2.468%  rank -0.0062
    -- 2022-25 only --
    WR held-out 1/1/.7/.7/.55/.33  TE shipped                  +0.78% (0/4) n2914          no change n1343 |      +0.25% (2/4) n479      +0.83% (0/4) n506      +0.26% (1/4) n576     +0.70% (0/4) n2696 | all +0.271%  top150-wtd +0.157%  rank +0.0006
    WR shipped +.15 (cap 1)        TE shipped                  +1.46% (0/4) n2914          no change n1343 |      +0.58% (1/4) n479      +1.60% (0/4) n506      +0.52% (1/4) n576     +1.27% (0/4) n2696 | all +0.509%  top150-wtd +0.368%  rank +0.0002
    WR shipped                     TE .3 from game 1              no change n2914       -0.25% (3/4) n1343 |      +0.09% (1/4) n479      -0.17% (3/4) n506      +0.08% (2/4) n576     -0.12% (3/4) n2696 | all -0.030%  top150-wtd -0.001%  rank +0.0009
    WR shipped                     TE .5 from game 1              no change n2914       -0.44% (3/4) n1343 |      -0.17% (1/4) n479      -0.12% (3/4) n506      +0.32% (2/4) n576     -0.19% (3/4) n2696 | all -0.052%  top150-wtd -0.111%  rank -0.0006
    WR shipped                     TE .3/.3/.3/.5                 no change n2914       -0.48% (3/4) n1343 |      -0.25% (1/4) n479      -0.04% (3/4) n506      +0.22% (2/4) n576     -0.18% (3/4) n2696 | all -0.057%  top150-wtd -0.126%  rank -0.0002
    WR held-out                    TE .3 from game 1           +0.78% (0/4) n2914       -0.25% (3/4) n1343 |      +0.34% (2/4) n479      +0.66% (1/4) n506      +0.34% (1/4) n576     +0.58% (1/4) n2696 | all +0.242%  top150-wtd +0.156%  rank +0.0015
    WR 1.0 flat                    TE .5 flat                  +6.96% (0/4) n2914       -0.44% (3/4) n1343 |      +5.21% (1/4) n479      +6.57% (1/4) n506      +3.26% (1/4) n576     +5.16% (1/4) n2696 | all +2.372%  top150-wtd +2.241%  rank -0.0013

  REST OF SEASON, no survivor filter
    schedule                                                                   WR                       TE |               ADP 1-30                  31-60                 61-100              101+/none | board
    shipped WR .8/.8/.6/.6/.5/.3  TE 0/0/0/.3                     no change n5098          no change n2486 |         no change n790         no change n957         no change n953        no change n4884 | all +0.000%  top150-wtd +0.000%  rank +0.0000
    WR held-out 1/1/.7/.7/.55/.33  TE shipped                  +0.77% (0/7) n5098          no change n2486 |      +0.00% (4/7) n790      +0.31% (3/7) n957      +0.65% (2/7) n953     +0.81% (0/7) n4884 | all +0.272%  top150-wtd +0.111%  rank -0.0007
    WR shipped +.15 (cap 1)        TE shipped                  +1.47% (0/7) n5098          no change n2486 |      +0.10% (4/7) n790      +0.40% (2/7) n957      +1.21% (1/7) n953     +1.58% (0/7) n4884 | all +0.520%  top150-wtd +0.230%  rank -0.0011
    WR shipped                     TE .3 from game 1              no change n5098       -0.22% (5/7) n2486 |      -0.07% (4/7) n790      -0.14% (5/7) n957      +0.08% (3/7) n953     -0.06% (5/7) n4884 | all -0.024%  top150-wtd -0.029%  rank -0.0005
    WR shipped                     TE .5 from game 1              no change n5098       +0.60% (3/7) n2486 |      -0.00% (2/7) n790      +0.35% (2/7) n957      +0.48% (2/7) n953     +0.06% (3/7) n4884 | all +0.066%  top150-wtd +0.037%  rank -0.0026
    WR shipped                     TE .3/.3/.3/.5                 no change n5098       +0.54% (2/7) n2486 |      +0.02% (2/7) n790      +0.41% (2/7) n957      +0.39% (2/7) n953     +0.03% (3/7) n4884 | all +0.060%  top150-wtd +0.041%  rank -0.0024
    WR held-out                    TE .3 from game 1           +0.77% (0/7) n5098       -0.22% (5/7) n2486 |      -0.07% (4/7) n790      +0.17% (4/7) n957      +0.72% (1/7) n953     +0.76% (0/7) n4884 | all +0.248%  top150-wtd +0.081%  rank -0.0013
    WR 1.0 flat                    TE .5 flat                  +6.75% (0/7) n5098       +0.60% (3/7) n2486 |      +2.83% (4/7) n790      +2.85% (2/7) n957      +5.64% (1/7) n953     +6.50% (0/7) n4884 | all +2.448%  top150-wtd +1.610%  rank -0.0067
    -- 2022-25 only --
    WR held-out 1/1/.7/.7/.55/.33  TE shipped                  +0.59% (0/4) n3261          no change n1524 |      -0.06% (2/4) n513      +0.46% (1/4) n557      +0.29% (2/4) n636     +0.63% (0/4) n3079 | all +0.204%  top150-wtd +0.059%  rank -0.0001
    WR shipped +.15 (cap 1)        TE shipped                  +1.07% (0/4) n3261          no change n1524 |      -0.24% (2/4) n513      +0.80% (0/4) n557      +0.63% (1/4) n636     +1.16% (0/4) n3079 | all +0.368%  top150-wtd +0.112%  rank -0.0003
    WR shipped                     TE .3 from game 1              no change n3261       -0.18% (3/4) n1524 |      +0.07% (1/4) n513      -0.10% (3/4) n557      +0.06% (2/4) n636     -0.09% (3/4) n3079 | all -0.020%  top150-wtd -0.001%  rank +0.0007
    WR shipped                     TE .5 from game 1              no change n3261       -0.19% (3/4) n1524 |      -0.14% (1/4) n513      +0.00% (2/4) n557      +0.25% (2/4) n636     -0.10% (3/4) n3079 | all -0.021%  top150-wtd -0.082%  rank +0.0001
    WR shipped                     TE .3/.3/.3/.5                 no change n3261       -0.23% (2/4) n1524 |      -0.20% (1/4) n513      +0.05% (2/4) n557      +0.17% (2/4) n636     -0.09% (3/4) n3079 | all -0.025%  top150-wtd -0.093%  rank +0.0006
    WR held-out                    TE .3 from game 1           +0.59% (0/4) n3261       -0.18% (3/4) n1524 |      +0.01% (2/4) n513      +0.35% (1/4) n557      +0.35% (1/4) n636     +0.55% (0/4) n3079 | all +0.184%  top150-wtd +0.058%  rank +0.0006
    WR 1.0 flat                    TE .5 flat                  +5.38% (0/4) n3261       -0.19% (3/4) n1524 |      +1.78% (2/4) n513      +3.70% (0/4) n557      +3.65% (1/4) n636     +4.86% (0/4) n3079 | all +1.833%  top150-wtd +1.199%  rank -0.0022

--- 3a  TE usage from game 1, by season (TE rows with 1-3 games played, where the shipped weight is 0) ---
  NEXT GAME .3 from game 1    : 2019: -0.0% n88  2020: -0.5% n105  2021: -0.7% n114  2022: +0.6% n111  2023: +0.8% n129  2024: -0.8% n132  2025: -1.6% n114 | bias live +0.16 -> +0.22
  NEXT GAME .5 from game 1    : 2019: +0.2% n88  2020: -0.7% n105  2021: -1.0% n114  2022: +1.2% n111  2023: +1.5% n129  2024: -1.2% n132  2025: -2.5% n114 | bias live +0.16 -> +0.26
  REST OF SEASON, 4+ games left .3 from game 1    : 2019: +0.5% n86  2020: -0.7% n102  2021: -2.0% n110  2022: +3.8% n108  2023: -1.2% n128  2024: -1.6% n127  2025: -1.8% n114 | bias live -0.35 -> -0.29
  REST OF SEASON, 4+ games left .5 from game 1    : 2019: +2.0% n86  2020: +0.1% n102  2021: -2.7% n110  2022: +7.9% n108  2023: -1.4% n128  2024: -2.1% n127  2025: -2.6% n114 | bias live -0.35 -> -0.24
  REST OF SEASON, no survivor filter .3 from game 1    : 2019: +0.7% n88  2020: -1.3% n105  2021: -2.0% n114  2022: +3.7% n111  2023: -1.2% n129  2024: -1.5% n132  2025: -1.8% n114 | bias live -0.33 -> -0.27
  REST OF SEASON, no survivor filter .5 from game 1    : 2019: +2.5% n88  2020: -1.1% n105  2021: -2.8% n114  2022: +7.6% n111  2023: -1.4% n129  2024: -1.9% n132  2025: -2.6% n114 | bias live -0.33 -> -0.23

--- 3b  SITUATION-AWARE USAGE INPUTS (points evidence untouched; WR/TE rows with usage evidence) ---

  NEXT GAME
    rule                                                             touched rows                       WR                       TE |               ADP 1-30                  31-60                 61-100              101+/none | board
    off-QB games (last) x0.5 in usage inputs                    +0.18% (3/7) n979        +0.24% (2/7) n669        +0.00% (3/6) n310 |      +0.03% (2/5) n107       -0.14% (2/4) n85      +0.16% (3/5) n151      +0.30% (3/7) n636 | all +0.009%  top150-wtd +0.002%  rank -0.0001
       2022-25                                                  +0.24% (1/4) n726        +0.30% (1/4) n491        +0.07% (1/4) n235
    off-QB games (last) x0.0 in usage inputs                    +1.26% (1/7) n979        +1.63% (1/7) n669        +0.21% (2/6) n310 |      +1.59% (2/5) n107       +0.47% (1/4) n85      +1.00% (2/5) n151      +1.38% (2/7) n636 | all +0.061%  top150-wtd +0.049%  rank -0.0004
       2022-25                                                  +1.41% (0/4) n726        +1.76% (0/4) n491        +0.49% (0/4) n235
    own banged-up games x0.5 in usage inputs                   -0.03% (5/7) n4669       -0.00% (3/7) n3256       -0.12% (5/7) n1413 |      -0.14% (4/7) n579      -0.02% (4/7) n591      +0.27% (1/7) n598     -0.07% (4/7) n2901 | all -0.008%  top150-wtd -0.010%  rank +0.0003
       2022-25                                                 -0.03% (3/4) n3228       +0.01% (1/4) n2259        -0.16% (3/4) n969
    own banged-up games x0.0 in usage inputs                   +0.03% (4/7) n4669       +0.13% (3/7) n3256       -0.30% (5/7) n1413 |      -0.11% (3/7) n579      +0.02% (3/7) n591      +0.84% (0/7) n598     -0.13% (4/7) n2901 | all +0.008%  top150-wtd +0.007%  rank -0.0006
       2022-25                                                 +0.00% (2/4) n3228       +0.13% (1/4) n2259        -0.41% (3/4) n969
    stale fill-in games / boost in usage xFP, all ADP          -0.12% (6/7) n1434       -0.12% (6/7) n1260        -0.12% (6/7) n174 |              n/a (n22)       -0.17% (2/2) n37      +0.02% (2/4) n169     -0.16% (6/7) n1206 | all -0.007%  top150-wtd -0.002%  rank +0.0000
       2022-25                                                 -0.11% (3/4) n1047        -0.11% (3/4) n939        -0.03% (3/4) n108
    stale fill-in / boost in POINTS + usage xFP, all ADP (Adams case)       -0.32% (6/7) n1434       -0.31% (5/7) n1260        -0.46% (4/7) n174 |              n/a (n22)       -0.27% (2/2) n37      +0.19% (2/4) n169     -0.47% (5/7) n1206 | all -0.021%  top150-wtd -0.004%  rank +0.0001
       2022-25                                                 -0.31% (3/4) n1047        -0.33% (3/4) n939        +0.13% (1/4) n108
    stale fill-in / boost points + xFP, 2+ stale games, all ADP        -0.57% (7/7) n817        -0.55% (5/7) n739         -1.20% (4/5) n78 |               n/a (n0)              n/a (n20)       +0.00% (2/4) n85      -0.79% (5/7) n712 | all -0.021%  top150-wtd -0.004%  rank +0.0001
       2022-25                                                  -0.55% (4/4) n596        -0.56% (3/4) n551         -0.26% (2/3) n45

  REST OF SEASON, 4+ games left
    rule                                                             touched rows                       WR                       TE |               ADP 1-30                  31-60                 61-100              101+/none | board
    off-QB games (last) x0.5 in usage inputs                    +0.46% (2/7) n490        +0.66% (2/7) n336        -0.17% (4/4) n154 |       +1.10% (2/3) n48       -0.64% (2/3) n46       +0.44% (1/4) n77      +0.50% (3/7) n319 | all +0.017%  top150-wtd +0.026%  rank -0.0002
       2022-25                                                  +0.67% (0/4) n351        +0.98% (0/4) n242        -0.18% (3/3) n109
    off-QB games (last) x0.0 in usage inputs                    +2.71% (2/7) n490        +3.56% (2/7) n336        -0.06% (3/4) n154 |       +6.52% (1/3) n48       +1.21% (2/3) n46       +2.15% (1/4) n77      +1.93% (3/7) n319 | all +0.101%  top150-wtd +0.164%  rank -0.0000
       2022-25                                                  +3.59% (0/4) n351        +4.99% (0/4) n242        -0.22% (2/3) n109
    own banged-up games x0.5 in usage inputs                   -0.62% (6/7) n2726       -0.63% (6/7) n1894        -0.61% (5/7) n832 |      -0.75% (4/7) n322      -0.67% (3/7) n340      -0.02% (4/7) n326     -0.70% (7/7) n1738 | all -0.145%  top150-wtd -0.115%  rank +0.0001
       2022-25                                                 -0.63% (4/4) n1868       -0.63% (4/4) n1295        -0.61% (3/4) n573
    own banged-up games x0.0 in usage inputs                   -1.61% (6/7) n2726       -1.60% (6/7) n1894        -1.65% (5/7) n832 |      -1.26% (4/7) n322      -1.44% (3/7) n340      +0.06% (4/7) n326     -2.06% (5/7) n1738 | all -0.374%  top150-wtd -0.226%  rank +0.0006
       2022-25                                                 -1.95% (4/4) n1868       -2.03% (4/4) n1295        -1.76% (3/4) n573
    stale fill-in games / boost in usage xFP, all ADP           -0.13% (3/7) n807        -0.13% (3/7) n703        -0.09% (2/5) n104 |              n/a (n11)              n/a (n15)       +0.54% (2/4) n92      -0.22% (4/7) n689 | all -0.007%  top150-wtd -0.003%  rank +0.0006
       2022-25                                                  -0.12% (2/4) n594        -0.14% (2/4) n528         +0.09% (0/3) n66
    stale fill-in / boost in POINTS + usage xFP, all ADP (Adams case)        +0.00% (4/7) n807        -0.06% (3/7) n703        +0.81% (1/5) n104 |              n/a (n11)              n/a (n15)       +2.63% (2/4) n92      -0.36% (5/7) n689 | all -0.007%  top150-wtd -0.001%  rank +0.0004
       2022-25                                                  +0.08% (2/4) n594        -0.06% (2/4) n528         +1.74% (0/3) n66
    stale fill-in / boost points + xFP, 2+ stale games, all ADP        -0.49% (3/7) n432        -0.53% (4/7) n393         +1.57% (0/2) n39 |               n/a (n0)               n/a (n9)       +2.18% (2/3) n40      -0.97% (4/7) n383 | all -0.013%  top150-wtd -0.001%  rank +0.0005
       2022-25                                                  -0.26% (2/4) n308        -0.30% (2/4) n288                n/a (n20)

  REST OF SEASON, no survivor filter
    rule                                                             touched rows                       WR                       TE |               ADP 1-30                  31-60                 61-100              101+/none | board
    off-QB games (last) x0.5 in usage inputs                    +0.25% (3/7) n625        +0.43% (3/7) n430        -0.29% (4/5) n195 |       +0.20% (3/5) n66       -0.44% (2/3) n53       +0.42% (1/4) n88      +0.38% (3/7) n418 | all +0.011%  top150-wtd +0.005%  rank -0.0002
       2022-25                                                  +0.43% (1/4) n449        +0.70% (1/4) n307        -0.19% (3/4) n142
    off-QB games (last) x0.0 in usage inputs                    +2.05% (2/7) n625        +2.87% (2/7) n430        -0.36% (4/5) n195 |       +2.63% (2/5) n66       +0.75% (2/3) n53       +2.09% (1/4) n88      +2.09% (3/7) n418 | all +0.087%  top150-wtd +0.087%  rank -0.0000
       2022-25                                                  +2.75% (0/4) n449        +4.06% (0/4) n307        -0.22% (3/4) n142
    own banged-up games x0.5 in usage inputs                   -0.35% (5/7) n3277       -0.28% (4/7) n2253       -0.56% (5/7) n1024 |      -0.21% (4/7) n378      -0.17% (3/7) n391      +0.37% (3/7) n388     -0.58% (6/7) n2120 | all -0.088%  top150-wtd -0.021%  rank -0.0001
       2022-25                                                 -0.40% (3/4) n2252       -0.33% (3/4) n1550        -0.60% (3/4) n702
    own banged-up games x0.0 in usage inputs                   -0.80% (5/7) n3277       -0.58% (4/7) n2253       -1.45% (5/7) n1024 |      -0.07% (4/7) n378      -0.21% (3/7) n391      +1.02% (3/7) n388     -1.50% (5/7) n2120 | all -0.199%  top150-wtd +0.011%  rank -0.0000
       2022-25                                                 -1.16% (3/4) n2252       -1.02% (3/4) n1550        -1.61% (3/4) n702
    stale fill-in games / boost in usage xFP, all ADP           -0.13% (4/7) n979        -0.12% (4/7) n844        -0.29% (6/7) n135 |              n/a (n13)              n/a (n19)      +0.40% (2/4) n100      -0.20% (4/7) n847 | all -0.008%  top150-wtd -0.004%  rank +0.0002
       2022-25                                                  -0.12% (2/4) n716        -0.13% (2/4) n633         -0.02% (3/4) n83
    stale fill-in / boost in POINTS + usage xFP, all ADP (Adams case)        -0.14% (4/7) n979        -0.09% (3/7) n844        -0.90% (4/7) n135 |              n/a (n13)              n/a (n19)      +2.01% (2/4) n100      -0.42% (5/7) n847 | all -0.015%  top150-wtd -0.002%  rank -0.0001
       2022-25                                                  -0.06% (2/4) n716        -0.09% (2/4) n633         +0.46% (2/4) n83
    stale fill-in / boost points + xFP, 2+ stale games, all ADP        -0.56% (5/7) n539        -0.43% (4/7) n482         -4.15% (2/4) n57 |               n/a (n0)              n/a (n11)       +2.26% (2/3) n42      -1.01% (5/7) n486 | all -0.018%  top150-wtd +0.002%  rank +0.0000
       2022-25                                                  -0.37% (2/4) n385        -0.29% (2/4) n355         -2.98% (1/2) n30

--- 3c  COMBINATIONS: QB-aware evidence (points + usage, last, x0.5) + heavier usage schedule ---

  NEXT GAME
    schedule                                                                   WR                       TE |               ADP 1-30                  31-60                 61-100              101+/none | board
    QB x.5 + shipped WR .8/.8/.6/.6/.5/.3  TE 0/0/0/.3         +0.09% (2/7) n6560       +0.02% (3/7) n3107 |     -0.03% (4/7) n1045     +0.03% (0/7) n1262     +0.22% (1/7) n1255     +0.09% (1/7) n6105 | all +0.049%  top150-wtd +0.015%  rank +0.0008
    QB x.5 + WR held-out 1/1/.7/.7/.55/.33  TE shipped         +0.24% (0/7) n6560       +0.02% (3/7) n3107 |     -0.10% (5/7) n1045     +0.04% (3/7) n1262     +0.26% (2/7) n1255     +0.35% (0/7) n6105 | all +0.108%  top150-wtd +0.014%  rank +0.0004
    QB x.5 + WR shipped                     TE .3 from g       +0.09% (2/7) n6560       -0.06% (4/7) n3107 |     -0.09% (4/7) n1045     +0.00% (3/7) n1262     +0.22% (2/7) n1255     +0.08% (2/7) n6105 | all +0.039%  top150-wtd -0.003%  rank +0.0015
    QB x.5 + WR held-out                    TE .3 from g       +0.24% (0/7) n6560       -0.06% (4/7) n3107 |     -0.16% (6/7) n1045     +0.02% (2/7) n1262     +0.26% (1/7) n1255     +0.34% (1/7) n6105 | all +0.098%  top150-wtd -0.005%  rank +0.0011

  REST OF SEASON, 4+ games left
    schedule                                                                   WR                       TE |               ADP 1-30                  31-60                 61-100              101+/none | board
    QB x.5 + shipped WR .8/.8/.6/.6/.5/.3  TE 0/0/0/.3         +0.38% (1/7) n4526       +0.01% (5/7) n2169 |      +0.31% (4/7) n724      +0.10% (2/7) n885      +0.59% (2/7) n867     +0.26% (2/7) n4219 | all +0.186%  top150-wtd +0.174%  rank -0.0000
    QB x.5 + WR held-out 1/1/.7/.7/.55/.33  TE shipped         +1.30% (0/7) n4526       +0.01% (5/7) n2169 |      +0.52% (3/7) n724      +0.61% (3/7) n885      +1.26% (0/7) n867     +1.13% (0/7) n4219 | all +0.521%  top150-wtd +0.365%  rank -0.0007
    QB x.5 + WR shipped                     TE .3 from g       +0.38% (1/7) n4526       -0.26% (5/7) n2169 |      +0.23% (4/7) n724      -0.15% (4/7) n885      +0.67% (2/7) n867     +0.20% (2/7) n4219 | all +0.154%  top150-wtd +0.130%  rank -0.0004
    QB x.5 + WR held-out                    TE .3 from g       +1.30% (0/7) n4526       -0.26% (5/7) n2169 |      +0.44% (3/7) n724      +0.36% (3/7) n885      +1.34% (0/7) n867     +1.08% (1/7) n4219 | all +0.489%  top150-wtd +0.321%  rank -0.0011

  REST OF SEASON, no survivor filter
    schedule                                                                   WR                       TE |               ADP 1-30                  31-60                 61-100              101+/none | board
    QB x.5 + shipped WR .8/.8/.6/.6/.5/.3  TE 0/0/0/.3         +0.34% (1/7) n5098       -0.23% (6/7) n2486 |      +0.07% (4/7) n790      -0.03% (3/7) n957      +0.59% (1/7) n953     +0.21% (2/7) n4884 | all +0.125%  top150-wtd +0.168%  rank +0.0006
    QB x.5 + WR held-out 1/1/.7/.7/.55/.33  TE shipped         +1.10% (0/7) n5098       -0.23% (6/7) n2486 |      +0.08% (3/7) n790      +0.25% (3/7) n957      +1.22% (0/7) n953     +1.01% (0/7) n4884 | all +0.395%  top150-wtd +0.278%  rank -0.0002
    QB x.5 + WR shipped                     TE .3 from g       +0.34% (1/7) n5098       -0.46% (6/7) n2486 |      +0.01% (4/7) n790      -0.21% (5/7) n957      +0.66% (1/7) n953     +0.16% (2/7) n4884 | all +0.101%  top150-wtd +0.135%  rank +0.0001
    QB x.5 + WR held-out                    TE .3 from g       +1.10% (0/7) n5098       -0.46% (6/7) n2486 |      +0.02% (3/7) n790      +0.08% (4/7) n957      +1.29% (0/7) n953     +0.96% (1/7) n4884 | all +0.371%  top150-wtd +0.246%  rank -0.0007

Limitations: starting QB = top passer of the game (a QB hurt mid-game still counts as the starter); expected starter 'last' ignores the
injury report the engine would see; route rate per game not reweighted; hurt tag needs the nflverse report or snap counts (name-keyed);
prop anchor / pecking dock / availability curves not replayable; team = season team (mid-season trades untagged).
