tables: 2,156 skill player-seasons, 2,981 team-week starting QBs, 38,600 injury-report rows, 468 players with snap counts
rows: 14,813 RB/WR/TE player-weeks with the evidence rebuilt (of 15,005); replica ppg max abs diff 1.800, rows off > 0.05: 15
=== REFINE  BANGED-UP PRIOR, WR / TE only: Clay/g + a x (healthy ppg - all ppg) last season ===
    main gate rows: 1,605 (WR 1,197, TE 408); mean lift at a=.5: WR +0.59, TE +0.42 half-PPR per game

  NEXT GAME
    gate / rule                                                              WR touched               TE touched |               ADP 1-30                  31-60                 61-100              101+/none | board
    main: 3+ hurt, 4+ healthy, healthy > Cla a=0.25                  -0.65% (7/7) n1131        -0.17% (5/6) n381 |      -0.94% (6/6) n280      +0.13% (3/6) n216      -1.26% (5/6) n189      -0.35% (5/7) n827 | all -0.052%  top150-wtd -0.073%  rank +0.0010
    main: 3+ hurt, 4+ healthy, healthy > Cla a=0.40                  -0.92% (6/7) n1131        -0.20% (5/6) n381 |      -1.41% (6/6) n280      +0.37% (3/6) n216      -1.81% (4/6) n189      -0.49% (4/7) n827 | all -0.073%  top150-wtd -0.105%  rank +0.0020
    main: 3+ hurt, 4+ healthy, healthy > Cla a=0.50                  -1.05% (6/7) n1131        -0.19% (5/6) n381 |      -1.69% (6/6) n280      +0.60% (3/6) n216      -2.10% (4/6) n189      -0.55% (4/7) n827 | all -0.083%  top150-wtd -0.122%  rank +0.0021
    main: 3+ hurt, 4+ healthy, healthy > Cla a=0.60                  -1.14% (6/7) n1131        -0.15% (4/6) n381 |      -1.93% (6/6) n280      +0.88% (3/6) n216      -2.32% (4/6) n189      -0.59% (4/7) n827 | all -0.089%  top150-wtd -0.134%  rank +0.0018
    main: 3+ hurt, 4+ healthy, healthy > Cla a=0.75                  -1.21% (6/7) n1131        -0.05% (4/6) n381 |      -2.25% (6/6) n280      +1.40% (2/6) n216      -2.53% (4/6) n189      -0.61% (4/7) n827 | all -0.092%  top150-wtd -0.145%  rank +0.0015
    2+ hurt, 4+ healthy, healthy > Clay a=0.50                       -0.59% (6/7) n1772        -0.28% (4/7) n732 |      -0.87% (5/6) n480      +0.33% (4/7) n367      -1.60% (4/6) n335     -0.26% (4/7) n1322 | all -0.080%  top150-wtd -0.113%  rank +0.0021
    3+ hurt, 6+ healthy, healthy > Clay a=0.50                       -0.84% (5/7) n1090        -0.13% (4/6) n363 |      -1.87% (5/6) n255      +0.78% (2/6) n208      -0.77% (4/6) n175      -0.57% (4/7) n815 | all -0.063%  top150-wtd -0.104%  rank +0.0015
    3+ hurt, 4+ healthy, no Clay gate a=0.50                         -0.77% (6/7) n1782        +0.12% (3/7) n696 |      -1.19% (6/6) n418      +0.20% (4/7) n343      -1.40% (6/7) n358     -0.26% (5/7) n1359 | all -0.090%  top150-wtd -0.138%  rank +0.0023
    main, hurt share >= 25% of his games a=0.50                       -1.31% (6/7) n745        -0.29% (4/5) n222 |      -1.87% (4/6) n200      +0.95% (3/5) n156      -2.80% (4/5) n124      -0.88% (5/7) n487 | all -0.073%  top150-wtd -0.104%  rank +0.0015
    main, ADP <= 100 only a=0.50                                      -1.19% (5/6) n583        -0.44% (5/6) n102 |      -1.69% (6/6) n280      +0.60% (3/6) n216      -2.10% (4/6) n189               n/a (n0) | all -0.063%  top150-wtd -0.123%  rank +0.0021
    main a=.5, lift capped at 2.0                                    -1.16% (7/7) n1131        -0.19% (5/6) n381 |      -1.68% (6/6) n280      +0.12% (3/6) n216      -2.10% (4/6) n189      -0.55% (4/7) n827 | all -0.091%  top150-wtd -0.131%  rank +0.0021
    main a=.5, lift capped at 3.0                                    -1.09% (7/7) n1131        -0.19% (5/6) n381 |      -1.69% (6/6) n280      +0.43% (3/6) n216      -2.10% (4/6) n189      -0.55% (4/7) n827 | all -0.086%  top150-wtd -0.125%  rank +0.0022
    main a=.5, never above healthy ppg                               -1.03% (6/7) n1131        -0.18% (5/6) n381 |      -1.65% (6/6) n280      +0.57% (3/6) n216      -2.08% (4/6) n189      -0.53% (4/7) n827 | all -0.081%  top150-wtd -0.119%  rank +0.0020
    main a=.75, never above healthy ppg                              -1.11% (6/7) n1131        -0.03% (4/6) n381 |      -2.10% (6/6) n280      +1.34% (2/6) n216      -2.33% (4/6) n189      -0.54% (4/7) n827 | all -0.084%  top150-wtd -0.136%  rank +0.0017
    main a=.5, lift floored at 0                                     -1.05% (7/7) n1131        -0.23% (5/6) n381 |      -1.57% (6/6) n280      +0.58% (3/6) n216      -2.08% (4/6) n189      -0.66% (4/7) n827 | all -0.084%  top150-wtd -0.102%  rank +0.0021
    main a=.5, floored at 0 + capped at 2.0 (SHIP CANDIDATE)         -1.16% (7/7) n1131        -0.23% (5/6) n381 |      -1.56% (6/6) n280      +0.10% (3/6) n216      -2.08% (4/6) n189      -0.66% (4/7) n827 | all -0.092%  top150-wtd -0.111%  rank +0.0020
    main a=.4, floored at 0 + capped at 2.0                          -0.97% (7/7) n1131        -0.24% (5/6) n381 |      -1.31% (6/6) n280      +0.11% (3/6) n216      -1.80% (4/6) n189      -0.57% (4/7) n827 | all -0.078%  top150-wtd -0.094%  rank +0.0018
    -- 2022-25 only --
    main a=0.40                                                       -0.80% (3/4) n857        -0.19% (3/4) n272 |      -1.52% (4/4) n216      +1.05% (1/4) n123      -0.73% (2/4) n149      -0.66% (3/4) n641 | all -0.071%  top150-wtd -0.115%  rank +0.0020
    main a=0.50                                                       -0.89% (3/4) n857        -0.18% (3/4) n272 |      -1.82% (4/4) n216      +1.53% (1/4) n123      -0.74% (2/4) n149      -0.76% (3/4) n641 | all -0.078%  top150-wtd -0.131%  rank +0.0024
    main a=0.60                                                       -0.94% (3/4) n857        -0.13% (3/4) n272 |      -2.09% (4/4) n216      +2.08% (1/4) n123      -0.68% (2/4) n149      -0.84% (3/4) n641 | all -0.081%  top150-wtd -0.142%  rank +0.0018
    main a=.5, never above healthy ppg                                -0.89% (3/4) n857        -0.17% (3/4) n272 |      -1.82% (4/4) n216      +1.46% (1/4) n123      -0.71% (2/4) n149      -0.74% (3/4) n641 | all -0.078%  top150-wtd -0.132%  rank +0.0022
    main a=.5, floored at 0 + capped at 2.0 (SHIP CANDIDATE)          -1.06% (4/4) n857        -0.19% (3/4) n272 |      -1.65% (4/4) n216      +0.61% (1/4) n123      -0.86% (2/4) n149      -0.88% (3/4) n641 | all -0.093%  top150-wtd -0.116%  rank +0.0023

  REST OF SEASON, 4+ games left
    gate / rule                                                              WR touched               TE touched |               ADP 1-30                  31-60                 61-100              101+/none | board
    main: 3+ hurt, 4+ healthy, healthy > Cla a=0.25                   -4.35% (6/7) n795        -2.08% (4/5) n267 |      -6.09% (6/6) n194      +2.67% (2/5) n153     -10.71% (4/6) n133      -2.72% (3/7) n582 | all -0.349%  top150-wtd -0.474%  rank +0.0001
    main: 3+ hurt, 4+ healthy, healthy > Cla a=0.40                   -6.32% (6/7) n795        -2.96% (4/5) n267 |      -9.16% (6/6) n194      +5.60% (2/5) n153     -15.81% (4/6) n133      -4.07% (3/7) n582 | all -0.506%  top150-wtd -0.687%  rank +0.0004
    main: 3+ hurt, 4+ healthy, healthy > Cla a=0.50                   -7.36% (6/7) n795        -3.39% (4/5) n267 |     -10.97% (6/6) n194      +8.11% (2/5) n153     -18.66% (4/6) n133      -4.87% (3/7) n582 | all -0.588%  top150-wtd -0.798%  rank +0.0002
    main: 3+ hurt, 4+ healthy, healthy > Cla a=0.60                   -8.18% (6/7) n795        -3.70% (2/5) n267 |     -12.58% (6/6) n194     +11.05% (2/5) n153     -21.07% (4/6) n133      -5.57% (3/7) n582 | all -0.652%  top150-wtd -0.885%  rank -0.0004
    main: 3+ hurt, 4+ healthy, healthy > Cla a=0.75                   -9.01% (6/7) n795        -3.94% (2/5) n267 |     -14.63% (6/6) n194     +16.30% (2/5) n153     -23.85% (4/6) n133      -6.46% (3/7) n582 | all -0.716%  top150-wtd -0.971%  rank -0.0008
    2+ hurt, 4+ healthy, healthy > Clay a=0.50                       -4.66% (6/7) n1246        -3.90% (4/7) n514 |      -6.91% (6/6) n333      +6.66% (2/7) n255     -12.81% (4/6) n236      -3.71% (4/7) n936 | all -0.578%  top150-wtd -0.691%  rank +0.0027
    3+ hurt, 6+ healthy, healthy > Clay a=0.50                        -6.88% (6/7) n767        -2.69% (3/5) n255 |     -12.08% (6/6) n175      +7.26% (2/5) n148     -11.96% (4/6) n123      -4.94% (3/7) n576 | all -0.515%  top150-wtd -0.739%  rank +0.0001
    3+ hurt, 4+ healthy, no Clay gate a=0.50                         -5.57% (6/7) n1245        -0.54% (3/7) n485 |      -7.03% (6/6) n288      +2.41% (2/7) n241     -11.12% (6/7) n246      -2.95% (4/7) n955 | all -0.642%  top150-wtd -0.923%  rank -0.0009
    main, hurt share >= 25% of his games a=0.50                       -9.22% (5/7) n521        -7.19% (4/5) n152 |      -9.73% (5/6) n137     +11.00% (1/4) n111      -26.08% (4/5) n86      -7.88% (4/7) n339 | all -0.494%  top150-wtd -0.595%  rank -0.0002
    main, ADP <= 100 only a=0.50                                      -8.92% (6/6) n409         -3.86% (2/4) n71 |     -10.97% (6/6) n194      +8.11% (2/5) n153     -18.66% (4/6) n133               n/a (n0) | all -0.361%  top150-wtd -0.771%  rank +0.0001
    main a=.5, lift capped at 2.0                                     -7.38% (6/7) n795        -3.39% (4/5) n267 |     -10.93% (6/6) n194      +6.71% (2/5) n153     -17.53% (4/6) n133      -4.87% (3/7) n582 | all -0.590%  top150-wtd -0.803%  rank +0.0002
    main a=.5, lift capped at 3.0                                     -7.43% (6/7) n795        -3.39% (4/5) n267 |     -10.97% (6/6) n194      +7.56% (2/5) n153     -18.66% (4/6) n133      -4.87% (3/7) n582 | all -0.593%  top150-wtd -0.806%  rank +0.0002
    main a=.5, never above healthy ppg                                -7.17% (5/7) n795        -3.32% (3/5) n267 |     -10.62% (6/6) n194      +8.09% (2/5) n153     -18.90% (4/6) n133      -4.68% (3/7) n582 | all -0.573%  top150-wtd -0.779%  rank +0.0001
    main a=.75, never above healthy ppg                               -8.30% (5/7) n795        -3.07% (2/5) n267 |     -13.29% (6/6) n194     +17.28% (2/5) n153     -23.17% (4/6) n133      -6.05% (3/7) n582 | all -0.648%  top150-wtd -0.872%  rank -0.0009
    main a=.5, lift floored at 0                                      -7.69% (6/7) n795        -3.86% (4/5) n267 |     -12.16% (6/6) n194      +7.63% (2/5) n153     -17.93% (4/6) n133      -5.04% (3/7) n582 | all -0.621%  top150-wtd -0.810%  rank +0.0006
    main a=.5, floored at 0 + capped at 2.0 (SHIP CANDIDATE)          -7.72% (6/7) n795        -3.86% (4/5) n267 |     -12.12% (6/6) n194      +6.23% (2/5) n153     -16.80% (4/6) n133      -5.04% (3/7) n582 | all -0.623%  top150-wtd -0.815%  rank +0.0006
    main a=.4, floored at 0 + capped at 2.0                           -6.66% (6/7) n795        -3.33% (4/5) n267 |     -10.07% (6/6) n194      +4.58% (2/5) n153     -15.22% (4/6) n133      -4.20% (3/7) n582 | all -0.537%  top150-wtd -0.702%  rank +0.0006
    -- 2022-25 only --
    main a=0.40                                                       -6.75% (4/4) n600        -4.11% (3/3) n189 |      -8.67% (4/4) n151       +2.93% (2/3) n85     -13.11% (3/4) n103      -5.62% (3/4) n450 | all -0.641%  top150-wtd -0.789%  rank +0.0008
    main a=0.50                                                       -7.84% (4/4) n600        -4.91% (3/3) n189 |     -10.31% (4/4) n151       +4.99% (2/3) n85     -14.97% (3/4) n103      -6.83% (3/4) n450 | all -0.748%  top150-wtd -0.910%  rank +0.0006
    main a=0.60                                                       -8.69% (4/4) n600        -5.62% (2/3) n189 |     -11.73% (4/4) n151       +7.57% (2/3) n85     -16.28% (3/4) n103      -7.95% (3/4) n450 | all -0.834%  top150-wtd -1.001%  rank +0.0001
    main a=.5, never above healthy ppg                                -7.83% (4/4) n600        -4.83% (2/3) n189 |     -10.31% (4/4) n151       +4.96% (2/3) n85     -15.39% (3/4) n103      -6.70% (3/4) n450 | all -0.745%  top150-wtd -0.916%  rank +0.0005
    main a=.5, floored at 0 + capped at 2.0 (SHIP CANDIDATE)          -8.49% (4/4) n600        -5.25% (3/3) n189 |     -11.90% (4/4) n151       +2.34% (2/3) n85     -12.85% (3/4) n103      -6.96% (3/4) n450 | all -0.809%  top150-wtd -0.947%  rank +0.0014

  REST OF SEASON, no survivor filter
    gate / rule                                                              WR touched               TE touched |               ADP 1-30                  31-60                 61-100              101+/none | board
    main: 3+ hurt, 4+ healthy, healthy > Cla a=0.25                   -3.73% (6/7) n871        -1.04% (4/6) n315 |      -4.20% (6/6) n210      +0.45% (2/6) n171      -9.01% (4/6) n142      -2.52% (3/7) n663 | all -0.276%  top150-wtd -0.347%  rank -0.0001
    main: 3+ hurt, 4+ healthy, healthy > Cla a=0.40                   -5.43% (6/7) n871        -1.40% (3/6) n315 |      -6.22% (6/6) n210      +1.52% (2/6) n171     -13.24% (4/6) n142      -3.81% (3/7) n663 | all -0.400%  top150-wtd -0.498%  rank +0.0006
    main: 3+ hurt, 4+ healthy, healthy > Cla a=0.50                   -6.34% (6/7) n871        -1.53% (3/6) n315 |      -7.37% (6/6) n210      +2.56% (1/6) n171     -15.58% (4/6) n142      -4.58% (3/7) n663 | all -0.465%  top150-wtd -0.574%  rank -0.0001
    main: 3+ hurt, 4+ healthy, healthy > Cla a=0.60                   -7.07% (6/7) n871        -1.57% (3/6) n315 |      -8.35% (6/6) n210      +3.87% (1/6) n171     -17.52% (4/6) n142      -5.27% (3/7) n663 | all -0.515%  top150-wtd -0.631%  rank -0.0007
    main: 3+ hurt, 4+ healthy, healthy > Cla a=0.75                   -7.83% (6/7) n871        -1.48% (3/6) n315 |      -9.51% (6/6) n210      +6.34% (1/6) n171     -19.70% (4/6) n142      -6.17% (3/7) n663 | all -0.565%  top150-wtd -0.680%  rank -0.0011
    2+ hurt, 4+ healthy, healthy > Clay a=0.50                       -3.96% (6/7) n1365        -2.22% (5/7) n589 |      -4.26% (6/6) n359      +2.85% (0/7) n288     -11.26% (4/6) n249     -3.50% (4/7) n1058 | all -0.440%  top150-wtd -0.454%  rank +0.0018
    3+ hurt, 6+ healthy, healthy > Clay a=0.50                        -6.31% (6/7) n837        -1.32% (3/6) n299 |      -8.34% (6/6) n190      +1.26% (2/6) n163      -9.27% (4/6) n132      -4.75% (3/7) n651 | all -0.428%  top150-wtd -0.553%  rank +0.0003
    3+ hurt, 4+ healthy, no Clay gate a=0.50                         -4.46% (7/7) n1394        +0.31% (2/7) n570 |      -4.64% (6/6) n319      -0.69% (2/7) n272      -7.44% (6/7) n282     -2.73% (3/7) n1091 | all -0.512%  top150-wtd -0.692%  rank -0.0007
    main, hurt share >= 25% of his games a=0.50                       -7.96% (6/7) n581        -3.96% (3/5) n183 |      -6.92% (4/6) n150      +1.52% (2/5) n123      -20.86% (4/5) n92      -6.68% (4/7) n399 | all -0.415%  top150-wtd -0.460%  rank -0.0001
    main, ADP <= 100 only a=0.50                                      -7.30% (6/6) n432         +0.73% (3/6) n91 |      -7.37% (6/6) n210      +2.56% (1/6) n171     -15.58% (4/6) n142               n/a (n0) | all -0.258%  top150-wtd -0.535%  rank -0.0001
    main a=.5, lift capped at 2.0                                     -6.03% (6/7) n871        -1.53% (3/6) n315 |      -7.33% (6/6) n210      +3.38% (1/6) n171     -14.60% (4/6) n142      -4.58% (3/7) n663 | all -0.444%  top150-wtd -0.547%  rank -0.0002
    main a=.5, lift capped at 3.0                                     -6.30% (6/7) n871        -1.53% (3/6) n315 |      -7.37% (6/6) n210      +2.77% (1/6) n171     -15.58% (4/6) n142      -4.58% (3/7) n663 | all -0.462%  top150-wtd -0.570%  rank -0.0002
    main a=.5, never above healthy ppg                                -6.20% (5/7) n871        -1.66% (3/6) n315 |      -7.09% (6/6) n210      +2.29% (2/6) n171     -15.78% (4/6) n142      -4.44% (3/7) n663 | all -0.458%  top150-wtd -0.568%  rank -0.0002
    main a=.75, never above healthy ppg                               -7.28% (5/7) n871        -1.25% (3/6) n315 |      -8.43% (6/6) n210      +6.34% (1/6) n171     -19.12% (4/6) n142      -5.87% (3/7) n663 | all -0.523%  top150-wtd -0.621%  rank -0.0013
    main a=.5, lift floored at 0                                      -6.62% (6/7) n871        -1.93% (5/6) n315 |      -8.44% (6/6) n210      +2.21% (1/6) n171     -14.94% (4/6) n142      -4.70% (3/7) n663 | all -0.492%  top150-wtd -0.590%  rank +0.0004
    main a=.5, floored at 0 + capped at 2.0 (SHIP CANDIDATE)          -6.32% (6/7) n871        -1.93% (5/6) n315 |      -8.41% (6/6) n210      +3.03% (1/6) n171     -13.97% (4/6) n142      -4.70% (3/7) n663 | all -0.472%  top150-wtd -0.563%  rank +0.0003
    main a=.4, floored at 0 + capped at 2.0                           -5.53% (6/7) n871        -1.71% (5/6) n315 |      -7.04% (6/6) n210      +1.74% (1/6) n171     -12.73% (4/6) n142      -3.90% (3/7) n663 | all -0.414%  top150-wtd -0.498%  rank +0.0008
    -- 2022-25 only --
    main a=0.40                                                       -5.87% (4/4) n661        -2.37% (3/4) n229 |      -6.39% (4/4) n160      -0.40% (2/4) n101      -9.59% (3/4) n112      -5.08% (3/4) n517 | all -0.540%  top150-wtd -0.618%  rank +0.0011
    main a=0.50                                                       -6.87% (4/4) n661        -2.80% (3/4) n229 |      -7.56% (4/4) n160      +0.18% (1/4) n101     -10.85% (3/4) n112      -6.18% (3/4) n517 | all -0.632%  top150-wtd -0.713%  rank +0.0002
    main a=0.60                                                       -7.68% (4/4) n661        -3.17% (3/4) n229 |      -8.57% (4/4) n160      +1.04% (1/4) n101     -11.65% (3/4) n112      -7.22% (3/4) n517 | all -0.708%  top150-wtd -0.783%  rank -0.0002
    main a=.5, never above healthy ppg                                -6.86% (4/4) n661        -2.95% (3/4) n229 |      -7.56% (4/4) n160      -0.15% (2/4) n101     -11.17% (3/4) n112      -6.09% (3/4) n517 | all -0.636%  top150-wtd -0.729%  rank +0.0002
    main a=.5, floored at 0 + capped at 2.0 (SHIP CANDIDATE)          -6.95% (4/4) n661        -3.12% (4/4) n229 |      -8.96% (4/4) n160      +0.73% (1/4) n101      -9.18% (3/4) n112      -6.28% (3/4) n517 | all -0.648%  top150-wtd -0.702%  rank +0.0009

--- a PICKED LEAVE-ONE-SEASON-OUT / FORWARD per position (main gate rows of the training seasons) ---
  NEXT GAME
    gate / rule                                                              WR touched               TE touched |               ADP 1-30                  31-60                 61-100              101+/none | board
    LOYO pick per position                                           -0.97% (6/7) n1131        -0.08% (5/6) n381 |      -2.13% (5/6) n280      +2.37% (2/6) n216      -2.76% (4/6) n189      -0.60% (3/7) n827 | all -0.075%  top150-wtd -0.122%  rank +0.0015
        picks: WR [0.75, 0.75, 0.75, 0.75, 1.0, 0.75, 0.75] | TE [0.4, 0.4, 0.4, 0.4, 0.4, 0.25, 0.6]
       forward 2022-25                                                -0.65% (3/4) n857        -0.09% (3/4) n272 |      -2.60% (3/4) n216      +4.94% (1/4) n123      -1.00% (2/4) n149      -0.75% (2/4) n641 | all -0.056%  top150-wtd -0.131%  rank +0.0014
        picks: WR [1.0, 1.0, 0.75, 0.75] | TE [0.4, 0.5, 0.5, 0.6]
  REST OF SEASON, 4+ games left
    gate / rule                                                              WR touched               TE touched |               ADP 1-30                  31-60                 61-100              101+/none | board
    LOYO pick per position                                            -8.25% (4/7) n795        -0.47% (2/5) n267 |     -16.68% (6/6) n194     +28.23% (2/5) n153     -22.84% (4/6) n133      -5.69% (3/7) n582 | all -0.595%  top150-wtd -0.905%  rank -0.0021
        picks: WR [1.0, 1.0, 0.75, 1.0, 1.0, 1.0, 0.75] | TE [0.75, 1.0, 1.0, 0.75, 0.5, 0.5, 1.0]
       forward 2022-25                                                -8.59% (3/4) n600        -1.95% (1/3) n189 |     -15.49% (4/4) n151      +24.07% (2/3) n85     -15.96% (3/4) n103      -7.72% (3/4) n450 | all -0.731%  top150-wtd -0.981%  rank -0.0025
        picks: WR [1.0, 1.0, 0.75, 0.75] | TE [0.0, 0.0, 0.6, 1.0]
  REST OF SEASON, no survivor filter
    gate / rule                                                              WR touched               TE touched |               ADP 1-30                  31-60                 61-100              101+/none | board
    LOYO pick per position                                            -7.77% (5/7) n871        +1.49% (3/6) n315 |     -10.83% (6/6) n210     +12.71% (0/6) n171     -22.31% (4/6) n142      -5.54% (3/7) n663 | all -0.497%  top150-wtd -0.667%  rank -0.0020
        picks: WR [1.0, 1.0, 1.0, 1.0, 1.0, 1.0, 0.75] | TE [0.6, 0.75, 0.75, 0.6, 0.25, 0.25, 1.0]
       forward 2022-25                                                -8.56% (4/4) n661        +0.13% (1/4) n229 |      -9.77% (4/4) n160      +3.02% (1/4) n101      -9.30% (3/4) n112      -7.21% (3/4) n517 | all -0.681%  top150-wtd -0.813%  rank -0.0014
        picks: WR [0.75, 0.75, 0.75, 0.75] | TE [0.0, 0.0, 0.4, 1.0]

--- BY SEASON, main gate a=.5 ---
  NEXT GAME WR: 2019: -2.3% n13  2020: -1.2% n105  2021: -1.6% n156  2022: -1.3% n190  2023: +0.2% n257  2024: -1.1% n204  2025: -1.8% n206
  NEXT GAME TE: 2019: +nan% n0  2020: -0.6% n31  2021: -0.0% n78  2022: -1.5% n10  2023: -0.3% n110  2024: -0.9% n67  2025: +0.4% n85
  REST OF SEASON, 4+ games left WR: 2019: +16.8% n10  2020: -0.6% n76  2021: -13.5% n109  2022: -11.6% n131  2023: -3.2% n176  2024: -9.6% n142  2025: -9.2% n151
  REST OF SEASON, 4+ games left TE: 2019: +nan% n0  2020: +18.7% n22  2021: -0.7% n56  2022: -14.1% n7  2023: -6.2% n79  2024: -7.0% n44  2025: -0.1% n59
  REST OF SEASON, no survivor filter WR: 2019: +16.8% n10  2020: -0.7% n80  2021: -9.5% n120  2022: -5.4% n144  2023: -6.5% n191  2024: -8.6% n155  2025: -6.2% n171
  REST OF SEASON, no survivor filter TE: 2019: +nan% n0  2020: +17.9% n26  2021: +1.4% n60  2022: -6.8% n10  2023: -3.5% n93  2024: -6.3% n50  2025: +0.8% n76

--- BY GAMES PLAYED this season, main gate a=.5 (does the lift still help once the evidence is in?) ---
  NEXT GAME: g 1-2: -2.67% (6/6) n256 | g 3-4: +0.07% (4/6) n253 | g 5-7: -0.60% (4/6) n359 | g 8-17: -0.65% (4/6) n644
  REST OF SEASON, 4+ games left: g 1-2: -10.33% (6/6) n253 | g 3-4: -8.09% (5/6) n238 | g 5-7: -5.38% (5/6) n322 | g 8-17: -4.19% (5/6) n249
  REST OF SEASON, no survivor filter: g 1-2: -9.83% (6/6) n256 | g 3-4: -6.46% (5/6) n253 | g 5-7: -5.43% (5/6) n359 | g 8-17: -2.78% (4/6) n318
healthy history for the shadow prior: 307 players (h3h for 270)

wrote data/sim_prior_health.js: 243 players (2025 tags)

--- 2026 PREVIEW: WR / TE in the 2026 Clay pool who pass the main gate on their 2025 season (lift = .5 x gap, half-PPR per game) ---
    Parker Washington        WR JAX  Clay   9.2/g  2025 healthy  13.4 over 9 g, all  10.4 over 15 g (6 hurt)  -> prior  10.7 (+1.49)
    Tez Johnson              WR TB   Clay   1.1/g  2025 healthy   8.0 over 9 g, all   5.2 over 15 g (6 hurt)  -> prior   2.5 (+1.41)
    Drake London             WR ATL  Clay  12.8/g  2025 healthy  16.4 over 8 g, all  14.0 over 12 g (4 hurt)  -> prior  14.1 (+1.23)
    Emeka Egbuka             WR TB   Clay  11.4/g  2025 healthy  12.0 over 11 g, all   9.7 over 17 g (6 hurt)  -> prior  12.6 (+1.18)
    Davante Adams            WR LAR  Clay  11.6/g  2025 healthy  15.8 over 9 g, all  13.8 over 14 g (5 hurt)  -> prior  12.6 (+1.00)
    Chimere Dike             WR TEN  Clay   2.0/g  2025 healthy   8.0 over 12 g, all   6.0 over 17 g (5 hurt)  -> prior   3.0 (+0.97)
    Noah Fant                TE NO   Clay   1.9/g  2025 healthy   6.1 over 8 g, all   4.5 over 12 g (4 hurt)  -> prior   2.7 (+0.82)
    Amon-Ra St. Brown        WR DET  Clay  15.6/g  2025 healthy  17.2 over 13 g, all  15.6 over 17 g (4 hurt)  -> prior  16.4 (+0.77)
    Troy Franklin            WR DEN  Clay   2.5/g  2025 healthy   9.9 over 14 g, all   8.5 over 17 g (3 hurt)  -> prior   3.2 (+0.69)
    Isaac TeSlaa             WR DET  Clay   3.6/g  2025 healthy   6.2 over 8 g, all   4.9 over 14 g (6 hurt)  -> prior   4.3 (+0.67)
    Dalton Kincaid           TE BUF  Clay   7.4/g  2025 healthy  10.1 over 8 g, all   8.9 over 12 g (4 hurt)  -> prior   8.0 (+0.60)
    Michael Mayer            TE LV   Clay   3.9/g  2025 healthy   5.8 over 9 g, all   4.7 over 12 g (3 hurt)  -> prior   4.4 (+0.57)
    A.J. Barner              TE SEA  Clay   5.4/g  2025 healthy   8.3 over 14 g, all   7.1 over 17 g (3 hurt)  -> prior   6.0 (+0.57)
    Daniel Bellinger         TE TEN  Clay   1.2/g  2025 healthy   5.6 over 7 g, all   4.4 over 11 g (4 hurt)  -> prior   1.8 (+0.57)
    Darnell Washington       TE PIT  Clay   3.3/g  2025 healthy   5.5 over 9 g, all   4.5 over 13 g (4 hurt)  -> prior   3.9 (+0.53)
    Brock Bowers             TE LV   Clay  11.2/g  2025 healthy  13.0 over 9 g, all  12.0 over 12 g (3 hurt)  -> prior  11.7 (+0.51)
    Dontayvion Wicks         WR PHI  Clay   5.2/g  2025 healthy   5.6 over 10 g, all   4.7 over 13 g (3 hurt)  -> prior   5.7 (+0.47)
    Xavier Hutchinson        WR HOU  Clay   4.4/g  2025 healthy   6.0 over 13 g, all   5.0 over 16 g (3 hurt)  -> prior   4.8 (+0.47)
    Mike Gesicki             TE CIN  Clay   4.6/g  2025 healthy   5.6 over 8 g, all   4.7 over 12 g (4 hurt)  -> prior   5.0 (+0.46)
    Cole Kmet                TE CHI  Clay   2.5/g  2025 healthy   4.8 over 12 g, all   4.0 over 16 g (4 hurt)  -> prior   2.9 (+0.39)
    Pat Bryant               WR DEN  Clay   3.5/g  2025 healthy   5.7 over 9 g, all   4.9 over 12 g (3 hurt)  -> prior   3.8 (+0.38)
    Jack Bech                WR LV   Clay   3.2/g  2025 healthy   3.2 over 8 g, all   2.7 over 12 g (4 hurt)  -> prior   3.4 (+0.26)
    Charlie Kolar            TE LAC  Clay   1.7/g  2025 healthy   3.3 over 8 g, all   2.8 over 11 g (3 hurt)  -> prior   1.9 (+0.24)
    Jordan Addison           WR MIN  Clay   8.3/g  2025 healthy   8.6 over 11 g, all   8.1 over 14 g (3 hurt)  -> prior   8.5 (+0.23)
    Chris Godwin             WR TB   Clay   7.5/g  2025 healthy   7.8 over 4 g, all   7.4 over 9 g (5 hurt)  -> prior   7.7 (+0.21)
    Jordan Whittington       WR LAR  Clay   1.1/g  2025 healthy   2.4 over 10 g, all   2.1 over 13 g (3 hurt)  -> prior   1.2 (+0.15)
    Cooper Kupp              WR SEA  Clay   4.8/g  2025 healthy   6.1 over 9 g, all   5.9 over 16 g (7 hurt)  -> prior   4.9 (+0.11)
    Dawson Knox              TE BUF  Clay   3.3/g  2025 healthy   5.4 over 13 g, all   5.4 over 16 g (3 hurt)  -> prior   3.3 (+0.04)
    Dalton Schultz           TE HOU  Clay   6.1/g  2025 healthy   8.0 over 14 g, all   8.0 over 17 g (3 hurt)  -> prior   6.1 (-0.01)
    Juwan Johnson            TE NO   Clay   6.7/g  2025 healthy   8.3 over 14 g, all   8.3 over 17 g (3 hurt)  -> prior   6.7 (-0.03)
    DK Metcalf               WR PIT  Clay   9.6/g  2025 healthy  10.5 over 12 g, all  10.5 over 15 g (3 hurt)  -> prior   9.6 (-0.03)
    George Kittle            TE SF   Clay   9.1/g  2025 healthy  12.0 over 8 g, all  12.1 over 11 g (3 hurt)  -> prior   9.0 (-0.04)
    Isaiah Bond              WR CLE  Clay   1.7/g  2025 healthy   3.0 over 11 g, all   3.0 over 15 g (4 hurt)  -> prior   1.7 (-0.04)
    Chris Olave              WR NO   Clay  12.0/g  2025 healthy  13.4 over 12 g, all  13.7 over 16 g (4 hurt)  -> prior  11.9 (-0.14)
    Jaylin Lane              WR WAS  Clay   1.4/g  2025 healthy   2.9 over 10 g, all   3.2 over 13 g (3 hurt)  -> prior   1.2 (-0.16)
    Puka Nacua               WR LAR  Clay  17.2/g  2025 healthy  18.8 over 12 g, all  19.4 over 16 g (4 hurt)  -> prior  16.9 (-0.30)
    Kalif Raymond            WR CHI  Clay   2.3/g  2025 healthy   3.8 over 8 g, all   4.6 over 12 g (4 hurt)  -> prior   1.9 (-0.38)
    Kavontae Turpin          WR DAL  Clay   3.4/g  2025 healthy   3.8 over 10 g, all   4.8 over 15 g (5 hurt)  -> prior   2.9 (-0.49)
