  2019: samples so far 1946
  2020: samples so far 4039
  2021: samples so far 6612
  2022: samples so far 9294
  2023: samples so far 12496
  2024: samples so far 15871
  2025: samples so far 18940
  skipped: {'weekly': 375, 'team': 270}
  2019: samples so far 1946
  2020: samples so far 4039
  2021: samples so far 6612
  2022: samples so far 9294
  2023: samples so far 12496
  2024: samples so far 15871
  2025: samples so far 18940
  skipped: {'weekly': 375, 'team': 270}
=== REST-OF-SEASON BLEND: 6,741 top-150 player-weeks 2019-25 with 4+ games left (games 1-10 played), target = actual average over the remaining games ===
    level actual / projected: TODAY 0.986  shadow 1.018  wired blend 1.008

--- 1  LADDER vs TODAY (live form) on the season horizon, whole board ---
  blend w 0.0 (TODAY)                error  +0.00% (0/7) | rho 0.5929 (+0.0000, 0/7) | pairs 73.25% (+0.00) | level 0.986
  blend w 0.3                        error  -2.94% (7/7) | rho 0.6037 (+0.0108, 7/7) | pairs 73.70% (+0.45) | level 0.996
  blend w 0.5                        error  -3.71% (7/7) | rho 0.6038 (+0.0109, 5/7) | pairs 73.79% (+0.54) | level 1.002
  blend w 0.7                        error  -3.53% (7/7) | rho 0.6011 (+0.0082, 4/7) | pairs 73.69% (+0.44) | level 1.008
  blend w 0.8                        error  -3.09% (6/7) | rho 0.5989 (+0.0061, 4/7) | pairs 73.61% (+0.36) | level 1.011
  blend w 0.9                        error  -2.40% (5/7) | rho 0.5939 (+0.0010, 3/7) | pairs 73.43% (+0.17) | level 1.015
  blend w 1.0 (shadow alone)         error  -1.48% (4/7) | rho 0.5907 (-0.0021, 2/7) | pairs 73.29% (+0.04) | level 1.018
  wired per-position .5/.8/.7/0      error  -3.96% (7/7) | rho 0.6035 (+0.0106, 5/7) | pairs 73.65% (+0.40) | level 1.008

--- 2  BY POSITION: shadow alone and the wired weight vs TODAY; best fixed weight on the season horizon ---
  QB (n1078): best weight on error 0.5, on rank 0.5
     shadow alone                    error  +1.63% (3/7) | rho 0.4929 (+0.0079, 5/7) | pairs 68.04% (+0.81) | level 0.996
     wired w 0.5                     error  -2.85% (5/7) | rho 0.5019 (+0.0169, 5/7) | pairs 68.27% (+1.04) | level 0.996
     best on error w 0.5             error  -2.85% (5/7) | rho 0.5019 (+0.0169, 5/7) | pairs 68.27% (+1.04) | level 0.996
  RB (n2140): best weight on error 0.7, on rank 0.5
     shadow alone                    error  -4.56% (4/7) | rho 0.6600 (-0.0057, 3/7) | pairs 75.10% (-0.18) | level 1.025
     wired w 0.8                     error  -5.61% (4/7) | rho 0.6672 (+0.0014, 4/7) | pairs 75.31% (+0.03) | level 1.013
     best on error w 0.7             error  -5.77% (5/7) | rho 0.6701 (+0.0043, 4/7) | pairs 75.45% (+0.17) | level 1.008
  WR (n2716): best weight on error 0.5, on rank 0.8
     shadow alone                    error  -2.15% (5/7) | rho 0.6174 (+0.0158, 4/7) | pairs 73.05% (+0.12) | level 1.021
     wired w 0.7                     error  -3.79% (6/7) | rho 0.6236 (+0.0220, 6/7) | pairs 73.50% (+0.56) | level 1.010
     best on error w 0.5             error  -3.79% (6/7) | rho 0.6230 (+0.0214, 7/7) | pairs 73.65% (+0.71) | level 1.004
  TE (n807): best weight on error 0.0, on rank 0.3
     shadow alone                    error  +7.87% (2/7) | rho 0.5843 (-0.0319, 2/7) | pairs 72.15% (-0.78) | level 1.044
     wired w 0.0                     error  +0.00% (0/7) | rho 0.6162 (+0.0000, 0/7) | pairs 72.93% (+0.00) | level 1.019
     best on error w 0.0             error  +0.00% (0/7) | rho 0.6162 (+0.0000, 0/7) | pairs 72.93% (+0.00) | level 1.019

--- 3  BY ADP BAND and GAMES PLAYED, shadow alone vs TODAY (where is Clay still needed for the season number) ---
  ADP 1-30                           error  -3.93% (4/7) | rho 0.3723 (+0.0251, 5/7) | pairs 63.67% (+0.04) | level 1.001
  31-60                              error  +5.73% (1/7) | rho 0.2752 (+0.0274, 4/7) | pairs 61.63% (+1.03) | level 1.035
  61-100                             error  +0.97% (4/7) | rho 0.4412 (-0.0452, 3/7) | pairs 65.49% (-2.88) | level 1.033
  101-150                            error  -5.57% (5/7) | rho 0.4905 (+0.0137, 6/7) | pairs 68.95% (+0.60) | level 1.006
  games 1-3                          error  +0.67% (3/7) | rho 0.6230 (-0.0119, 3/7) | pairs 73.53% (-0.21) | level 1.025
  games 4-6                          error  -2.98% (5/7) | rho 0.5966 (-0.0040, 3/7) | pairs 73.45% (-0.19) | level 1.014
  games 7-10                         error  -1.94% (6/7) | rho 0.5458 (+0.0058, 3/7) | pairs 71.91% (+0.46) | level 1.014
  rookies                            error  +7.12% (1/7) | rho 0.8810 (+0.0476, 1/7) | pairs 85.71% (+3.57) | level 1.077

--- 4  WEIGHT PICKED LEAVE-ONE-SEASON-OUT and FORWARD per position (error), season horizon ---
  LOYO    : error -3.01% vs TODAY, +0.99% vs the wired weights | rho +0.0076 vs TODAY, -0.0029 vs wired | picks QB [0.5, 0.5, 0.3, 0.5, 0.5, 0.3, 0.5] | RB [0.7, 0.5, 0.7, 0.7, 0.5, 0.8, 0.7] | WR [0.5, 0.5, 0.5, 0.5, 0.7, 0.7, 0.7] | TE [0.0, 0.3, 0.0, 0.0, 0.0, 0.0, 0.3]
  forward : error -2.23% vs TODAY, +0.81% vs the wired weights | rho +0.0079 vs TODAY, -0.0028 vs wired | picks QB [0.3, 0.3, 0.3, 0.5] | RB [0.9, 0.8, 0.9, 0.7] | WR [0.8, 1.0, 0.7, 0.7] | TE [0.0, 0.0, 0.0, 0.3]

Limitations: both forms rescaled from this week's context to the mean future context (same convention for both); book anchor / docks / prior lift not replayed; rest-of-season structure layers (ROS tilt, shadow v2.26-28) not in either replica.
