=== what the Clay-free model misses in season: 13932 player-weeks (2+ games played, shadow 4+), 2019-25 ===
  overall actual / projected 0.998; by position: QB 0.983  RB 1.003  TE 1.041  WR 0.992

--- ALL in-season weeks (2+ games played) ('<<<' = |t| >= 3 and 6+ of 7 seasons on one side of the position's own level) ---
  QB (position level 0.983, n 2225)
    hot start: 130%+ of his prior so far         n   177  actual / projected 0.997  (-0.06 pts, t  -0.1)  seasons above the position's level 2/4  avg proj 21.0
    cold start: under 70% of his prior           n   154  actual / projected 1.028  (+0.38 pts, t  +0.6)  seasons above the position's level 3/4  avg proj 13.4
    rookie                                       n   239  actual / projected 1.027  (+0.41 pts, t  +0.8)  seasons above the position's level 4/6  avg proj 15.4
    2nd year                                     n   340  actual / projected 1.000  (-0.00 pts, t  -0.0)  seasons above the position's level 3/7  avg proj 17.2
    years 3-6                                    n   850  actual / projected 0.982  (-0.34 pts, t  -1.3)  seasons above the position's level 5/7  avg proj 18.7
    year 8+                                      n   620  actual / projected 0.953  (-0.83 pts, t  -2.9)  seasons above the position's level 2/7  avg proj 17.9
    age 30+                                      n   486  actual / projected 0.956  (-0.78 pts, t  -2.5)  seasons above the position's level 2/7  avg proj 17.8
    age 23 or younger                            n   516  actual / projected 1.016  (+0.27 pts, t  +0.8)  seasons above the position's level 6/7  avg proj 17.1
    ADP top 36                                   n   222  actual / projected 0.955  (-1.01 pts, t  -1.8)  seasons above the position's level 4/6  avg proj 22.6
    ADP 37-100                                   n   666  actual / projected 1.000  (+0.01 pts, t  +0.0)  seasons above the position's level 6/7  avg proj 19.8
    ADP 101-180                                  n   894  actual / projected 1.001  (+0.01 pts, t  +0.0)  seasons above the position's level 6/7  avg proj 16.6
    no ADP                                       n   443  actual / projected 0.927  (-1.10 pts, t  -3.1)  seasons above the position's level 2/7  avg proj 15.0
    changed teams                                n   272  actual / projected 0.896  (-1.63 pts, t  -3.6)  seasons above the position's level 0/5  avg proj 15.6  <<<
    new play-caller                              n   992  actual / projected 0.994  (-0.11 pts, t  -0.4)  seasons above the position's level 5/7  avg proj 17.4
    team implied 26+                             n   548  actual / projected 1.004  (+0.08 pts, t  +0.2)  seasons above the position's level 4/7  avg proj 21.0
    team implied under 19                        n   270  actual / projected 0.906  (-1.31 pts, t  -3.0)  seasons above the position's level 0/6  avg proj 13.9  <<<
    favorite by 6+                               n   334  actual / projected 0.952  (-0.73 pts, t  -1.9)  seasons above the position's level 3/7  avg proj 15.2
    underdog by 6+                               n   499  actual / projected 1.007  (+0.13 pts, t  +0.4)  seasons above the position's level 5/7  avg proj 19.8
  RB (position level 1.003, n 3652)
    hot start: 130%+ of his prior so far         n   753  actual / projected 0.987  (-0.17 pts, t  -0.6)  seasons above the position's level 4/7  avg proj 13.2
    cold start: under 70% of his prior           n   656  actual / projected 0.973  (-0.19 pts, t  -0.8)  seasons above the position's level 4/7  avg proj  6.9
    scoring 3+ a game ABOVE usage (xFP)          n   463  actual / projected 1.008  (+0.11 pts, t  +0.3)  seasons above the position's level 4/7  avg proj 14.1
    scoring 3+ a game BELOW usage                n   282  actual / projected 0.972  (-0.29 pts, t  -0.7)  seasons above the position's level 3/7  avg proj 10.4
    snap share rising (last game +8 vs season)   n   912  actual / projected 1.095  (+1.01 pts, t  +4.1)  seasons above the position's level 7/7  avg proj 10.6  <<<
    snap share falling (-8)                      n   762  actual / projected 0.891  (-1.13 pts, t  -5.0)  seasons above the position's level 0/7  avg proj 10.4  <<<
    carry share 60%+                             n  1292  actual / projected 1.021  (+0.30 pts, t  +1.4)  seasons above the position's level 5/7  avg proj 14.0
    carry share under 30%                        n   852  actual / projected 0.931  (-0.42 pts, t  -2.3)  seasons above the position's level 1/7  avg proj  6.1
    pass-catching back: target share 12%+        n   940  actual / projected 0.977  (-0.31 pts, t  -1.2)  seasons above the position's level 1/7  avg proj 13.4
    goal-line share 60%+                         n  1548  actual / projected 0.995  (-0.07 pts, t  -0.3)  seasons above the position's level 4/7  avg proj 13.1
    carry share trending up (+8)                 n   510  actual / projected 1.104  (+1.10 pts, t  +3.4)  seasons above the position's level 7/7  avg proj 10.6  <<<
    carry share trending down (-8)               n   380  actual / projected 0.854  (-1.47 pts, t  -4.7)  seasons above the position's level 1/7  avg proj 10.1  <<<
    rookie                                       n   608  actual / projected 1.049  (+0.44 pts, t  +1.7)  seasons above the position's level 5/7  avg proj  8.9
    2nd year                                     n   628  actual / projected 1.036  (+0.36 pts, t  +1.3)  seasons above the position's level 4/7  avg proj  9.9
    years 3-6                                    n  1823  actual / projected 0.992  (-0.09 pts, t  -0.5)  seasons above the position's level 3/7  avg proj 11.2
    year 8+                                      n   286  actual / projected 0.976  (-0.27 pts, t  -0.6)  seasons above the position's level 2/4  avg proj 11.1
    age 30+                                      n   124  actual / projected 1.010  (+0.11 pts, t  +0.2)  seasons above the position's level 1/4  avg proj 10.5
    age 23 or younger                            n  1165  actual / projected 1.026  (+0.26 pts, t  +1.3)  seasons above the position's level 5/7  avg proj 10.1
    ADP top 36                                   n  1105  actual / projected 1.019  (+0.28 pts, t  +1.1)  seasons above the position's level 4/7  avg proj 14.9
    ADP 37-100                                   n  1055  actual / projected 1.005  (+0.05 pts, t  +0.3)  seasons above the position's level 2/7  avg proj 10.2
    ADP 101-180                                  n   988  actual / projected 0.980  (-0.16 pts, t  -0.8)  seasons above the position's level 3/7  avg proj  8.0
    no ADP                                       n   504  actual / projected 0.976  (-0.16 pts, t  -0.6)  seasons above the position's level 2/7  avg proj  6.5
    changed teams                                n   511  actual / projected 0.990  (-0.09 pts, t  -0.3)  seasons above the position's level 1/5  avg proj  9.3
    new play-caller                              n  1533  actual / projected 1.015  (+0.15 pts, t  +0.9)  seasons above the position's level 6/7  avg proj 10.3
    2nd string or lower on the chart             n  1406  actual / projected 1.004  (+0.03 pts, t  +0.2)  seasons above the position's level 3/7  avg proj  7.4
    vacated-role week (teammate out)             n  1016  actual / projected 1.019  (+0.22 pts, t  +0.9)  seasons above the position's level 5/7  avg proj 11.2
    team implied 26+                             n   736  actual / projected 1.014  (+0.17 pts, t  +0.6)  seasons above the position's level 4/7  avg proj 12.0
    team implied under 19                        n   603  actual / projected 1.042  (+0.38 pts, t  +1.5)  seasons above the position's level 6/7  avg proj  9.1
    favorite by 6+                               n   609  actual / projected 1.039  (+0.36 pts, t  +1.4)  seasons above the position's level 5/7  avg proj  9.4
    underdog by 6+                               n   715  actual / projected 1.006  (+0.07 pts, t  +0.3)  seasons above the position's level 3/7  avg proj 11.8
  WR (position level 0.992, n 5772)
    hot start: 130%+ of his prior so far         n  1220  actual / projected 0.998  (-0.02 pts, t  -0.1)  seasons above the position's level 4/7  avg proj 10.0
    cold start: under 70% of his prior           n   972  actual / projected 0.897  (-0.72 pts, t  -4.1)  seasons above the position's level 2/7  avg proj  7.0
    scoring 3+ a game ABOVE usage (xFP)          n   822  actual / projected 1.027  (+0.30 pts, t  +1.2)  seasons above the position's level 6/7  avg proj 11.1
    scoring 3+ a game BELOW usage                n   353  actual / projected 0.921  (-0.67 pts, t  -2.1)  seasons above the position's level 1/7  avg proj  8.5
    snap share rising (last game +8 vs season)   n  1361  actual / projected 1.015  (+0.13 pts, t  +0.8)  seasons above the position's level 5/7  avg proj  8.6
    snap share falling (-8)                      n  1013  actual / projected 0.914  (-0.73 pts, t  -3.9)  seasons above the position's level 2/7  avg proj  8.5
    target share 24%+                            n  1589  actual / projected 1.022  (+0.27 pts, t  +1.4)  seasons above the position's level 6/7  avg proj 12.3
    target share under 12%                       n  1026  actual / projected 0.882  (-0.66 pts, t  -4.3)  seasons above the position's level 1/7  avg proj  5.6  <<<
    target share trending up (last 3 vs season +4) n   655  actual / projected 1.089  (+0.85 pts, t  +3.0)  seasons above the position's level 6/7  avg proj  9.5  <<<
    target share trending down (-4)              n   538  actual / projected 1.001  (+0.01 pts, t  +0.0)  seasons above the position's level 3/7  avg proj  9.7
    deep role: air-yard share 35%+               n   955  actual / projected 1.013  (+0.16 pts, t  +0.6)  seasons above the position's level 5/7  avg proj 12.2
    rookie                                       n   850  actual / projected 0.981  (-0.15 pts, t  -0.7)  seasons above the position's level 5/7  avg proj  8.1
    2nd year                                     n   939  actual / projected 0.988  (-0.10 pts, t  -0.5)  seasons above the position's level 5/7  avg proj  8.6
    years 3-6                                    n  2862  actual / projected 0.999  (-0.01 pts, t  -0.1)  seasons above the position's level 4/7  avg proj  9.2
    year 8+                                      n   702  actual / projected 0.994  (-0.07 pts, t  -0.3)  seasons above the position's level 3/7  avg proj 10.4
    age 30+                                      n   366  actual / projected 0.951  (-0.49 pts, t  -1.4)  seasons above the position's level 1/6  avg proj 10.1
    age 23 or younger                            n  1937  actual / projected 1.000  (+0.00 pts, t  +0.0)  seasons above the position's level 5/7  avg proj  8.8
    ADP top 36                                   n  1048  actual / projected 1.015  (+0.20 pts, t  +0.8)  seasons above the position's level 5/7  avg proj 13.4
    ADP 37-100                                   n  1657  actual / projected 1.033  (+0.34 pts, t  +2.0)  seasons above the position's level 6/7  avg proj 10.4
    ADP 101-180                                  n  1461  actual / projected 0.960  (-0.31 pts, t  -2.0)  seasons above the position's level 2/7  avg proj  7.7
    no ADP                                       n  1606  actual / projected 0.927  (-0.46 pts, t  -3.5)  seasons above the position's level 2/7  avg proj  6.4
    changed teams                                n   798  actual / projected 1.021  (+0.18 pts, t  +0.8)  seasons above the position's level 4/7  avg proj  8.4
    new play-caller                              n  2446  actual / projected 0.995  (-0.04 pts, t  -0.3)  seasons above the position's level 3/7  avg proj  9.0
    2nd string or lower on the chart             n   940  actual / projected 0.953  (-0.29 pts, t  -1.7)  seasons above the position's level 4/7  avg proj  6.1
    vacated-role week (teammate out)             n  2794  actual / projected 0.979  (-0.18 pts, t  -1.5)  seasons above the position's level 2/7  avg proj  8.8
    team implied 26+                             n  1299  actual / projected 0.995  (-0.05 pts, t  -0.3)  seasons above the position's level 3/7  avg proj 10.2
    team implied under 19                        n   879  actual / projected 0.936  (-0.50 pts, t  -2.6)  seasons above the position's level 1/7  avg proj  7.9
    favorite by 6+                               n   944  actual / projected 0.981  (-0.16 pts, t  -0.8)  seasons above the position's level 4/7  avg proj  8.2
    underdog by 6+                               n  1194  actual / projected 0.982  (-0.18 pts, t  -0.9)  seasons above the position's level 4/7  avg proj  9.8
  TE (position level 1.041, n 2283)
    hot start: 130%+ of his prior so far         n   538  actual / projected 1.011  (+0.09 pts, t  +0.4)  seasons above the position's level 2/7  avg proj  8.1
    cold start: under 70% of his prior           n   398  actual / projected 1.029  (+0.17 pts, t  +0.7)  seasons above the position's level 3/7  avg proj  5.8
    scoring 3+ a game ABOVE usage (xFP)          n   215  actual / projected 0.973  (-0.24 pts, t  -0.6)  seasons above the position's level 1/5  avg proj  8.9
    snap share rising (last game +8 vs season)   n   548  actual / projected 1.118  (+0.81 pts, t  +3.4)  seasons above the position's level 4/7  avg proj  6.9
    snap share falling (-8)                      n   397  actual / projected 0.979  (-0.14 pts, t  -0.5)  seasons above the position's level 2/7  avg proj  6.7
    target share 24%+                            n   186  actual / projected 1.044  (+0.47 pts, t  +0.9)  seasons above the position's level 4/5  avg proj 10.8
    target share under 12%                       n   648  actual / projected 0.959  (-0.22 pts, t  -1.2)  seasons above the position's level 1/7  avg proj  5.4
    target share trending up (last 3 vs season +4) n   292  actual / projected 1.077  (+0.55 pts, t  +1.7)  seasons above the position's level 3/7  avg proj  7.1
    rookie                                       n   243  actual / projected 1.040  (+0.27 pts, t  +0.8)  seasons above the position's level 4/5  avg proj  6.7
    2nd year                                     n   260  actual / projected 1.071  (+0.48 pts, t  +1.5)  seasons above the position's level 3/6  avg proj  6.7
    years 3-6                                    n  1121  actual / projected 1.026  (+0.19 pts, t  +1.1)  seasons above the position's level 1/7  avg proj  7.1
    year 8+                                      n   382  actual / projected 1.051  (+0.41 pts, t  +1.4)  seasons above the position's level 2/6  avg proj  8.0
    age 30+                                      n   250  actual / projected 1.026  (+0.23 pts, t  +0.6)  seasons above the position's level 3/5  avg proj  8.7
    age 23 or younger                            n   474  actual / projected 1.059  (+0.41 pts, t  +1.6)  seasons above the position's level 3/7  avg proj  6.9
    ADP top 36                                   n   180  actual / projected 1.027  (+0.32 pts, t  +0.6)  seasons above the position's level 2/5  avg proj 11.7
    ADP 37-100                                   n   473  actual / projected 1.029  (+0.25 pts, t  +0.9)  seasons above the position's level 4/7  avg proj  8.6
    ADP 101-180                                  n   752  actual / projected 1.047  (+0.34 pts, t  +1.7)  seasons above the position's level 4/7  avg proj  7.1
    no ADP                                       n   878  actual / projected 1.049  (+0.27 pts, t  +1.6)  seasons above the position's level 3/7  avg proj  5.5
    changed teams                                n   315  actual / projected 1.030  (+0.18 pts, t  +0.6)  seasons above the position's level 2/6  avg proj  5.8
    new play-caller                              n   954  actual / projected 1.047  (+0.32 pts, t  +1.8)  seasons above the position's level 2/7  avg proj  6.7
    2nd string or lower on the chart             n   450  actual / projected 0.965  (-0.19 pts, t  -0.8)  seasons above the position's level 2/7  avg proj  5.5
    vacated-role week (teammate out)             n   951  actual / projected 1.029  (+0.22 pts, t  +1.2)  seasons above the position's level 3/7  avg proj  7.3
    team implied 26+                             n   525  actual / projected 1.044  (+0.36 pts, t  +1.3)  seasons above the position's level 2/7  avg proj  8.1
    team implied under 19                        n   333  actual / projected 1.089  (+0.57 pts, t  +1.9)  seasons above the position's level 5/6  avg proj  6.5
    favorite by 6+                               n   360  actual / projected 1.022  (+0.15 pts, t  +0.5)  seasons above the position's level 4/7  avg proj  6.7
    underdog by 6+                               n   511  actual / projected 1.035  (+0.27 pts, t  +1.1)  seasons above the position's level 3/7  avg proj  7.8

--- EARLY window: games 2-5 played (where 2026 is now) ('<<<' = |t| >= 3 and 6+ of 7 seasons on one side of the position's own level) ---
  QB (position level 0.976, n 808)
    2nd year                                     n   123  actual / projected 0.945  (-0.92 pts, t  -1.4)  seasons above the position's level 0/2  avg proj 16.6
    years 3-6                                    n   305  actual / projected 0.972  (-0.51 pts, t  -1.2)  seasons above the position's level 3/7  avg proj 18.5
    year 8+                                      n   219  actual / projected 0.959  (-0.71 pts, t  -1.5)  seasons above the position's level 2/6  avg proj 17.5
    age 30+                                      n   173  actual / projected 0.953  (-0.82 pts, t  -1.5)  seasons above the position's level 2/6  avg proj 17.4
    age 23 or younger                            n   185  actual / projected 1.001  (+0.02 pts, t  +0.0)  seasons above the position's level 5/7  avg proj 16.4
    ADP 37-100                                   n   230  actual / projected 1.001  (+0.02 pts, t  +0.0)  seasons above the position's level 4/7  avg proj 19.7
    ADP 101-180                                  n   312  actual / projected 1.005  (+0.08 pts, t  +0.2)  seasons above the position's level 5/7  avg proj 16.3
    no ADP                                       n   194  actual / projected 0.885  (-1.66 pts, t  -3.0)  seasons above the position's level 1/5  avg proj 14.5
    new play-caller                              n   353  actual / projected 0.990  (-0.17 pts, t  -0.5)  seasons above the position's level 5/7  avg proj 16.8
    team implied 26+                             n   170  actual / projected 1.006  (+0.12 pts, t  +0.2)  seasons above the position's level 5/5  avg proj 20.9
    team implied under 19                        n   122  actual / projected 0.860  (-1.90 pts, t  -2.9)  seasons above the position's level 1/3  avg proj 13.6
    favorite by 6+                               n   136  actual / projected 0.919  (-1.20 pts, t  -1.8)  seasons above the position's level 1/2  avg proj 14.9
    underdog by 6+                               n   139  actual / projected 0.974  (-0.50 pts, t  -0.9)  seasons above the position's level 1/3  avg proj 19.5
  RB (position level 1.001, n 1301)
    hot start: 130%+ of his prior so far         n   272  actual / projected 0.986  (-0.18 pts, t  -0.4)  seasons above the position's level 5/6  avg proj 12.5
    cold start: under 70% of his prior           n   356  actual / projected 0.971  (-0.20 pts, t  -0.6)  seasons above the position's level 4/7  avg proj  7.1
    scoring 3+ a game ABOVE usage (xFP)          n   185  actual / projected 0.998  (-0.03 pts, t  -0.1)  seasons above the position's level 2/5  avg proj 13.1
    scoring 3+ a game BELOW usage                n   178  actual / projected 0.960  (-0.43 pts, t  -0.8)  seasons above the position's level 1/6  avg proj 10.8
    snap share rising (last game +8 vs season)   n   287  actual / projected 1.070  (+0.71 pts, t  +1.6)  seasons above the position's level 6/7  avg proj 10.0
    snap share falling (-8)                      n   228  actual / projected 0.893  (-1.08 pts, t  -2.6)  seasons above the position's level 0/6  avg proj 10.1
    carry share 60%+                             n   430  actual / projected 1.059  (+0.80 pts, t  +2.1)  seasons above the position's level 5/7  avg proj 13.5
    carry share under 30%                        n   363  actual / projected 0.862  (-0.86 pts, t  -3.2)  seasons above the position's level 1/7  avg proj  6.2  <<<
    pass-catching back: target share 12%+        n   341  actual / projected 0.999  (-0.01 pts, t  -0.0)  seasons above the position's level 4/7  avg proj 13.0
    goal-line share 60%+                         n   525  actual / projected 1.023  (+0.29 pts, t  +0.9)  seasons above the position's level 4/7  avg proj 12.6
    rookie                                       n   221  actual / projected 1.032  (+0.27 pts, t  +0.6)  seasons above the position's level 3/7  avg proj  8.4
    2nd year                                     n   227  actual / projected 0.982  (-0.16 pts, t  -0.4)  seasons above the position's level 3/7  avg proj  9.2
    years 3-6                                    n   643  actual / projected 1.008  (+0.09 pts, t  +0.3)  seasons above the position's level 3/7  avg proj 10.9
    age 23 or younger                            n   433  actual / projected 0.987  (-0.12 pts, t  -0.4)  seasons above the position's level 2/7  avg proj  9.5
    ADP top 36                                   n   372  actual / projected 1.049  (+0.71 pts, t  +1.7)  seasons above the position's level 4/7  avg proj 14.7
    ADP 37-100                                   n   369  actual / projected 0.981  (-0.19 pts, t  -0.6)  seasons above the position's level 2/7  avg proj 10.0
    ADP 101-180                                  n   373  actual / projected 0.960  (-0.30 pts, t  -0.9)  seasons above the position's level 3/7  avg proj  7.4
    no ADP                                       n   187  actual / projected 0.946  (-0.34 pts, t  -0.8)  seasons above the position's level 2/5  avg proj  6.3
    changed teams                                n   183  actual / projected 1.033  (+0.29 pts, t  +0.6)  seasons above the position's level 2/4  avg proj  8.8
    new play-caller                              n   542  actual / projected 1.007  (+0.07 pts, t  +0.2)  seasons above the position's level 3/7  avg proj  9.6
    2nd string or lower on the chart             n   557  actual / projected 0.955  (-0.32 pts, t  -1.3)  seasons above the position's level 1/7  avg proj  7.1
    vacated-role week (teammate out)             n   279  actual / projected 1.042  (+0.44 pts, t  +1.0)  seasons above the position's level 4/6  avg proj 10.4
    team implied 26+                             n   237  actual / projected 0.983  (-0.19 pts, t  -0.4)  seasons above the position's level 3/7  avg proj 11.1
    team implied under 19                        n   182  actual / projected 1.014  (+0.12 pts, t  +0.3)  seasons above the position's level 2/4  avg proj  8.6
    favorite by 6+                               n   200  actual / projected 1.027  (+0.25 pts, t  +0.5)  seasons above the position's level 3/6  avg proj  9.0
    underdog by 6+                               n   211  actual / projected 0.973  (-0.31 pts, t  -0.6)  seasons above the position's level 3/7  avg proj 11.4
  WR (position level 0.980, n 2057)
    hot start: 130%+ of his prior so far         n   500  actual / projected 1.020  (+0.19 pts, t  +0.6)  seasons above the position's level 5/7  avg proj  9.5
    cold start: under 70% of his prior           n   491  actual / projected 0.909  (-0.66 pts, t  -2.6)  seasons above the position's level 3/7  avg proj  7.3
    scoring 3+ a game ABOVE usage (xFP)          n   393  actual / projected 1.026  (+0.27 pts, t  +0.8)  seasons above the position's level 5/7  avg proj 10.3
    scoring 3+ a game BELOW usage                n   197  actual / projected 0.886  (-1.04 pts, t  -2.4)  seasons above the position's level 1/5  avg proj  9.1
    snap share rising (last game +8 vs season)   n   432  actual / projected 0.933  (-0.54 pts, t  -1.9)  seasons above the position's level 1/7  avg proj  8.0
    snap share falling (-8)                      n   304  actual / projected 0.932  (-0.56 pts, t  -1.7)  seasons above the position's level 3/7  avg proj  8.3
    target share 24%+                            n   528  actual / projected 1.019  (+0.23 pts, t  +0.7)  seasons above the position's level 5/7  avg proj 12.1
    target share under 12%                       n   456  actual / projected 0.854  (-0.85 pts, t  -3.9)  seasons above the position's level 1/7  avg proj  5.8  <<<
    deep role: air-yard share 35%+               n   326  actual / projected 0.992  (-0.10 pts, t  -0.2)  seasons above the position's level 4/7  avg proj 12.0
    rookie                                       n   309  actual / projected 0.887  (-0.88 pts, t  -2.8)  seasons above the position's level 1/7  avg proj  7.8
    2nd year                                     n   337  actual / projected 0.939  (-0.51 pts, t  -1.6)  seasons above the position's level 3/7  avg proj  8.4
    years 3-6                                    n  1003  actual / projected 1.009  (+0.08 pts, t  +0.4)  seasons above the position's level 5/7  avg proj  9.0
    year 8+                                      n   248  actual / projected 1.051  (+0.52 pts, t  +1.2)  seasons above the position's level 5/6  avg proj 10.2
    age 30+                                      n   134  actual / projected 0.984  (-0.16 pts, t  -0.3)  seasons above the position's level 2/3  avg proj 10.0
    age 23 or younger                            n   687  actual / projected 0.957  (-0.36 pts, t  -1.5)  seasons above the position's level 3/7  avg proj  8.4
    ADP top 36                                   n   357  actual / projected 1.017  (+0.22 pts, t  +0.5)  seasons above the position's level 5/7  avg proj 13.2
    ADP 37-100                                   n   555  actual / projected 1.022  (+0.22 pts, t  +0.8)  seasons above the position's level 5/7  avg proj 10.2
    ADP 101-180                                  n   532  actual / projected 0.911  (-0.68 pts, t  -2.8)  seasons above the position's level 2/7  avg proj  7.6
    no ADP                                       n   613  actual / projected 0.946  (-0.33 pts, t  -1.5)  seasons above the position's level 2/7  avg proj  6.2
    changed teams                                n   278  actual / projected 1.020  (+0.16 pts, t  +0.4)  seasons above the position's level 3/6  avg proj  7.9
    new play-caller                              n   860  actual / projected 0.990  (-0.09 pts, t  -0.4)  seasons above the position's level 5/7  avg proj  8.7
    2nd string or lower on the chart             n   423  actual / projected 0.917  (-0.51 pts, t  -1.9)  seasons above the position's level 2/7  avg proj  6.1
    vacated-role week (teammate out)             n   791  actual / projected 0.962  (-0.32 pts, t  -1.5)  seasons above the position's level 3/7  avg proj  8.5
    team implied 26+                             n   432  actual / projected 1.018  (+0.18 pts, t  +0.5)  seasons above the position's level 4/7  avg proj 10.0
    team implied under 19                        n   274  actual / projected 0.864  (-1.04 pts, t  -3.4)  seasons above the position's level 1/5  avg proj  7.7  <<<
    favorite by 6+                               n   321  actual / projected 0.932  (-0.54 pts, t  -1.6)  seasons above the position's level 3/7  avg proj  7.9
    underdog by 6+                               n   369  actual / projected 0.937  (-0.59 pts, t  -1.9)  seasons above the position's level 3/7  avg proj  9.4
  TE (position level 1.030, n 814)
    hot start: 130%+ of his prior so far         n   193  actual / projected 0.959  (-0.32 pts, t  -0.8)  seasons above the position's level 2/7  avg proj  7.8
    cold start: under 70% of his prior           n   242  actual / projected 1.019  (+0.11 pts, t  +0.4)  seasons above the position's level 3/7  avg proj  6.0
    snap share rising (last game +8 vs season)   n   146  actual / projected 1.120  (+0.81 pts, t  +1.8)  seasons above the position's level 3/4  avg proj  6.7
    snap share falling (-8)                      n   143  actual / projected 0.984  (-0.10 pts, t  -0.2)  seasons above the position's level 1/5  avg proj  6.4
    target share under 12%                       n   299  actual / projected 0.928  (-0.39 pts, t  -1.4)  seasons above the position's level 2/7  avg proj  5.4
    years 3-6                                    n   406  actual / projected 1.061  (+0.42 pts, t  +1.5)  seasons above the position's level 5/7  avg proj  7.0
    year 8+                                      n   144  actual / projected 1.049  (+0.37 pts, t  +0.8)  seasons above the position's level 2/3  avg proj  7.5
    age 23 or younger                            n   160  actual / projected 1.020  (+0.13 pts, t  +0.3)  seasons above the position's level 2/4  avg proj  6.6
    ADP 37-100                                   n   175  actual / projected 1.001  (+0.00 pts, t  +0.0)  seasons above the position's level 2/6  avg proj  8.4
    ADP 101-180                                  n   261  actual / projected 1.088  (+0.60 pts, t  +1.8)  seasons above the position's level 5/7  avg proj  6.8
    no ADP                                       n   314  actual / projected 0.980  (-0.10 pts, t  -0.4)  seasons above the position's level 3/7  avg proj  5.2
    new play-caller                              n   335  actual / projected 1.004  (+0.03 pts, t  +0.1)  seasons above the position's level 3/7  avg proj  6.5
    2nd string or lower on the chart             n   186  actual / projected 0.906  (-0.51 pts, t  -1.5)  seasons above the position's level 0/5  avg proj  5.5
    vacated-role week (teammate out)             n   243  actual / projected 1.049  (+0.34 pts, t  +1.0)  seasons above the position's level 3/7  avg proj  7.0
    team implied 26+                             n   179  actual / projected 1.046  (+0.36 pts, t  +0.8)  seasons above the position's level 2/5  avg proj  7.8
    underdog by 6+                               n   159  actual / projected 0.941  (-0.43 pts, t  -1.0)  seasons above the position's level 1/4  avg proj  7.4

--- SIGNALS: residual (actual - shadow) vs 160 pre-kickoff metrics, 13946 matched in-season rows ---
    kept: |r| >= .05, same sign in 6+ of 7 seasons; '+' = players high on it BEAT the shadow, '-' = fall short; early = games 2-5
  QB (n 2225): 
    snap_l1                    r +0.093  (6/7 seasons)  early +0.078  n 2190
    snap_trend                 r +0.090  (7/7 seasons)  early +0.011  n 1988
    snapmult                   r +0.080  (6/7 seasons)  early +0.034  n 2225
    xfp_pg                     r +0.069  (6/7 seasons)  early +0.096  n 2225
    dropbacks_per_g            r -0.065  (7/7 seasons)  early -0.032  n 2213
    rz_car_per_g               r +0.063  (6/7 seasons)  early +0.065  n 1277
    team_change                r -0.063  (6/7 seasons)  early -0.031  n 1976
    precip                     r -0.060  (6/7 seasons)  early -0.077  n 2225
    pffr_elu_rush_mtf          r +0.055  (6/7 seasons)  early +0.079  n 2038
    pc_rb_tgt                  r +0.054  (7/7 seasons)  early +0.071  n 1549
    epa_per_rush               r +0.054  (6/7 seasons)  early +0.051  n 1277
  RB (n 3662): 
    snapmult                   r +0.126  (7/7 seasons)  early +0.069  n 3662
    snap_trend                 r +0.117  (7/7 seasons)  early +0.038  n 3230
    snap_l1                    r +0.104  (7/7 seasons)  early +0.134  n 3553
    car_trend                  r +0.099  (7/7 seasons)  early +0.038  n 3553
    car_sh_l3                  r +0.078  (7/7 seasons)  early +0.113  n 3553
    plays_pg_std               r -0.068  (7/7 seasons)  early -0.079  n 3662
    team_plays_per_g           r -0.065  (7/7 seasons)  early -0.075  n 3662
    rush_td_per_car            r -0.055  (7/7 seasons)  early -0.045  n 3529
  WR (n 5776): 
    snap_l1                    r +0.083  (7/7 seasons)  early +0.091  n 5628
    tgt_sh_l3                  r +0.064  (6/7 seasons)  early +0.065  n 5628
    yprr_man                   r +0.059  (6/7 seasons)  early +0.046  n 4782
    weather_mult               r +0.054  (6/7 seasons)  early +0.033  n 5776
    tgt_sh                     r +0.053  (7/7 seasons)  early +0.063  n 5628
    snap_std                   r +0.051  (7/7 seasons)  early +0.086  n 5628
    cond_mult                  r +0.051  (7/7 seasons)  early +0.048  n 5776
    snapmult                   r +0.051  (7/7 seasons)  early +0.020  n 5776
    target_share               r +0.051  (7/7 seasons)  early +0.062  n 5748
    pff_grades_offense         r +0.050  (6/7 seasons)  early +0.071  n 5736
    wind                       r -0.050  (6/7 seasons)  early -0.046  n 5776
  TE (n 2283): 
    snap_l1                    r +0.121  (7/7 seasons)  early +0.127  n 2249
    rec_td_per_tgt             r -0.100  (7/7 seasons)  early -0.104  n 2282
    td_luck_adj                r +0.092  (7/7 seasons)  early +0.117  n 2283
    snap_std                   r +0.082  (7/7 seasons)  early +0.096  n 2249
    team_neutral_pass_rate_std r -0.076  (6/7 seasons)  early -0.060  n 2283
    target_share               r +0.062  (6/7 seasons)  early +0.069  n 2282
    pc_rb1_car                 r -0.061  (6/7 seasons)  early -0.119  n 1615
    tgt_sh                     r +0.059  (6/7 seasons)  early +0.066  n 2249
    tgt_sh_l3                  r +0.055  (6/7 seasons)  early +0.066  n 2249
    team_pass_rate_std         r -0.055  (6/7 seasons)  early -0.032  n 2283
    pts_over_xfp               r -0.050  (6/7 seasons)  early -0.059  n 2283
