rows: 12858 player-weeks 2019-25 (live >= 5 half-PPR, 2+ games played); rest-of-season residual on 9567
analytic         shipped?                                    QB            RB            WR            TE   | next-game r / rest-of-season r per position
att_pg           -                                -0.101/-0.258 -0.014/+0.020 -0.002/+0.017 -0.005/-0.092
proe_std         rejected (pace)                  -0.042/-0.124 -0.016/-0.059 -0.026/-0.085 -0.078/-0.226
plays_pg_std     rejected (pace)                  -0.068/-0.183 -0.064/-0.119 -0.039/-0.056 -0.017/+0.033
ppg_py           -                                -0.047/-0.173 -0.028/-0.027 +0.008/+0.120 +0.001/+0.055
exp              -                                -0.023/-0.032 -0.049/-0.162 -0.039/-0.084 -0.025/-0.033
gl_car_sh        rejected (context)               -0.042/-0.123 -0.004/-0.010 -0.012/-0.035 -0.029/-0.159
fp_per_snap      -                                -0.075/-0.153 -0.027/-0.029 -0.021/+0.064 -0.069/-0.089
age              shadow age curve                 -0.011/-0.015 -0.045/-0.153 -0.035/-0.092 -0.032/-0.048
yprr_man         rejected                                     - +0.014/+0.050 +0.027/+0.150 -0.062/-0.063
snap_std         usage evidence (WR/TE); RB snap blend -0.013/-0.149 -0.015/-0.079 +0.000/+0.029 +0.019/+0.096
game_total       shadow QB tilt                   +0.019/-0.148 -0.031/-0.090 -0.000/-0.064 +0.002/-0.055
ol_rb_now        -                                -0.032/-0.120 -0.004/-0.018 -0.011/-0.039 -0.042/-0.143
car_sh           -                                -0.019/-0.083 +0.011/-0.013 -0.001/+0.011 -0.007/-0.137
wopr             -                                -0.004/+0.047 -0.040/-0.053 +0.008/+0.128 -0.027/+0.010
snap_trend       snapMult                         +0.033/+0.051 +0.120/+0.124 +0.046/+0.058 +0.059/+0.023
implied          vegasMult                        +0.014/-0.116 -0.042/-0.122 -0.005/-0.036 +0.030/+0.011
yprr_zone        -                                            - -0.003/+0.037 -0.008/+0.120 -0.034/-0.017
tgt_sh           -                                -0.007/+0.044 -0.037/-0.078 +0.007/+0.120 -0.025/+0.006
rz_car_sh        -                                -0.012/-0.076 +0.006/-0.029 -0.005/+0.011 -0.001/-0.119
xfp_pg           usage evidence (WR/TE) + shadow  -0.002/-0.052 -0.045/-0.105 -0.024/+0.053 -0.084/-0.118
rz_tgt_sh        rejected (context)               -0.012/-0.008 -0.024/-0.103 -0.013/+0.032 -0.057/-0.117
db_sh            -                                -0.034/-0.108 -0.018/+0.009 -0.001/+0.019 -0.006/-0.093
tgt_sh_l3        -                                -0.020/-0.010 -0.001/-0.031 +0.023/+0.106 -0.016/+0.036
snap_l1          snapMult                         +0.025/-0.059 +0.075/+0.006 +0.043/+0.054 +0.071/+0.099
ol_out_n         olOutDock                        -0.004/+0.042 -0.022/-0.036 -0.027/+0.011 +0.051/+0.099
ol_pb_now        -                                -0.047/-0.095 -0.012/-0.009 -0.001/+0.018 -0.038/-0.029
ay_sh            -                                -0.015/-0.068 -0.025/-0.014 -0.009/+0.090 -0.039/-0.011
tgt_sh_py        -                                +0.007/-0.007 -0.025/-0.016 +0.005/+0.090 -0.006/+0.004
car_trend        -                                +0.003/+0.008 +0.085/+0.081 +0.029/+0.024 +0.035/+0.055
draft_pick       shadow rookie prior              +0.013/-0.083 -0.015/-0.061 +0.015/-0.040 +0.026/+0.065
xfp_gap          -                                            - -0.004/-0.008 +0.012/-0.024 -0.012/-0.081
fpoe_pg          -                                            - +0.004/+0.008 -0.012/+0.024 +0.012/+0.081
car_sh_py        -                                -0.028/-0.081 -0.007/+0.030 -0.017/-0.017 +0.003/-0.024
man_gap_x_opp    rejected                                     - +0.018/+0.013 +0.033/+0.060 -0.032/-0.080
spread           rejected                         -0.009/-0.044 -0.019/-0.080 -0.008/+0.002 +0.029/+0.055
opp_implied      -                                +0.023/-0.038 -0.005/+0.006 +0.005/-0.038 -0.024/-0.077
ppg_over_clay    the blend itself                 +0.023/-0.020 +0.024/-0.037 +0.018/+0.076 -0.006/-0.002
jm               prospect model (rejected as input) -0.028/-0.013 +0.014/+0.075 -0.015/+0.064 -0.037/-0.068
ol_rb_drop       -                                +0.009/+0.031 -0.037/+0.010 -0.018/+0.003 +0.073/+0.072
temp             -                                +0.070/-0.032 -0.002/-0.038 +0.035/+0.011 -0.002/-0.026
xfp_pg_py        -                                -0.024/-0.070 -0.014/+0.017 -0.009/+0.062 -0.041/-0.051
car_sh_l3        -                                -0.011/-0.070 +0.051/+0.019 +0.008/+0.013 +0.020/-0.069
vac_car          opportunity pool                 -0.009/+0.038 +0.007/-0.069 -0.010/-0.015 -0.018/-0.030
td_luck          tdLuckAdj                        +0.023/+0.048 +0.014/+0.014 +0.003/-0.067 +0.009/+0.006
tgt_trend        -                                -0.026/-0.066 +0.052/+0.063 +0.032/-0.023 +0.019/+0.044
wind             weatherMult                      -0.044/+0.045 +0.013/+0.028 -0.039/+0.023 +0.008/+0.063
ol_q_n           -                                +0.001/-0.001 -0.005/+0.019 +0.019/-0.009 -0.022/+0.062
g                the blend itself                 -0.056/-0.022 -0.015/-0.012 -0.019/-0.017 +0.007/+0.037
inherit_car      pool                             +0.016/+0.031 +0.009/-0.040 +0.020/+0.038 +0.043/+0.055
rt_std           usage evidence (WR/TE); TE route trend             - +0.016/+0.047 +0.009/+0.048 -0.018/+0.011
ol_pb_drop       -                                +0.008/+0.010 -0.016/-0.009 -0.014/+0.001 +0.032/+0.043
inherit_tgt      pool                                         - +0.008/-0.043 +0.007/+0.014 +0.029/-0.018
vac_tgt          opportunity pool                 -0.015/+0.002 +0.019/-0.038 -0.002/-0.026 -0.002/-0.029
rt_l3            TE routeMult                                 - +0.012/+0.034 -0.003/-0.004 -0.024/-0.001
opp_man_std      rejected                         +0.024/-0.025 -0.029/-0.004 +0.022/+0.018 -0.014/-0.006
fp_per_route     -                                            -             -             -             -
rookie           rookieLevel                                  -             -             -             -
yr2              -                                            -             -             -             -
team_change      rejected (mover)                             -             -             -             -
new_hc           -                                            -             -             -             -
new_pc           rejected (pace)                              -             -             -             -
qb_out           backup-QB WR dock (shadow)                   -             -             -             -
rep_q            banged-up                                    -             -             -             -
prac_dnp         banged-up                                    -             -             -             -
prac_lim         banged-up                                    -             -             -             -
dome             rejected                                     -             -             -             -
precip           rejected (marginal)                          -             -             -             -

read: r > 0 = the projection is too LOW when the analytic is high. |r| >= .05 on these samples is real; most of what is real is already a shipped layer.

efficiency (FP per snap, FP per route, FPOE) - does it persist? Spearman of the season-to-date value entering game 6 with the value over the rest of the season:
  fp_per_snap    RB +0.76 (n=290)   WR +0.80 (n=463)   TE +0.77 (n=233)
  fp_per_route   RB -   WR -   TE -
  fpoe_pg        RB +0.69 (n=299)   WR +0.67 (n=480)   TE +0.74 (n=237)
  xfp_pg         RB +0.91 (n=299)   WR +0.90 (n=480)   TE +0.88 (n=237)
  ppg            RB +0.69 (n=299)   WR +0.68 (n=480)   TE +0.61 (n=237)
