=== TE SHADOW CORE: 1,252 top-150 TE player-weeks; usage-implied available on 1,147 rows (g >= 1: 99%) ===
    level actual / number, TE 4+ games: raw xFP 1.105  usage-implied 1.104  ppg_v 1.066  shadow 1.049  Clay form 1.036

--- NEXT GAME: 1,252 TE rows | shadow vs Clay form here +1.21% ---
  uimp lam .3                vs shadow  -0.30% (5/7) fwd  -0.88% (4/4) | vs Clay form  +0.91% | rho 0.3581 (+0.0017 vs shadow, -0.0137 vs Clay, 5/7) | pairs +0.16 | level 1.027
  uimp lam .5                vs shadow  -0.25% (4/7) fwd  -1.21% (3/4) | vs Clay form  +0.95% | rho 0.3578 (+0.0013 vs shadow, -0.0140 vs Clay, 5/7) | pairs +0.13 | level 1.029
  TD luck only               vs shadow  -0.61% (5/7) fwd  -0.70% (3/4) | vs Clay form  +0.60% | rho 0.3643 (+0.0079 vs shadow, -0.0074 vs Clay, 6/7) | pairs +0.39 | level 1.029
  uimp .3 + TD luck          vs shadow  -0.52% (4/7) fwd  -1.16% (3/4) | vs Clay form  +0.68% | rho 0.3639 (+0.0075 vs shadow, -0.0078 vs Clay, 5/7) | pairs +0.31 | level 1.031
  uimp .5 + TD luck          vs shadow  -0.32% (4/7) fwd  -1.32% (3/4) | vs Clay form  +0.89% | rho 0.3582 (+0.0018 vs shadow, -0.0135 vs Clay, 5/7) | pairs +0.02 | level 1.032
  uimp WR-fade + TD luck     vs shadow  -0.41% (3/7) fwd  -0.77% (2/4) | vs Clay form  +0.80% | rho 0.3584 (+0.0020 vs shadow, -0.0133 vs Clay, 5/7) | pairs +0.21 | level 1.031
  cuts (vs shadow / vs Clay), uimp .3 + TD luck:
    ADP <= 60    n 408 | vs shadow  -0.48% | vs Clay  +1.06% (shadow was  +1.54%)
    ADP 61-150   n 844 | vs shadow  -0.60% | vs Clay  +0.10% (shadow was  +0.70%)
    games 1-3    n 285 | vs shadow  -1.99% | vs Clay  -1.57% (shadow was  +0.42%)
    games 4-8    n 462 | vs shadow  -1.17% | vs Clay  +1.22% (shadow was  +2.42%)
    games 9+     n 410 | vs shadow  +0.88% | vs Clay  +2.11% (shadow was  +1.22%)
    rookies      n  90 | vs shadow  -1.23% | vs Clay  +0.58% (shadow was  +1.84%)
  pick LOYO    : error +0.02% vs shadow (3/7), +1.23% vs Clay form | rho +0.0086 | picks ['uimp .3 + TD luck', 'uimp .3 + TD luck', 'TD luck only', 'uimp WR-fade + TD luck', 'TD luck only', 'TD luck only', 'TD luck only']
  pick forward : error -0.70% vs shadow (3/4), -0.36% vs Clay form | rho +0.0123 | picks ['TD luck only', 'TD luck only', 'TD luck only', 'TD luck only']

--- REST OF SEASON (4+ games left): 807 TE rows | shadow vs Clay form here +7.87% ---
  uimp lam .3                vs shadow  -1.24% (3/7) fwd  -4.98% (2/4) | vs Clay form  +6.54% | rho 0.5656 (-0.0187 vs shadow, -0.0506 vs Clay, 0/7) | pairs -0.70 | level 1.046
  uimp lam .5                vs shadow  -1.20% (3/7) fwd  -7.37% (2/4) | vs Clay form  +6.57% | rho 0.5477 (-0.0366 vs shadow, -0.0685 vs Clay, 0/7) | pairs -1.20 | level 1.048
  TD luck only               vs shadow  -3.17% (4/7) fwd  -3.21% (2/4) | vs Clay form  +4.45% | rho 0.5663 (-0.0180 vs shadow, -0.0499 vs Clay, 3/7) | pairs -0.81 | level 1.049
  uimp .3 + TD luck          vs shadow  -2.72% (4/7) fwd  -6.42% (2/4) | vs Clay form  +4.93% | rho 0.5517 (-0.0326 vs shadow, -0.0645 vs Clay, 0/7) | pairs -1.20 | level 1.049
  uimp .5 + TD luck          vs shadow  -1.92% (4/7) fwd  -8.00% (2/4) | vs Clay form  +5.80% | rho 0.5412 (-0.0431 vs shadow, -0.0750 vs Clay, 1/7) | pairs -1.56 | level 1.050
  uimp WR-fade + TD luck     vs shadow  -1.44% (3/7) fwd  -7.38% (2/4) | vs Clay form  +6.32% | rho 0.5235 (-0.0608 vs shadow, -0.0927 vs Clay, 0/7) | pairs -2.09 | level 1.049
  cuts (vs shadow / vs Clay), uimp .3 + TD luck:
    ADP <= 60    n 261 | vs shadow  -3.62% | vs Clay  +6.16% (shadow was +10.15%)
    ADP 61-150   n 546 | vs shadow  -1.17% | vs Clay  +2.94% (shadow was  +4.15%)
    games 1-3    n 283 | vs shadow  -4.96% | vs Clay  +2.89% (shadow was  +8.26%)
    games 4-8    n 407 | vs shadow  -2.26% | vs Clay  +6.28% (shadow was  +8.74%)
    games 9+     n 117 | vs shadow  -1.03% | vs Clay  +4.17% (shadow was  +5.26%)
    rookies      n  58 | vs shadow  -3.05% | vs Clay +21.89% (shadow was +25.73%)
  pick LOYO    : error -1.37% vs shadow (4/7), +6.39% vs Clay form | rho -0.0233 | picks ['uimp .3 + TD luck', 'uimp .3 + TD luck', 'TD luck only', 'TD luck only', 'TD luck only', 'TD luck only', 'TD luck only']
  pick forward : error -3.21% vs shadow (2/4), -3.06% vs Clay form | rho -0.0347 | picks ['TD luck only', 'TD luck only', 'TD luck only', 'TD luck only']

Limitations: shadow replica (harness form + as-wired layers); the usage-implied coefficients are the live form's (fit on these seasons - the LOYO / forward picks are the honest read); book anchor / docks / prior lift not replayed.
