
[2026-10-06 08:20:21] === tuesday stats chain start ===
[2026-10-06 08:21:50] Loading D array...
  551 active players to fetch (QB/RB/WR/TE)

Fetching Sleeper player database...
  12229 players in Sleeper DB
  Matched 539/551 players to Sleeper IDs
  Unmatched (12): ['Kenneth Gainwell', 'Travis Hunter', 'Nathan Carter', 'Josh Palmer', 'Amare Thomas', 'Chip Trayanum', 'Jalil Farooq', 'Jayce Brown', 'Matthew Hibner', 'Rara Thomas', 'Romelo Brinson', 'Kyle Juszczyk']

Fetching Sleeper weekly stats (2017-2026)...
  2017: .................
  2018: .................
  2019: .................
  2020: .................
  2021: ..................
  2022: ..................
  2023: ..................
  2024: ..................
  2025: ..................
  2026: ..................
  Sleeper data collected for 512 players

34 players need pre-2017 data (nflfastr)
  Fetching years: 2007-2016
  2007: 2 rows matched
  2008: 35 rows matched
  2009: 45 rows matched
  2010: 41 rows matched
  2011: 70 rows matched
  2012: 80 rows matched
  2013: 140 rows matched
  2014: 212 rows matched
  2015: 271 rows matched
  2016: 414 rows matched

Merging with existing data...
  Loaded 494 existing players

Finalizing output...

============================================================
DONE! weekly_stats_active.js written
  Players: 494
  File size: 2,905,625 bytes (2.8 MB)
  By position: {'QB': 78, 'RB': 128, 'TE': 94, 'WR': 194}
  D coverage: 479/551 active players
  Still missing (72): ['Aaron Anderson', 'Adam Randall', 'Amare Thomas', 'Anthony Smith', 'Behren Morton', 'CJ Daniels', 'Carson Beck', 'Caullin Lacy', 'Chase Roberts', 'Chip Trayanum', 'Chris Brazzell II', 'Cole Payton', 'Coleman Bennett', 'DJ Rogers', "Dae'Quan Wright"]...

[2026-10-06 08:21:50] Loading E:\MyFantasyFootball\MyFantasyFootball Files\data\weekly_stats_active.js ...
  494 players in source file

DONE ΓÇö wrote E:\MyFantasyFootball\MyFantasyFootball Files\data\player_weekly_sigma.js  (60.5 KB)
  Players with ╧â:        369
  Skipped (too few games): 18
  Skipped (no recent data): 107

132 starter-caliber players (╬╝ ΓëÑ 8 PPG, ΓëÑ 16 games)

Top 10 most boom/bust:
  Michael Wilson                       ╧â%=0.88  ╧â_abs=7.3  ╬╝=8.2  trend=+0.49  (35g)
  Mark Andrews                         ╧â%=0.80  ╧â_abs=6.8  ╬╝=8.5  trend=+0.21  (36g)
  Tucker Kraft                         ╧â%=0.77  ╧â_abs=7.3  ╬╝=9.4  trend=-0.04  (34g)
  Jameis Winston                       ╧â%=0.77  ╧â_abs=6.7  ╬╝=8.7  trend=-0.74  (17g)
  D.J. Moore                           ╧â%=0.75  ╧â_abs=7.6  ╬╝=10.2  trend=+0.17  (39g)
  Amari Cooper                         ╧â%=0.75  ╧â_abs=6.5  ╬╝=8.6  trend=+0.18  (24g)
  Brian Robinson Jr.                   ╧â%=0.74  ╧â_abs=6.1  ╬╝=8.3  trend=+0.51  (36g)
  Rico Dowdle                          ╧â%=0.73  ╧â_abs=8.0  ╬╝=10.8  trend=+0.27  (38g)
  Jameson Williams                     ╧â%=0.73  ╧â_abs=7.0  ╬╝=9.7  trend=+0.12  (33g)
  Quentin Johnston                     ╧â%=0.72  ╧â_abs=6.0  ╬╝=8.3  trend=-0.01  (36g)

Top 10 most consistent:
  Kyler Murray                         ╧â%=0.20  ╧â_abs=3.4  ╬╝=17.1  trend=-0.29  (22g)
  Brock Purdy                          ╧â%=0.24  ╧â_abs=4.3  ╬╝=18.0  trend=-0.17  (30g)
  Drake Maye                           ╧â%=0.25  ╧â_abs=4.7  ╬╝=18.6  trend=-0.15  (22g)
  Matthew Stafford                     ╧â%=0.30  ╧â_abs=5.5  ╬╝=18.0  trend=-0.14  (38g)
  Derek Carr                           ╧â%=0.31  ╧â_abs=4.4  ╬╝=14.3  trend=-0.10  (23g)
  Trevor Lawrence                      ╧â%=0.31  ╧â_abs=5.3  ╬╝=16.9  trend=-0.13  (36g)
  Patrick Mahomes                      ╧â%=0.33  ╧â_abs=6.5  ╬╝=19.9  trend=+0.09  (39g)
  Jared Goff                           ╧â%=0.33  ╧â_abs=5.8  ╬╝=17.7  trend=-0.07  (39g)
  Jayden Daniels                       ╧â%=0.33  ╧â_abs=6.0  ╬╝=18.2  trend=-0.04  (20g)
  Bucky Irving                         ╧â%=0.33  ╧â_abs=4.7  ╬╝=14.1  trend=-0.39  (19g)

Biggest year-over-year volatility shifts (starters):
  Jameis Winston                       Γåômore consistent      trend=-0.74  ╧â%=0.77  ╬╝=8.7
  Brian Robinson Jr.                   Γåæmore boom/bust       trend=+0.51  ╧â%=0.74  ╬╝=8.3
  Michael Wilson                       Γåæmore boom/bust       trend=+0.49  ╧â%=0.88  ╬╝=8.2
  Mac Jones                            Γåômore consistent      trend=-0.45  ╧â%=0.56  ╬╝=10.9
  Chris Olave                          Γåômore consistent      trend=-0.44  ╧â%=0.45  ╬╝=10.3
  Zach Charbonnet                      Γåômore consistent      trend=-0.43  ╧â%=0.52  ╬╝=8.9
  David Montgomery                     Γåæmore boom/bust       trend=+0.41  ╧â%=0.61  ╬╝=12.8
  Bucky Irving                         Γåômore consistent      trend=-0.39  ╧â%=0.33  ╬╝=14.1
  Alec Pierce                          Γåômore consistent      trend=-0.38  ╧â%=0.54  ╬╝=8.4
  Javonte Williams                     Γåômore consistent      trend=-0.37  ╧â%=0.43  ╬╝=11.9

[2026-10-06 08:21:53] scoring W4 (latest lock with actuals)
archived consensus -> E:\MyFantasyFootball\sim_lab\data\weekly_consensus_w4.json
scorecard W4 -> E:\MyFantasyFootball\sim_lab\scorecards\w4.log
scored rows: 726 skill + 124 K + 128 DST across weeks [1, 2, 3, 4]
  QB: n=129 anchored=121  propW 0.70 -> 0.676 (best 0.65)  sigma x1.037 (inside 0.752)  TD ptd x1.067 rtd x1.061
  RB: n=185 anchored=168  propW 0.20 -> 0.105 (best 0.0)  sigma x0.952 (inside 0.876)  TD rtd x1.052 rctd x0.996
  WR: n=292 anchored=273  propW 0.70 -> 0.434 (best 0.15)  sigma x0.997 (inside 0.808)  TD rctd x0.995
  TE: n=120 anchored=108  propW 0.20 -> 0.105 (best 0.0)  sigma x1.036 (inside 0.75)  TD rctd x1.242
  BELOW-market starters: n= 81  belowW 0.70 -> 0.350 (best 0.0, actual under market 0.741)
  DST: n=128  shift -0.409 pts (evidence -0.818)  sigma x0.965 (inside 0.852)
  K : n=124  level x1.095 (ratio 1.19)  sigma x0.995 (inside 0.806)
wrote E:\MyFantasyFootball\sim_lab\data\sim_tuning.js

[2026-10-06 08:21:54] W1: 248 lined skill players with actuals (lock preset half)
W2: 242 lined skill players with actuals (lock preset half)
W3: 235 lined skill players with actuals (lock preset half)
W4: 243 lined skill players with actuals (lock preset half)

968 rows, 720 with a shadow mean | actual = weekly_stats_active fpts (half-PPR, same as the lock preset; verified on W1)

=== Anchor weight sweep, Clay-side base (jsMean) ===
  all lined rows             n= 968 MSE plain/weighted by w -> 0.0:38.09/52.60  0.1:37.85/52.47  0.2:37.67/52.40  0.3:37.54/52.38  0.4:37.45/52.41  0.5:37.41/52.50  0.6:37.43/52.64  0.7:37.49/52.82  0.8:37.60/53.07  0.9:37.76/53.36  1.0:37.97/53.71   | best weighted w = 0.3
  QB                         n= 123 MSE plain/weighted by w -> 0.0:58.74/60.89  0.1:58.11/60.43  0.2:57.60/60.10  0.3:57.22/59.88  0.4:56.96/59.79  0.5:56.82/59.81  0.6:56.81/59.95  0.7:56.92/60.21  0.8:57.15/60.59  0.9:57.51/61.09  1.0:57.99/61.71   | best weighted w = 0.4
  RB                         n= 242 MSE plain/weighted by w -> 0.0:36.40/51.89  0.1:36.30/51.80  0.2:36.24/51.73  0.3:36.22/51.69  0.4:36.23/51.69  0.5:36.27/51.72  0.6:36.34/51.79  0.7:36.45/51.88  0.8:36.59/52.01  0.9:36.77/52.17  1.0:36.98/52.36   | best weighted w = 0.4
  WR                         n= 399 MSE plain/weighted by w -> 0.0:39.19/59.70  0.1:38.86/59.49  0.2:38.57/59.33  0.3:38.34/59.22  0.4:38.14/59.16  0.5:38.00/59.16  0.6:37.90/59.21  0.7:37.84/59.32  0.8:37.83/59.48  0.9:37.86/59.69  1.0:37.94/59.95   | best weighted w = 0.5
  TE                         n= 204 MSE plain/weighted by w -> 0.0:25.49/36.29  0.1:25.52/36.45  0.2:25.58/36.67  0.3:25.67/36.92  0.4:25.79/37.22  0.5:25.94/37.56  0.6:26.12/37.94  0.7:26.33/38.36  0.8:26.56/38.83  0.9:26.83/39.33  1.0:27.13/39.88   | best weighted w = 0.0
  week 1                     n= 248 MSE plain/weighted by w -> 0.0:42.03/58.61  0.1:41.59/58.30  0.2:41.22/58.06  0.3:40.92/57.88  0.4:40.68/57.78  0.5:40.52/57.75  0.6:40.42/57.79  0.7:40.39/57.91  0.8:40.44/58.09  0.9:40.55/58.34  1.0:40.73/58.67   | best weighted w = 0.5
  week 2                     n= 242 MSE plain/weighted by w -> 0.0:35.75/55.07  0.1:35.75/55.19  0.2:35.80/55.37  0.3:35.91/55.61  0.4:36.08/55.92  0.5:36.31/56.28  0.6:36.59/56.71  0.7:36.93/57.19  0.8:37.33/57.74  0.9:37.79/58.35  1.0:38.30/59.02   | best weighted w = 0.0
  week 3                     n= 235 MSE plain/weighted by w -> 0.0:36.53/46.63  0.1:36.09/46.28  0.2:35.69/45.97  0.3:35.33/45.71  0.4:35.02/45.49  0.5:34.75/45.31  0.6:34.51/45.17  0.7:34.32/45.07  0.8:34.18/45.02  0.9:34.07/45.01  1.0:34.01/45.04   | best weighted w = 0.9
  week 4                     n= 243 MSE plain/weighted by w -> 0.0:37.90/49.66  0.1:37.85/49.70  0.2:37.83/49.78  0.3:37.83/49.90  0.4:37.87/50.04  0.5:37.93/50.23  0.6:38.02/50.44  0.7:38.14/50.69  0.8:38.28/50.97  0.9:38.46/51.29  1.0:38.66/51.64   | best weighted w = 0.0
  shipped 0.7: MSE 37.49 | market alone 37.97 | model alone 38.09 | bias act/proj shipped 0.986, market 0.960, model 1.052

=== Same sweep with the Clay-free SHADOW underneath (rows that carry ncMean) ===
  shadow base                n= 720 MSE plain/weighted by w -> 0.0:36.12/51.84  0.1:35.90/51.46  0.2:35.75/51.17  0.3:35.68/50.97  0.4:35.66/50.85  0.5:35.72/50.82  0.6:35.84/50.88  0.7:36.04/51.02  0.8:36.30/51.25  0.9:36.62/51.57  1.0:37.02/51.97   | best weighted w = 0.5
  Clay base, same rows       n= 720 MSE plain/weighted by w -> 0.0:36.73/50.50  0.1:36.57/50.44  0.2:36.45/50.43  0.3:36.37/50.46  0.4:36.34/50.54  0.5:36.35/50.66  0.6:36.40/50.83  0.7:36.49/51.05  0.8:36.62/51.31  0.9:36.80/51.62  1.0:37.02/51.97   | best weighted w = 0.2
  w=0.0: anchored shadow vs anchored Clay +2.66% weighted, -1.67% plain
  w=0.5: anchored shadow vs anchored Clay +0.32% weighted, -1.72% plain
  w=0.7: anchored shadow vs anchored Clay -0.05% weighted, -1.24% plain
  w=1.0: anchored shadow vs anchored Clay +0.00% weighted, +0.00% plain

968 lined player-weeks over 4 scored week(s): best weighted anchor weight on the Clay-side base = 0.3 (shipped 0.7). Shadow sweep included.
wrote data/anchor_sweep.js

[2026-10-06 08:22:43] d.js players: 630 (694 name variants)
2012: 0 rows, 0 matched to d.js players
2013: 5998 rows, 148 matched to d.js players
2014: 6087 rows, 234 matched to d.js players
2015: 6060 rows, 298 matched to d.js players
2016: 6051 rows, 466 matched to d.js players
2017: 6138 rows, 773 matched to d.js players
2018: 6109 rows, 1030 matched to d.js players
2019: 6043 rows, 1382 matched to d.js players
2020: 6239 rows, 1599 matched to d.js players
2021: 6688 rows, 2159 matched to d.js players
2022: 6609 rows, 2699 matched to d.js players
2023: 6677 rows, 3496 matched to d.js players
2024: 6624 rows, 4205 matched to d.js players
2025: 6604 rows, 4945 matched to d.js players
2026: 1570 rows, 1329 matched to d.js players
team 1999: 32 teams
team 2000: 31 teams
team 2001: 31 teams
team 2002: 32 teams
team 2003: 32 teams
team 2004: 32 teams
team 2005: 32 teams
team 2006: 32 teams
team 2007: 32 teams
team 2008: 32 teams
team 2009: 32 teams
team 2010: 32 teams
team 2011: 32 teams
team 2012: 32 teams
team 2013: 32 teams
team 2014: 32 teams
team 2015: 32 teams
team 2016: 32 teams
team 2017: 32 teams
team 2018: 32 teams
team 2019: 32 teams
team 2020: 32 teams
team 2021: 32 teams
team 2022: 32 teams
team 2023: 32 teams
team 2024: 32 teams
team 2025: 32 teams
team 2026: 32 teams
wrote E:\MyFantasyFootball\MyFantasyFootball Files\data\snap_counts.js: 468 players, 28 team seasons, 459 KB

[2026-10-06 08:22:45] d.js RB/WR/TE targets: 459
  2026: PFF weekly exports for weeks [1, 2, 3, 4]
  2026: ratio medians by pos {RB: 0.97, TE: 1.02, WR: 1.08}
  2026: WARNING 2 player-weeks had routes > team dropbacks (clamped to 100) - check the dropback definition
  2026: 339 players (pff-weekly, 1s); 16 with estimated weeks pending PFF, 5 estimate-only
wrote E:\MyFantasyFootball\MyFantasyFootball Files\data\route_pct.js: 395 players, 178 KB

[2026-10-06 08:22:47] site weekly stats committed + pushed
[2026-10-06 08:22:48] wrote E:\MyFantasyFootball\js_model_site\data\volume_share_model.js: 388 players, 32 teams (lg 25.3 tgt/g, 23.9 car/g)

[2026-10-06 08:23:25] IR out for 2026: 5 -> brandon aiyuk, chris brazzell, devon achane, jayden higgins, ricky pearsall
Jacks boards: {'jR': 662, 'jSf': 662, 'jDy': 662, 'jDsf': 662}  tiers: {'rank': 14, 'jSf': 4, 'jDy': 4, 'jDsf': 7}  updated: 2026-10-05T19:14:18.691Z
Clay projections: 468  def grades: 32  kicker splits: 29  team byes: 32
KTC SF: 500  KTC 1QB: 500  Sleeper names: 4119
Players: 630  sleeper-id matched: 622  KTC-SF matched: 424  JM matched: 484
Wrote 630 players + 36 pick assets -> sleeper-extension/data/players.json
Synced copy -> espn-extension/data/players.json
Synced copy -> yahoo-extension/data/players.json
Wrote sleeper-extension/data/sim_pack.js
Wrote espn-extension/data/sim_pack.js
Wrote yahoo-extension/data/sim_pack.js
Synced ../sim_lab/engine.js -> sleeper-extension/engine_sim.js
Synced ../sim_lab/overrides.js -> sleeper-extension/data/sim_overrides.js
Synced ../sim_lab/engine.js -> espn-extension/engine_sim.js
Synced ../sim_lab/overrides.js -> espn-extension/data/sim_overrides.js
Synced ../sim_lab/engine.js -> yahoo-extension/engine_sim.js
Synced ../sim_lab/overrides.js -> yahoo-extension/data/sim_overrides.js

[2026-10-06 08:23:26] === done ===
