W1: 170 skill rows scored (mean >= 5.0)

=== 1. bias (proj − act) and MAE by position ===
  pos   n         SHIPPED              JS            Clay            prop       consensus            ESPN
  QB   28    +0.10 /  6.48  -1.81 /  6.96  -1.86 /  7.03  -0.00 /  6.50  -0.50 /  6.85  -1.58 /  6.64
  RB   44    -0.78 /  5.58  -1.23 /  5.56  -1.27 /  5.60  -0.78 /  5.62  -1.17 /  5.60  -0.95 /  5.91
  WR   71    +0.99 /  5.55  +0.21 /  5.30  +0.24 /  5.33  +0.83 /  5.49  +0.69 /  5.44  +0.36 /  5.32
  TE   27    +0.19 /  5.37  -0.69 /  5.12  -0.76 /  5.26  +0.00 /  5.29  -0.34 /  5.33  -0.73 /  5.12
  ALL 170    +0.26 /  5.69  -0.64 /  5.61  -0.65 /  5.67  +0.15 /  5.66  -0.15 /  5.70  -0.47 /  5.66

=== 2. K + DST (fitted Vegas models, first live grade) ===
  K   n=29  SHIPPED bias -0.47 MAE  3.42 | model bias -0.99 MAE  3.51 | prop bias -0.50 MAE  3.40 | consensus bias -2.02 MAE  3.47 | band inside 83%
    proj mean 7.97 vs actual mean 8.45; Spearman -0.08
  DST n=30  SHIPPED bias +0.61 MAE  3.90 | model bias +0.64 MAE  3.90 | band inside 93%
    proj mean 6.31 vs actual mean 5.70; Spearman +0.33

=== 3. PROP_W sweep (market anchor weight; shipped .70) ===
  163 rows with a direct-line anchor that moved the mean
  market-implied MAE 5.763 | model base MAE 5.621
  w:   0.00  0.30  0.50  0.60  0.70  0.80  0.90  1.00
  MAE: 5.62  5.60  5.63  5.65  5.67  5.69  5.73  5.76
    QB n= 28: 6.96  6.76  6.63  6.50  6.46  6.49
    RB n= 43: 5.64  5.62  5.66  5.70  5.74  5.76
    WR n= 66: 5.28  5.33  5.41  5.49  5.58  5.62
    TE n= 26: 5.00  5.00  5.08  5.18  5.28  5.33

=== 4. JS × consensus blend (MAE) ===
  w(cons): 0.0  0.2  0.5  0.8  1.0   | shipped
  MAE:     5.61  5.60  5.63  5.65  5.70   | 5.69

=== 5. tier buckets by shipped mean: bias / MAE / act÷proj ===
  [ 5, 9) n= 65  bias +0.64  MAE  4.58  act/proj 0.909
  [ 9,13) n= 50  bias +0.80  MAE  5.42  act/proj 0.926
  [13,17) n= 30  bias -1.05  MAE  6.43  act/proj 1.070
  [17,99) n= 25  bias -0.26  MAE  8.18  act/proj 1.014

=== 6. team implied-total terciles: act÷proj (Vegas elasticity check) ===
  low  implied (n= 40, avg 18.7): act/proj 0.836  bias +1.69
  mid  implied (n= 62, avg 22.4): act/proj 1.135  bias -1.52
  high implied (n= 68, avg 25.7): act/proj 0.914  bias +1.04

=== 7. rank accuracy per position: Spearman | top-12 overlap (of 12) ===
  pos          SHIPPED              JS            Clay            prop       consensus            ESPN
  QB      +0.35 |  7/12     +0.25 |  7/12     +0.21 |  6/12     +0.36 |  7/12     +0.24 |  7/12     +0.27 |  6/12   
  RB      +0.70 |  6/12     +0.67 |  6/12     +0.67 |  6/12     +0.68 |  6/12     +0.66 |  5/12     +0.60 |  7/12   
  WR      +0.42 |  6/12     +0.37 |  5/12     +0.36 |  4/12     +0.43 |  5/12     +0.40 |  5/12     +0.40 |  5/12   
  TE      +0.33 |  8/12     +0.24 |  7/12     +0.13 |  6/12     +0.31 |  8/12     +0.20 |  7/12     +0.23 |  6/12   

=== 8. stat-component bias: projected comps vs actual stat line (per game, played rows) ===
  QB: py 226.6→224.8 (-1%) | ptd 1.4→1.6 (+15%) | ry 18.8→20.2 (+8%) | rtd 0.2→0.3 (+60%)
  RB: ry 55.0→55.8 (+1%) | rtd 0.4→0.6 (+45%) | rec 2.3→2.4 (+7%) | rcy 17.5→17.4 (-1%) | rctd 0.1→0.2 (+50%)
  WR: ry 1.9→1.1 (-44%) | rec 3.9→3.7 (-5%) | rcy 51.3→50.7 (-1%) | rctd 0.3→0.3 (+3%)
  TE: rec 3.7→3.4 (-9%) | rcy 37.9→37.6 (-1%) | rctd 0.2→0.4 (+68%)

=== 9. band calibration by tier (inside / below p10 / above p90) ===
  [ 5, 9) n= 65  inside   75%  below   14%  above   11%   avg (p90−p10)/mean 1.94
  [ 9,13) n= 50  inside   88%  below    4%  above    8%   avg (p90−p10)/mean 1.78
  [13,17) n= 30  inside   83%  below    3%  above   13%   avg (p90−p10)/mean 1.45
  [17,99) n= 25  inside   76%  below   12%  above   12%   avg (p90−p10)/mean 1.13
