=== Week-1 usage as a preseason-chart stand-in (target = PPG after the first game) ===
  2019: samples so far 1946
  2020: samples so far 4039
  2021: samples so far 6624
  2022: samples so far 9329
  2023: samples so far 12576
  2024: samples so far 15995
  2025: samples so far 19064
  skipped: {'weekly': 385, 'team': 251}
  week-1 route rows matched 994 / 1202 non-QB | snap rows matched 1291 / 1404
  1404 player-seasons with 3+ games after the first | route features on 994, snap features on 1291

--- LOYO: cell = vs Clay (seasons won) [vs v2.16 prior, seasons won]; importance-weighted ---
  v2.16 (LIVE + jm)              top 60  +5.9% (2/7) [+0.00% 0/7] | 61-100  +1.6% (3/7) [+0.00% 0/7] | 101-150  -4.4% (4/7) [+0.00% 0/7] | top 150  +3.6% (2/7) [+0.00% 0/7] | top 150 WR  -0.5% (4/7) [+0.00% 0/7] | top 150 RB  -0.4% (3/7) [+0.00% 0/7] | top 150 TE +10.4% (4/7) [+0.00% 0/7]
  + routes wk1                   top 60  +6.1% (2/7) [+0.24% 3/7] | 61-100  +0.5% (4/7) [-1.09% 5/7] | 101-150  -6.1% (4/7) [-1.76% 7/7] | top 150  +3.3% (2/7) [-0.27% 5/7] | top 150 WR  -2.2% (4/7) [-1.73% 5/7] | top 150 RB  +0.6% (2/7) [+1.02% 1/7] | top 150 TE  +8.2% (4/7) [-1.96% 4/7]
  + snaps wk1                    top 60  +6.4% (2/7) [+0.49% 4/7] | 61-100  -0.5% (5/7) [-2.04% 5/7] | 101-150  -6.0% (5/7) [-1.66% 6/7] | top 150  +3.3% (2/7) [-0.24% 4/7] | top 150 WR  -1.9% (4/7) [-1.40% 4/7] | top 150 RB  +0.4% (2/7) [+0.74% 2/7] | top 150 TE  +9.9% (4/7) [-0.46% 4/7]
  + routes + snaps wk1           top 60  +7.1% (2/7) [+1.13% 2/7] | 61-100  -0.8% (5/7) [-2.36% 5/7] | 101-150  -5.5% (5/7) [-1.15% 5/7] | top 150  +3.8% (3/7) [+0.21% 4/7] | top 150 WR  -1.7% (4/7) [-1.21% 5/7] | top 150 RB  +1.3% (2/7) [+1.72% 2/7] | top 150 TE  +9.3% (4/7) [-0.95% 4/7]
  ridge alone + routes + snaps   top 60  +9.5% (1/7) [+3.41% 2/7] | 61-100  +1.3% (3/7) [-0.27% 4/7] | 101-150  -3.9% (5/7) [+0.60% 5/7] | top 150  +6.0% (1/7) [+2.38% 3/7] | top 150 WR  -1.6% (4/7) [-1.12% 4/7] | top 150 RB  +1.5% (2/7) [+1.89% 4/7] | top 150 TE +18.4% (2/7) [+7.30% 2/7]
  0.5 (+routes+snaps) + 0.5 Clay top 60  -1.4% (4/7) [-6.83% 5/7] | 61-100  -5.2% (6/7) [-6.75% 6/7] | 101-150  -7.5% (6/7) [-3.23% 4/7] | top 150  -3.0% (4/7) [-6.32% 5/7] | top 150 WR  -4.3% (5/7) [-3.75% 5/7] | top 150 RB  -5.1% (5/7) [-4.74% 6/7] | top 150 TE  -3.2% (4/7) [-12.29% 4/7]

--- FORWARD 2021-25 ---
  forward v2.16 (LIVE + jm)      top 60  +5.0% (2/5) [+0.00% 0/5] | 61-100  -0.6% (1/5) [+0.00% 0/5] | 101-150  -6.9% (4/5) [+0.00% 0/5] | top 150  +2.1% (2/5) [+0.00% 0/5] | top 150 WR  -3.9% (3/5) [+0.00% 0/5] | top 150 RB  +2.1% (2/5) [+0.00% 0/5] | top 150 TE  +0.8% (3/5) [+0.00% 0/5]
  forward + routes wk1           top 60  +5.8% (2/5) [+0.77% 1/5] | 61-100  -2.3% (3/5) [-1.68% 4/5] | 101-150  -8.3% (4/5) [-1.60% 4/5] | top 150  +2.2% (2/5) [+0.03% 3/5] | top 150 WR  -4.2% (3/5) [-0.32% 3/5] | top 150 RB  +2.8% (2/5) [+0.60% 1/5] | top 150 TE  -1.4% (3/5) [-2.21% 2/5]
  forward + snaps wk1            top 60  +6.3% (2/5) [+1.18% 2/5] | 61-100  -1.1% (3/5) [-0.46% 3/5] | 101-150  -7.7% (4/5) [-0.91% 3/5] | top 150  +2.8% (2/5) [+0.60% 2/5] | top 150 WR  -4.8% (3/5) [-0.99% 2/5] | top 150 RB  +3.2% (2/5) [+1.06% 1/5] | top 150 TE  +5.4% (2/5) [+4.60% 2/5]
  forward + routes + snaps wk1   top 60  +6.5% (2/5) [+1.44% 1/5] | 61-100  -1.0% (2/5) [-0.38% 1/5] | 101-150  -7.4% (4/5) [-0.62% 4/5] | top 150  +3.0% (2/5) [+0.84% 1/5] | top 150 WR  -3.6% (3/5) [+0.27% 2/5] | top 150 RB  +3.5% (2/5) [+1.30% 3/5] | top 150 TE  +0.7% (3/5) [-0.14% 3/5]

--- the 47 top-60 rows where Clay sat 2+ above the prior: mean pred v2.16 13.32 -> +wk1 usage 13.27 (act 15.02, Clay 15.95) ---
  2019 Aaron Jones            RB adp   27 | snap1 0.61 rt_rate1  63.6 rt_share1 0.40 | v2.16  12.0 ->  12.0 | act  19.1 Clay  15.1
  2019 David Montgomery       RB adp   30 | snap1 0.38 rt_rate1  75.0 rt_share1 0.29 | v2.16   8.5 ->   8.5 | act  10.2 Clay  12.7
  2019 Derrick Henry          RB adp   40 | snap1 0.61 rt_rate1  71.4 rt_share1 0.48 | v2.16  11.3 ->  11.2 | act  18.4 Clay  14.8
  2019 Ezekiel Elliott        RB adp    4 | snap1 0.54 rt_rate1  70.0 rt_share1 0.45 | v2.16  16.5 ->  16.3 | act  18.1 Clay  20.2
  2019 Joe Mixon              RB adp   18 | snap1 0.37 rt_rate1  76.2 rt_share1 0.33 | v2.16  13.6 ->  13.7 | act  13.7 Clay  15.9
  2019 Saquon Barkley         RB adp    1 | snap1 0.79 rt_rate1  78.0 rt_share1 0.64 | v2.16  19.0 ->  19.2 | act  16.8 Clay  21.4
  2019 Travis Kelce           TE adp   17 | snap1 0.74 rt_rate1  72.2 rt_share1 0.79 | v2.16  12.0 ->  11.3 | act  13.0 Clay  14.5
  2020 Aaron Jones            RB adp   17 | snap1 0.54 rt_rate1  86.4 rt_share1 0.44 | v2.16  13.1 ->  13.1 | act  16.9 Clay  15.5
  2020 Alvin Kamara           RB adp    4 | snap1 0.66 rt_rate1  79.3 rt_share1 0.74 | v2.16  16.0 ->  15.7 | act  22.5 Clay  18.0
  2020 Ezekiel Elliott        RB adp    4 | snap1 0.88 rt_rate1  68.3 rt_share1 0.65 | v2.16  16.0 ->  16.3 | act  12.2 Clay  19.2
  2020 Kenyan Drake           RB adp   13 | snap1 0.71 rt_rate1  69.4 rt_share1 0.51 | v2.16  13.2 ->  13.3 | act  11.0 Clay  15.6
  2020 Miles Sanders          RB adp   14 | snap1 nan rt_rate1   nan rt_share1 nan | v2.16  12.9 ->  12.3 | act  12.5 Clay  15.9

Top 150 LOYO vs v2.16: + routes wk1 -0.27% (5/7); + snaps wk1 -0.24% (4/7); + routes + snaps wk1 +0.21% (4/7); ridge alone + routes + snaps +2.38% (3/7); 0.5 (+routes+snaps) + 0.5 Clay -6.32% (5/7). Forward: + routes wk1 +0.03% (3/5); + snaps wk1 +0.60% (2/5); + routes + snaps wk1 +0.84% (1/5).
wrote data/week1_usage.js (29s)
